Archive member included to satisfy reference by file (symbol)

C:/ti/simplelink_msp432p4_sdk_3_40_01_02/source/ti/devices/msp432p4xx/driverlib/ccs/msp432p4xx_driverlib.lib(adc14.o)
                              ./main.o (ADC14_configureMultiSequenceMode)
C:/ti/simplelink_msp432p4_sdk_3_40_01_02/source/ti/devices/msp432p4xx/driverlib/ccs/msp432p4xx_driverlib.lib(gpio.o)
                              ./main.o (GPIO_setAsInputPin)
C:/ti/simplelink_msp432p4_sdk_3_40_01_02/source/ti/devices/msp432p4xx/driverlib/ccs/msp432p4xx_driverlib.lib(interrupt.o)
                              C:/ti/simplelink_msp432p4_sdk_3_40_01_02/source/ti/devices/msp432p4xx/driverlib/ccs/msp432p4xx_driverlib.lib(adc14.o) (Interrupt_disableInterrupt)
C:/ti/simplelink_msp432p4_sdk_3_40_01_02/source/ti/devices/msp432p4xx/driverlib/ccs/msp432p4xx_driverlib.lib(spi.o)
                              ./LcdDriver/HAL_MSP_EXP432P401R_Crystalfontz128x128_ST7735.o (SPI_enableModule)
C:/ti/simplelink_msp432p4_sdk_3_40_01_02/source/ti/devices/msp432p4xx/driverlib/ccs/msp432p4xx_driverlib.lib(cpu.o)
                              C:/ti/simplelink_msp432p4_sdk_3_40_01_02/source/ti/devices/msp432p4xx/driverlib/ccs/msp432p4xx_driverlib.lib(interrupt.o) (CPU_basepriSet)
C:/ti/simplelink_msp432p4_sdk_3_40_01_02/source/ti/grlib/lib/gcc/m4f\grlib.a(circle.obj)
                              ./graphics.o (Graphics_fillCircle)
C:/ti/simplelink_msp432p4_sdk_3_40_01_02/source/ti/grlib/lib/gcc/m4f\grlib.a(context.obj)
                              ./main.o (Graphics_initContext)
C:/ti/simplelink_msp432p4_sdk_3_40_01_02/source/ti/grlib/lib/gcc/m4f\grlib.a(display.obj)
                              C:/ti/simplelink_msp432p4_sdk_3_40_01_02/source/ti/grlib/lib/gcc/m4f\grlib.a(context.obj) (Graphics_drawPixelOnDisplay)
C:/ti/simplelink_msp432p4_sdk_3_40_01_02/source/ti/grlib/lib/gcc/m4f\grlib.a(fontfixed6x8.obj)
                              ./main.o (g_sFontFixed6x8)
C:/ti/simplelink_msp432p4_sdk_3_40_01_02/source/ti/grlib/lib/gcc/m4f\grlib.a(line.obj)
                              C:/ti/simplelink_msp432p4_sdk_3_40_01_02/source/ti/grlib/lib/gcc/m4f\grlib.a(circle.obj) (Graphics_drawLineH)
C:/ti/simplelink_msp432p4_sdk_3_40_01_02/source/ti/grlib/lib/gcc/m4f\grlib.a(rectangle.obj)
                              ./graphics.o (Graphics_fillRectangle)
C:/ti/simplelink_msp432p4_sdk_3_40_01_02/source/ti/grlib/lib/gcc/m4f\grlib.a(string.obj)
                              ./graphics.o (Graphics_drawStringCentered)
c:/ti/ccs1011/ccs/tools/compiler/gcc-arm-none-eabi-9-2019-q4-major/bin/../lib/gcc/arm-none-eabi/9.2.1/../../../../arm-none-eabi/lib/thumb/v7e-m+fp/hard\libc_nano.a(lib_a-exit.o)
                              c:/ti/ccs1011/ccs/tools/compiler/gcc-arm-none-eabi-9-2019-q4-major/bin/../lib/gcc/arm-none-eabi/9.2.1/../../../../arm-none-eabi/lib/thumb/v7e-m+fp/hard/crt0.o (exit)
c:/ti/ccs1011/ccs/tools/compiler/gcc-arm-none-eabi-9-2019-q4-major/bin/../lib/gcc/arm-none-eabi/9.2.1/../../../../arm-none-eabi/lib/thumb/v7e-m+fp/hard\libc_nano.a(lib_a-impure.o)
                              c:/ti/ccs1011/ccs/tools/compiler/gcc-arm-none-eabi-9-2019-q4-major/bin/../lib/gcc/arm-none-eabi/9.2.1/../../../../arm-none-eabi/lib/thumb/v7e-m+fp/hard\libc_nano.a(lib_a-exit.o) (_global_impure_ptr)
c:/ti/ccs1011/ccs/tools/compiler/gcc-arm-none-eabi-9-2019-q4-major/bin/../lib/gcc/arm-none-eabi/9.2.1/../../../../arm-none-eabi/lib/thumb/v7e-m+fp/hard\libc_nano.a(lib_a-init.o)
                              c:/ti/ccs1011/ccs/tools/compiler/gcc-arm-none-eabi-9-2019-q4-major/bin/../lib/gcc/arm-none-eabi/9.2.1/../../../../arm-none-eabi/lib/thumb/v7e-m+fp/hard/crt0.o (__libc_init_array)
c:/ti/ccs1011/ccs/tools/compiler/gcc-arm-none-eabi-9-2019-q4-major/bin/../lib/gcc/arm-none-eabi/9.2.1/../../../../arm-none-eabi/lib/thumb/v7e-m+fp/hard\libc_nano.a(lib_a-malloc.o)
                              ./snake.o (malloc)
c:/ti/ccs1011/ccs/tools/compiler/gcc-arm-none-eabi-9-2019-q4-major/bin/../lib/gcc/arm-none-eabi/9.2.1/../../../../arm-none-eabi/lib/thumb/v7e-m+fp/hard\libc_nano.a(lib_a-memset.o)
                              c:/ti/ccs1011/ccs/tools/compiler/gcc-arm-none-eabi-9-2019-q4-major/bin/../lib/gcc/arm-none-eabi/9.2.1/../../../../arm-none-eabi/lib/thumb/v7e-m+fp/hard/crt0.o (memset)
c:/ti/ccs1011/ccs/tools/compiler/gcc-arm-none-eabi-9-2019-q4-major/bin/../lib/gcc/arm-none-eabi/9.2.1/../../../../arm-none-eabi/lib/thumb/v7e-m+fp/hard\libc_nano.a(lib_a-nano-freer.o)
                              c:/ti/ccs1011/ccs/tools/compiler/gcc-arm-none-eabi-9-2019-q4-major/bin/../lib/gcc/arm-none-eabi/9.2.1/../../../../arm-none-eabi/lib/thumb/v7e-m+fp/hard\libc_nano.a(lib_a-malloc.o) (_free_r)
c:/ti/ccs1011/ccs/tools/compiler/gcc-arm-none-eabi-9-2019-q4-major/bin/../lib/gcc/arm-none-eabi/9.2.1/../../../../arm-none-eabi/lib/thumb/v7e-m+fp/hard\libc_nano.a(lib_a-nano-mallocr.o)
[...]
Memory Configuration

Name             Origin             Length             Attributes
MAIN_FLASH       0x00000000         0x00040000         xr
INFO_FLASH       0x00200000         0x00004000         xr
SRAM_CODE        0x01000000         0x00010000         xrw
SRAM_DATA        0x20000000         0x00010000         rw
*default*        0x00000000         0xffffffff

Linker script and memory map

LOAD c:/ti/ccs1011/ccs/tools/compiler/gcc-arm-none-eabi-9-2019-q4-major/bin/../lib/gcc/arm-none-eabi/9.2.1/thumb/v7e-m+fp/hard/crti.o
LOAD c:/ti/ccs1011/ccs/tools/compiler/gcc-arm-none-eabi-9-2019-q4-major/bin/../lib/gcc/arm-none-eabi/9.2.1/thumb/v7e-m+fp/hard/crtbegin.o
LOAD c:/ti/ccs1011/ccs/tools/compiler/gcc-arm-none-eabi-9-2019-q4-major/bin/../lib/gcc/arm-none-eabi/9.2.1/../../../../arm-none-eabi/lib/thumb/v7e-m+fp/hard/crt0.o
LOAD ./apple.o
LOAD ./graphics.o
LOAD ./main.o
LOAD ./snake.o
LOAD ./system_msp432p401r.o
LOAD ./LcdDriver/Crystalfontz128x128_ST7735.o
LOAD ./LcdDriver/HAL_MSP_EXP432P401R_Crystalfontz128x128_ST7735.o
LOAD ./gcc/startup_msp432p401r_gcc.o
                0x00000000                PROVIDE (_intvecs_base_address = DEFINED (_intvecs_base_address)?_intvecs_base_address:0x0)

.intvecs        0x00000000       0xe4
 *(.intvecs)
 .intvecs       0x00000000       0xe4 ./gcc/startup_msp432p401r_gcc.o
                0x00000000                interruptVectors
                0x00200000                PROVIDE (_mailbox_base_address = 0x200000)

.flashMailbox
 *(.flashMailbox)
                0x00201000                PROVIDE (_tlv_base_address = 0x201000)

.tlvTable
 *(.tlvTable)
                0x00202000                PROVIDE (_bsl_base_address = 0x202000)

.bslArea
 *(.bslArea)
                0x20000000                PROVIDE (_vtable_base_address = DEFINED (_vtable_base_address)?_vtable_base_address:0x20000000)

.vtable         0x20000000       0xe8
 *(.vtable)
 *fill*         0x20000000        0x0 
 .vtable        0x20000000       0xe8 C:/ti/simplelink_msp432p4_sdk_3_40_01_02/source/ti/devices/msp432p4xx/driverlib/ccs/msp432p4xx_driverlib.lib(interrupt.o)
                0x20000000                g_pfnRAMVectors

.text           0x000000f0     0x2d14
 CREATE_OBJECT_SYMBOLS
 *(.text)
 .text          0x000000f0        0x0 c:/ti/ccs1011/ccs/tools/compiler/gcc-arm-none-eabi-9-2019-q4-major/bin/../lib/gcc/arm-none-eabi/9.2.1/thumb/v7e-m+fp/hard/crti.o
 .text          0x000000f0       0x40 c:/ti/ccs1011/ccs/tools/compiler/gcc-arm-none-eabi-9-2019-q4-major/bin/../lib/gcc/arm-none-eabi/9.2.1/thumb/v7e-m+fp/hard/crtbegin.o
 .text          0x00000130       0x74 c:/ti/ccs1011/ccs/tools/compiler/gcc-arm-none-eabi-9-2019-q4-major/bin/../lib/gcc/arm-none-eabi/9.2.1/../../../../arm-none-eabi/lib/thumb/v7e-m+fp/hard/crt0.o
                0x00000130                _start
                0x00000130                _mainCRTStartup
 .text          0x000001a4        0x0 ./apple.o
 .text          0x000001a4        0x0 ./graphics.o
 .text          0x000001a4        0x0 ./main.o
 .text          0x000001a4        0x0 ./snake.o
 .text          0x000001a4        0x0 ./system_msp432p401r.o
 .text          0x000001a4        0x0 ./LcdDriver/Crystalfontz128x128_ST7735.o
 .text          0x000001a4        0x0 ./LcdDriver/HAL_MSP_EXP432P401R_Crystalfontz128x128_ST7735.o
 .text          0x000001a4        0x0 ./gcc/startup_msp432p401r_gcc.o
 .text          0x000001a4        0x0 C:/ti/simplelink_msp432p4_sdk_3_40_01_02/source/ti/devices/msp432p4xx/driverlib/ccs/msp432p4xx_driverlib.lib(adc14.o)
 .text          0x000001a4        0x0 C:/ti/simplelink_msp432p4_sdk_3_40_01_02/source/ti/devices/msp432p4xx/driverlib/ccs/msp432p4xx_driverlib.lib(gpio.o)
 .text          0x000001a4        0x0 C:/ti/simplelink_msp432p4_sdk_3_40_01_02/source/ti/devices/msp432p4xx/driverlib/ccs/msp432p4xx_driverlib.lib(interrupt.o)
 .text          0x000001a4        0x0 C:/ti/simplelink_msp432p4_sdk_3_40_01_02/source/ti/devices/msp432p4xx/driverlib/ccs/msp432p4xx_driverlib.lib(spi.o)
 .text          0x000001a4        0x0 C:/ti/simplelink_msp432p4_sdk_3_40_01_02/source/ti/devices/msp432p4xx/driverlib/ccs/msp432p4xx_driverlib.lib(cpu.o)
 .text          0x000001a4        0x0 C:/ti/simplelink_msp432p4_sdk_3_40_01_02/source/ti/grlib/lib/gcc/m4f\grlib.a(circle.obj)
 .text          0x000001a4        0x0 C:/ti/simplelink_msp432p4_sdk_3_40_01_02/source/ti/grlib/lib/gcc/m4f\grlib.a(context.obj)
 .text          0x000001a4        0x0 C:/ti/simplelink_msp432p4_sdk_3_40_01_02/source/ti/grlib/lib/gcc/m4f\grlib.a(display.obj)
 .text          0x000001a4        0x0 C:/ti/simplelink_msp432p4_sdk_3_40_01_02/source/ti/grlib/lib/gcc/m4f\grlib.a(fontfixed6x8.obj)
 .text          0x000001a4        0x0 C:/ti/simplelink_msp432p4_sdk_3_40_01_02/source/ti/grlib/lib/gcc/m4f\grlib.a(line.obj)
 .text          0x000001a4        0x0 C:/ti/simplelink_msp432p4_sdk_3_40_01_02/source/ti/grlib/lib/gcc/m4f\grlib.a(rectangle.obj)
 .text          0x000001a4        0x0 C:/ti/simplelink_msp432p4_sdk_3_40_01_02/source/ti/grlib/lib/gcc/m4f\grlib.a(string.obj)
 .text          0x000001a4        0x0 c:/ti/ccs1011/ccs/tools/compiler/gcc-arm-none-eabi-9-2019-q4-major/bin/../lib/gcc/arm-none-eabi/9.2.1/../../../../arm-none-eabi/lib/thumb/v7e-m+fp/hard\libc_nano.a(lib_a-exit.o)
 .text          0x000001a4        0x0 c:/ti/ccs1011/ccs/tools/compiler/gcc-arm-none-eabi-9-2019-q4-major/bin/../lib/gcc/arm-none-eabi/9.2.1/../../../../arm-none-eabi/lib/thumb/v7e-m+fp/hard\libc_nano.a(lib_a-impure.o)
 .text          0x000001a4        0x0 c:/ti/ccs1011/ccs/tools/compiler/gcc-arm-none-eabi-9-2019-q4-major/bin/../lib/gcc/arm-none-eabi/9.2.1/../../../../arm-none-eabi/lib/thumb/v7e-m+fp/hard\libc_nano.a(lib_a-init.o)
 .text          0x000001a4        0x0 c:/ti/ccs1011/ccs/tools/compiler/gcc-arm-none-eabi-9-2019-q4-major/bin/../lib/gcc/arm-none-eabi/9.2.1/../../../../arm-none-eabi/lib/thumb/v7e-m+fp/hard\libc_nano.a(lib_a-malloc.o)
 .text          0x000001a4        0x0 c:/ti/ccs1011/ccs/tools/compiler/gcc-arm-none-eabi-9-2019-q4-major/bin/../lib/gcc/arm-none-eabi/9.2.1/../../../../arm-none-eabi/lib/thumb/v7e-m+fp/hard\libc_nano.a(lib_a-memset.o)
 .text          0x000001a4        0x0 c:/ti/ccs1011/ccs/tools/compiler/gcc-arm-none-eabi-9-2019-q4-major/bin/../lib/gcc/arm-none-eabi/9.2.1/../../../../arm-none-eabi/lib/thumb/v7e-m+fp/hard\libc_nano.a(lib_a-nano-freer.o)
 .text          0x000001a4        0x0 c:/ti/ccs1011/ccs/tools/compiler/gcc-arm-none-eabi-9-2019-q4-major/bin/../lib/gcc/arm-none-eabi/9.2.1/../../../../arm-none-eabi/lib/thumb/v7e-m+fp/hard\libc_nano.a(lib_a-nano-mallocr.o)
 .text          0x000001a4        0x0 c:/ti/ccs1011/ccs/tools/compiler/gcc-arm-none-eabi-9-2019-q4-major/bin/../lib/gcc/arm-none-eabi/9.2.1/../../../../arm-none-eabi/lib/thumb/v7e-m+fp/hard\libc_nano.a(lib_a-rand.o)
 .text          0x000001a4        0x0 c:/ti/ccs1011/ccs/tools/compiler/gcc-arm-none-eabi-9-2019-q4-major/bin/../lib/gcc/arm-none-eabi/9.2.1/../../../../arm-none-eabi/lib/thumb/v7e-m+fp/hard\libc_nano.a(lib_a-sbrkr.o)
 .text          0x000001a4        0x0 c:/ti/ccs1011/ccs/tools/compiler/gcc-arm-none-eabi-9-2019-q4-major/bin/../lib/gcc/arm-none-eabi/9.2.1/../../../../arm-none-eabi/lib/thumb/v7e-m+fp/hard\libc_nano.a(lib_a-sprintf.o)
 .text          0x000001a4        0x0 c:/ti/ccs1011/ccs/tools/compiler/gcc-arm-none-eabi-9-2019-q4-major/bin/../lib/gcc/arm-none-eabi/9.2.1/../../../../arm-none-eabi/lib/thumb/v7e-m+fp/hard\libc_nano.a(lib_a-time.o)
 .text          0x000001a4        0x0 c:/ti/ccs1011/ccs/tools/compiler/gcc-arm-none-eabi-9-2019-q4-major/bin/../lib/gcc/arm-none-eabi/9.2.1/../../../../arm-none-eabi/lib/thumb/v7e-m+fp/hard\libc_nano.a(lib_a-gettimeofdayr.o)
 .text          0x000001a4        0x0 c:/ti/ccs1011/ccs/tools/compiler/gcc-arm-none-eabi-9-2019-q4-major/bin/../lib/gcc/arm-none-eabi/9.2.1/../../../../arm-none-eabi/lib/thumb/v7e-m+fp/hard\libc_nano.a(lib_a-mlock.o)
 .text          0x000001a4        0x0 c:/ti/ccs1011/ccs/tools/compiler/gcc-arm-none-eabi-9-2019-q4-major/bin/../lib/gcc/arm-none-eabi/9.2.1/../../../../arm-none-eabi/lib/thumb/v7e-m+fp/hard\libc_nano.a(lib_a-nano-svfprintf.o)
 .text          0x000001a4        0x0 c:/ti/ccs1011/ccs/tools/compiler/gcc-arm-none-eabi-9-2019-q4-major/bin/../lib/gcc/arm-none-eabi/9.2.1/../../../../arm-none-eabi/lib/thumb/v7e-m+fp/hard\libc_nano.a(lib_a-nano-vfprintf_i.o)
 .text          0x000001a4        0x0 c:/ti/ccs1011/ccs/tools/compiler/gcc-arm-none-eabi-9-2019-q4-major/bin/../lib/gcc/arm-none-eabi/9.2.1/../../../../arm-none-eabi/lib/thumb/v7e-m+fp/hard\libc_nano.a(lib_a-reent.o)
 .text          0x000001a4        0x0 c:/ti/ccs1011/ccs/tools/compiler/gcc-arm-none-eabi-9-2019-q4-major/bin/../lib/gcc/arm-none-eabi/9.2.1/../../../../arm-none-eabi/lib/thumb/v7e-m+fp/hard\libc_nano.a(lib_a-lock.o)
 *fill*         0x000001a4        0xc 
 .text          0x000001b0       0xa0 c:/ti/ccs1011/ccs/tools/compiler/gcc-arm-none-eabi-9-2019-q4-major/bin/../lib/gcc/arm-none-eabi/9.2.1/../../../../arm-none-eabi/lib/thumb/v7e-m+fp/hard\libc_nano.a(lib_a-memchr.o)
                0x000001b0                memchr
 .text          0x00000250        0x0 c:/ti/ccs1011/ccs/tools/compiler/gcc-arm-none-eabi-9-2019-q4-major/bin/../lib/gcc/arm-none-eabi/9.2.1/../../../../arm-none-eabi/lib/thumb/v7e-m+fp/hard\libc_nano.a(lib_a-memcpy-stub.o)
 .text          0x00000250        0x0 c:/ti/ccs1011/ccs/tools/compiler/gcc-arm-none-eabi-9-2019-q4-major/bin/../lib/gcc/arm-none-eabi/9.2.1/../../../../arm-none-eabi/lib/thumb/v7e-m+fp/hard\libc_nano.a(lib_a-memmove.o)
 .text          0x00000250        0x0 c:/ti/ccs1011/ccs/tools/compiler/gcc-arm-none-eabi-9-2019-q4-major/bin/../lib/gcc/arm-none-eabi/9.2.1/../../../../arm-none-eabi/lib/thumb/v7e-m+fp/hard\libc_nano.a(lib_a-nano-reallocr.o)
 .text          0x00000250        0x0 c:/ti/ccs1011/ccs/tools/compiler/gcc-arm-none-eabi-9-2019-q4-major/bin/../lib/gcc/arm-none-eabi/9.2.1/../../../../arm-none-eabi/lib/thumb/v7e-m+fp/hard\libc_nano.a(lib_a-nano-msizer.o)
 .text          0x00000250        0x0 c:/ti/ccs1011/ccs/tools/compiler/gcc-arm-none-eabi-9-2019-q4-major/bin/../lib/gcc/arm-none-eabi/9.2.1/../../../../arm-none-eabi/lib/thumb/v7e-m+fp/hard\libnosys.a(gettod.o)
 .text          0x00000250        0x0 c:/ti/ccs1011/ccs/tools/compiler/gcc-arm-none-eabi-9-2019-q4-major/bin/../lib/gcc/arm-none-eabi/9.2.1/../../../../arm-none-eabi/lib/thumb/v7e-m+fp/hard\libnosys.a(sbrk.o)
 .text          0x00000250        0x0 c:/ti/ccs1011/ccs/tools/compiler/gcc-arm-none-eabi-9-2019-q4-major/bin/../lib/gcc/arm-none-eabi/9.2.1/../../../../arm-none-eabi/lib/thumb/v7e-m+fp/hard\libnosys.a(_exit.o)
 .text          0x00000250        0x0 c:/ti/ccs1011/ccs/tools/compiler/gcc-arm-none-eabi-9-2019-q4-major/bin/../lib/gcc/arm-none-eabi/9.2.1/thumb/v7e-m+fp/hard/crtend.o
 .text          0x00000250        0x0 c:/ti/ccs1011/ccs/tools/compiler/gcc-arm-none-eabi-9-2019-q4-major/bin/../lib/gcc/arm-none-eabi/9.2.1/thumb/v7e-m+fp/hard/crtn.o
 *(.text.*)
 .text.init_apple
                0x00000250       0x2c ./apple.o
                0x00000250                init_apple
 .text.get_rand
                0x0000027c       0x38 ./apple.o
                0x0000027c                get_rand
 .text._graphics_initMenu
                0x000002b4       0x8c ./graphics.o
                0x000002b4                _graphics_initMenu
 .text._graphics_drawSnake
                0x00000340       0x36 ./graphics.o
                0x00000340                _graphics_drawSnake
 *fill*         0x00000376        0x2 
 .text._graphics_drawNode
                0x00000378       0x64 ./graphics.o
                0x00000378                _graphics_drawNode
 .text._graphics_hideNode
                0x000003dc       0x3c ./graphics.o
                0x000003dc                _graphics_hideNode
 .text._graphics_lose
                0x00000418       0xb4 ./graphics.o
                0x00000418                _graphics_lose
 .text._graphics_drawApple
                0x000004cc       0x2c ./graphics.o
                0x000004cc                _graphics_drawApple
 .text._graphics_hideApple
                0x000004f8       0x40 ./graphics.o
                0x000004f8                _graphics_hideApple
 .text._graphicsInit
                0x00000538       0x4c ./main.o
                0x00000538                _graphicsInit
 .text._delayTimerInit
                0x00000584       0x60 ./main.o
                0x00000584                _delayTimerInit
 .text._pushButtonsInit
                0x000005e4       0x5c ./main.o
                0x000005e4                _pushButtonsInit
 .text._hwInit  0x00000640      0x1b8 ./main.o
                0x00000640                _hwInit
 .text._gameInit
                0x000007f8       0x58 ./main.o
                0x000007f8                _gameInit
 .text._menuInit
                0x00000850       0x34 ./main.o
                0x00000850                _menuInit
 .text.main     0x00000884       0x30 ./main.o
                0x00000884                main
 .text.draw     0x000008b4       0x28 ./main.o
                0x000008b4                draw
 .text.PORT1_IRQHandler
                0x000008dc       0x64 ./main.o
                0x000008dc                PORT1_IRQHandler
 .text.TA0_0_IRQHandler
                0x00000940       0xb8 ./main.o
                0x00000940                TA0_0_IRQHandler
 .text.setDefaultNextNode
                0x000009f8       0x4c ./main.o
                0x000009f8                setDefaultNextNode
 .text.ADC14_IRQHandler
                0x00000a44      0x1a8 ./main.o
                0x00000a44                ADC14_IRQHandler
 .text.s_init   0x00000bec       0x88 ./snake.o
                0x00000bec                s_init
 .text.s_contains
                0x00000c74       0x52 ./snake.o
                0x00000c74                s_contains
 *fill*         0x00000cc6        0x2 
 .text.s_move   0x00000cc8      0x108 ./snake.o
                0x00000cc8                s_move
 .text.s_add    0x00000dd0       0x4a ./snake.o
                0x00000dd0                s_add
 *fill*         0x00000e1a        0x2 
 .text.SystemInit
                0x00000e1c       0x80 ./system_msp432p401r.o
                0x00000e1c                SystemInit
 .text.Crystalfontz128x128_Init
                0x00000e9c      0x118 ./LcdDriver/Crystalfontz128x128_ST7735.o
                0x00000e9c                Crystalfontz128x128_Init
 .text.Crystalfontz128x128_SetDrawFrame
                0x00000fb4      0x120 ./LcdDriver/Crystalfontz128x128_ST7735.o
                0x00000fb4                Crystalfontz128x128_SetDrawFrame
 .text.Crystalfontz128x128_SetOrientation
                0x000010d4       0x60 ./LcdDriver/Crystalfontz128x128_ST7735.o
                0x000010d4                Crystalfontz128x128_SetOrientation
 .text.Crystalfontz128x128_PixelDraw
                0x00001134       0x4c ./LcdDriver/Crystalfontz128x128_ST7735.o
 .text.Crystalfontz128x128_PixelDrawMultiple
                0x00001180      0x22c ./LcdDriver/Crystalfontz128x128_ST7735.o
 .text.Crystalfontz128x128_LineDrawH
                0x000013ac       0x6c ./LcdDriver/Crystalfontz128x128_ST7735.o
 .text.Crystalfontz128x128_LineDrawV
                0x00001418       0x6c ./LcdDriver/Crystalfontz128x128_ST7735.o
 .text.Crystalfontz128x128_RectFill
                0x00001484       0x9c ./LcdDriver/Crystalfontz128x128_ST7735.o
 .text.Crystalfontz128x128_ColorTranslate
                0x00001520       0x32 ./LcdDriver/Crystalfontz128x128_ST7735.o
 .text.Crystalfontz128x128_Flush
                0x00001552       0x14 ./LcdDriver/Crystalfontz128x128_ST7735.o
 *fill*         0x00001566        0x2 
 .text.Crystalfontz128x128_ClearScreen
                0x00001568       0x34 ./LcdDriver/Crystalfontz128x128_ST7735.o
 .text.HAL_LCD_PortInit
                0x0000159c       0x34 ./LcdDriver/HAL_MSP_EXP432P401R_Crystalfontz128x128_ST7735.o
                0x0000159c                HAL_LCD_PortInit
 .text.HAL_LCD_SpiInit
                0x000015d0       0x48 ./LcdDriver/HAL_MSP_EXP432P401R_Crystalfontz128x128_ST7735.o
                0x000015d0                HAL_LCD_SpiInit
 .text.HAL_LCD_writeCommand
                0x00001618       0x54 ./LcdDriver/HAL_MSP_EXP432P401R_Crystalfontz128x128_ST7735.o
                0x00001618                HAL_LCD_writeCommand
 .text.HAL_LCD_writeData
                0x0000166c       0x48 ./LcdDriver/HAL_MSP_EXP432P401R_Crystalfontz128x128_ST7735.o
                0x0000166c                HAL_LCD_writeData
 .text.SysCtlDelay
                0x000016b4        0xa ./LcdDriver/HAL_MSP_EXP432P401R_Crystalfontz128x128_ST7735.o
                0x000016b4                SysCtlDelay
 *fill*         0x000016be        0x2 
 .text.Reset_Handler
                0x000016c0       0x44 ./gcc/startup_msp432p401r_gcc.o
                0x000016c0                Reset_Handler
 .text.Default_Handler
                0x00001704        0x6 ./gcc/startup_msp432p401r_gcc.o
                0x00001704                CS_IRQHandler
                0x00001704                DebugMon_Handler
                0x00001704                AES256_IRQHandler
                0x00001704                HardFault_Handler
                0x00001704                SysTick_Handler
                0x00001704                PendSV_Handler
                0x00001704                NMI_Handler
                0x00001704                RTC_C_IRQHandler
                0x00001704                FPU_IRQHandler
                0x00001704                PORT2_IRQHandler
                0x00001704                TA3_0_IRQHandler
                0x00001704                UsageFault_Handler
                0x00001704                DMA_INT3_IRQHandler
                0x00001704                TA2_0_IRQHandler
                0x00001704                DMA_INT1_IRQHandler
                0x00001704                WDT_A_IRQHandler
                0x00001704                TA2_N_IRQHandler
                0x00001704                TA1_0_IRQHandler
                0x00001704                PSS_IRQHandler
                0x00001704                DMA_INT2_IRQHandler
                0x00001704                EUSCIA3_IRQHandler
                0x00001704                DMA_INT0_IRQHandler
                0x00001704                PORT4_IRQHandler
                0x00001704                PORT5_IRQHandler
                0x00001704                EUSCIB0_IRQHandler
                0x00001704                Default_Handler
                0x00001704                T32_INTC_IRQHandler
                0x00001704                TA3_N_IRQHandler
                0x00001704                EUSCIA2_IRQHandler
                0x00001704                PORT6_IRQHandler
                0x00001704                PORT3_IRQHandler
                0x00001704                MemManage_Handler
                0x00001704                SVC_Handler
                0x00001704                TA1_N_IRQHandler
                0x00001704                EUSCIA1_IRQHandler
                0x00001704                COMP_E1_IRQHandler
                0x00001704                EUSCIB2_IRQHandler
                0x00001704                FLCTL_IRQHandler
                0x00001704                EUSCIB3_IRQHandler
                0x00001704                T32_INT1_IRQHandler
                0x00001704                DMA_ERR_IRQHandler
                0x00001704                EUSCIA0_IRQHandler
                0x00001704                BusFault_Handler
                0x00001704                PCM_IRQHandler
                0x00001704                TA0_N_IRQHandler
                0x00001704                COMP_E0_IRQHandler
                0x00001704                EUSCIB1_IRQHandler
                0x00001704                T32_INT2_IRQHandler
 .text.Graphics_fillCircle
                0x0000170a      0x248 C:/ti/simplelink_msp432p4_sdk_3_40_01_02/source/ti/grlib/lib/gcc/m4f\grlib.a(circle.obj)
                0x0000170a                Graphics_fillCircle
 .text.Graphics_initContext
                0x00001952       0x64 C:/ti/simplelink_msp432p4_sdk_3_40_01_02/source/ti/grlib/lib/gcc/m4f\grlib.a(context.obj)
                0x00001952                Graphics_initContext
 .text.Graphics_setBackgroundColor
                0x000019b6       0x2a C:/ti/simplelink_msp432p4_sdk_3_40_01_02/source/ti/grlib/lib/gcc/m4f\grlib.a(context.obj)
                0x000019b6                Graphics_setBackgroundColor
 .text.Graphics_setFont
                0x000019e0       0x24 C:/ti/simplelink_msp432p4_sdk_3_40_01_02/source/ti/grlib/lib/gcc/m4f\grlib.a(context.obj)
                0x000019e0                Graphics_setFont
 .text.Graphics_setForegroundColor
                0x00001a04       0x26 C:/ti/simplelink_msp432p4_sdk_3_40_01_02/source/ti/grlib/lib/gcc/m4f\grlib.a(context.obj)
                0x00001a04                Graphics_setForegroundColor
 .text.Graphics_clearDisplay
                0x00001a2a       0x22 C:/ti/simplelink_msp432p4_sdk_3_40_01_02/source/ti/grlib/lib/gcc/m4f\grlib.a(context.obj)
                0x00001a2a                Graphics_clearDisplay
 .text.Graphics_drawPixelOnDisplay
                0x00001a4c       0x36 C:/ti/simplelink_msp432p4_sdk_3_40_01_02/source/ti/grlib/lib/gcc/m4f\grlib.a(display.obj)
                0x00001a4c                Graphics_drawPixelOnDisplay
 .text.Graphics_drawHorizontalLineOnDisplay
                0x00001a82       0x40 C:/ti/simplelink_msp432p4_sdk_3_40_01_02/source/ti/grlib/lib/gcc/m4f\grlib.a(display.obj)
                0x00001a82                Graphics_drawHorizontalLineOnDisplay
 .text.Graphics_fillRectangleOnDisplay
                0x00001ac2       0x24 C:/ti/simplelink_msp432p4_sdk_3_40_01_02/source/ti/grlib/lib/gcc/m4f\grlib.a(display.obj)
                0x00001ac2                Graphics_fillRectangleOnDisplay
 .text.Graphics_translateColorOnDisplay
                0x00001ae6       0x20 C:/ti/simplelink_msp432p4_sdk_3_40_01_02/source/ti/grlib/lib/gcc/m4f\grlib.a(display.obj)
                0x00001ae6                Graphics_translateColorOnDisplay
 .text.Graphics_clearDisplayOnDisplay
                0x00001b06       0x22 C:/ti/simplelink_msp432p4_sdk_3_40_01_02/source/ti/grlib/lib/gcc/m4f\grlib.a(display.obj)
                0x00001b06                Graphics_clearDisplayOnDisplay
 .text.Graphics_drawLineH
                0x00001b28       0xb0 C:/ti/simplelink_msp432p4_sdk_3_40_01_02/source/ti/grlib/lib/gcc/m4f\grlib.a(line.obj)
                0x00001b28                Graphics_drawLineH
 .text.Graphics_fillRectangle
                0x00001bd8      0x11c C:/ti/simplelink_msp432p4_sdk_3_40_01_02/source/ti/grlib/lib/gcc/m4f\grlib.a(rectangle.obj)
                0x00001bd8                Graphics_fillRectangle
 .text.Graphics_getNumberOfLeadingZeros
                0x00001cf4       0x4c C:/ti/simplelink_msp432p4_sdk_3_40_01_02/source/ti/grlib/lib/gcc/m4f\grlib.a(string.obj)
 .text.Graphics_getStringWidth
                0x00001d40       0xfe C:/ti/simplelink_msp432p4_sdk_3_40_01_02/source/ti/grlib/lib/gcc/m4f\grlib.a(string.obj)
                0x00001d40                Graphics_getStringWidth
 .text.Graphics_drawString
                0x00001e3e      0x520 C:/ti/simplelink_msp432p4_sdk_3_40_01_02/source/ti/grlib/lib/gcc/m4f\grlib.a(string.obj)
                0x00001e3e                Graphics_drawString
 .text.Graphics_drawStringCentered
                0x0000235e       0x52 C:/ti/simplelink_msp432p4_sdk_3_40_01_02/source/ti/grlib/lib/gcc/m4f\grlib.a(string.obj)
                0x0000235e                Graphics_drawStringCentered
 .text.exit     0x000023b0       0x28 c:/ti/ccs1011/ccs/tools/compiler/gcc-arm-none-eabi-9-2019-q4-major/bin/../lib/gcc/arm-none-eabi/9.2.1/../../../../arm-none-eabi/lib/thumb/v7e-m+fp/hard\libc_nano.a(lib_a-exit.o)
                0x000023b0                exit
 .text.__libc_init_array
                0x000023d8       0x48 c:/ti/ccs1011/ccs/tools/compiler/gcc-arm-none-eabi-9-2019-q4-major/bin/../lib/gcc/arm-none-eabi/9.2.1/../../../../arm-none-eabi/lib/thumb/v7e-m+fp/hard\libc_nano.a(lib_a-init.o)
                0x000023d8                __libc_init_array
 .text.malloc   0x00002420       0x10 c:/ti/ccs1011/ccs/tools/compiler/gcc-arm-none-eabi-9-2019-q4-major/bin/../lib/gcc/arm-none-eabi/9.2.1/../../../../arm-none-eabi/lib/thumb/v7e-m+fp/hard\libc_nano.a(lib_a-malloc.o)
                0x00002420                malloc
 .text.free     0x00002430       0x10 c:/ti/ccs1011/ccs/tools/compiler/gcc-arm-none-eabi-9-2019-q4-major/bin/../lib/gcc/arm-none-eabi/9.2.1/../../../../arm-none-eabi/lib/thumb/v7e-m+fp/hard\libc_nano.a(lib_a-malloc.o)
                0x00002430                free
 .text.memset   0x00002440       0x10 c:/ti/ccs1011/ccs/tools/compiler/gcc-arm-none-eabi-9-2019-q4-major/bin/../lib/gcc/arm-none-eabi/9.2.1/../../../../arm-none-eabi/lib/thumb/v7e-m+fp/hard\libc_nano.a(lib_a-memset.o)
                0x00002440                memset
 .text._free_r  0x00002450       0xa0 c:/ti/ccs1011/ccs/tools/compiler/gcc-arm-none-eabi-9-2019-q4-major/bin/../lib/gcc/arm-none-eabi/9.2.1/../../../../arm-none-eabi/lib/thumb/v7e-m+fp/hard\libc_nano.a(lib_a-nano-freer.o)
                0x00002450                _free_r
 .text._malloc_r
                0x000024f0       0xb4 c:/ti/ccs1011/ccs/tools/compiler/gcc-arm-none-eabi-9-2019-q4-major/bin/../lib/gcc/arm-none-eabi/9.2.1/../../../../arm-none-eabi/lib/thumb/v7e-m+fp/hard\libc_nano.a(lib_a-nano-mallocr.o)
                0x000024f0                _malloc_r
 .text.srand    0x000025a4       0x48 c:/ti/ccs1011/ccs/tools/compiler/gcc-arm-none-eabi-9-2019-q4-major/bin/../lib/gcc/arm-none-eabi/9.2.1/../../../../arm-none-eabi/lib/thumb/v7e-m+fp/hard\libc_nano.a(lib_a-rand.o)
                0x000025a4                srand
 .text.rand     0x000025ec       0x68 c:/ti/ccs1011/ccs/tools/compiler/gcc-arm-none-eabi-9-2019-q4-major/bin/../lib/gcc/arm-none-eabi/9.2.1/../../../../arm-none-eabi/lib/thumb/v7e-m+fp/hard\libc_nano.a(lib_a-rand.o)
                0x000025ec                rand
 .text._sbrk_r  0x00002654       0x20 c:/ti/ccs1011/ccs/tools/compiler/gcc-arm-none-eabi-9-2019-q4-major/bin/../lib/gcc/arm-none-eabi/9.2.1/../../../../arm-none-eabi/lib/thumb/v7e-m+fp/hard\libc_nano.a(lib_a-sbrkr.o)
                0x00002654                _sbrk_r
 .text.sprintf  0x00002674       0x40 c:/ti/ccs1011/ccs/tools/compiler/gcc-arm-none-eabi-9-2019-q4-major/bin/../lib/gcc/arm-none-eabi/9.2.1/../../../../arm-none-eabi/lib/thumb/v7e-m+fp/hard\libc_nano.a(lib_a-sprintf.o)
                0x00002674                siprintf
                0x00002674                sprintf
 .text.time     0x000026b4       0x34 c:/ti/ccs1011/ccs/tools/compiler/gcc-arm-none-eabi-9-2019-q4-major/bin/../lib/gcc/arm-none-eabi/9.2.1/../../../../arm-none-eabi/lib/thumb/v7e-m+fp/hard\libc_nano.a(lib_a-time.o)
                0x000026b4                time
 .text._gettimeofday_r
                0x000026e8       0x24 c:/ti/ccs1011/ccs/tools/compiler/gcc-arm-none-eabi-9-2019-q4-major/bin/../lib/gcc/arm-none-eabi/9.2.1/../../../../arm-none-eabi/lib/thumb/v7e-m+fp/hard\libc_nano.a(lib_a-gettimeofdayr.o)
                0x000026e8                _gettimeofday_r
 .text.__malloc_lock
                0x0000270c        0xc c:/ti/ccs1011/ccs/tools/compiler/gcc-arm-none-eabi-9-2019-q4-major/bin/../lib/gcc/arm-none-eabi/9.2.1/../../../../arm-none-eabi/lib/thumb/v7e-m+fp/hard\libc_nano.a(lib_a-mlock.o)
                0x0000270c                __malloc_lock
 .text.__malloc_unlock
                0x00002718        0xc c:/ti/ccs1011/ccs/tools/compiler/gcc-arm-none-eabi-9-2019-q4-major/bin/../lib/gcc/arm-none-eabi/9.2.1/../../../../arm-none-eabi/lib/thumb/v7e-m+fp/hard\libc_nano.a(lib_a-mlock.o)
                0x00002718                __malloc_unlock
 .text.__ssputs_r
                0x00002724       0xb6 c:/ti/ccs1011/ccs/tools/compiler/gcc-arm-none-eabi-9-2019-q4-major/bin/../lib/gcc/arm-none-eabi/9.2.1/../../../../arm-none-eabi/lib/thumb/v7e-m+fp/hard\libc_nano.a(lib_a-nano-svfprintf.o)
                0x00002724                __ssputs_r
 *fill*         0x000027da        0x2 
 .text._svfprintf_r
                0x000027dc      0x200 c:/ti/ccs1011/ccs/tools/compiler/gcc-arm-none-eabi-9-2019-q4-major/bin/../lib/gcc/arm-none-eabi/9.2.1/../../../../arm-none-eabi/lib/thumb/v7e-m+fp/hard\libc_nano.a(lib_a-nano-svfprintf.o)
                0x000027dc                _svfiprintf_r
                0x000027dc                _svfprintf_r
 .text._printf_common
                0x000029dc       0xda c:/ti/ccs1011/ccs/tools/compiler/gcc-arm-none-eabi-9-2019-q4-major/bin/../lib/gcc/arm-none-eabi/9.2.1/../../../../arm-none-eabi/lib/thumb/v7e-m+fp/hard\libc_nano.a(lib_a-nano-vfprintf_i.o)
                0x000029dc                _printf_common
 *fill*         0x00002ab6        0x2 
 .text._printf_i
                0x00002ab8      0x24c c:/ti/ccs1011/ccs/tools/compiler/gcc-arm-none-eabi-9-2019-q4-major/bin/../lib/gcc/arm-none-eabi/9.2.1/../../../../arm-none-eabi/lib/thumb/v7e-m+fp/hard\libc_nano.a(lib_a-nano-vfprintf_i.o)
                0x00002ab8                _printf_i
 .text.__retarget_lock_acquire_recursive
                0x00002d04        0x2 c:/ti/ccs1011/ccs/tools/compiler/gcc-arm-none-eabi-9-2019-q4-major/bin/../lib/gcc/arm-none-eabi/9.2.1/../../../../arm-none-eabi/lib/thumb/v7e-m+fp/hard\libc_nano.a(lib_a-lock.o)
                0x00002d04                __retarget_lock_acquire_recursive
 .text.__retarget_lock_release_recursive
                0x00002d06        0x2 c:/ti/ccs1011/ccs/tools/compiler/gcc-arm-none-eabi-9-2019-q4-major/bin/../lib/gcc/arm-none-eabi/9.2.1/../../../../arm-none-eabi/lib/thumb/v7e-m+fp/hard\libc_nano.a(lib_a-lock.o)
                0x00002d06                __retarget_lock_release_recursive
 .text.memcpy   0x00002d08       0x1c c:/ti/ccs1011/ccs/tools/compiler/gcc-arm-none-eabi-9-2019-q4-major/bin/../lib/gcc/arm-none-eabi/9.2.1/../../../../arm-none-eabi/lib/thumb/v7e-m+fp/hard\libc_nano.a(lib_a-memcpy-stub.o)
                0x00002d08                memcpy
 .text.memmove  0x00002d24       0x34 c:/ti/ccs1011/ccs/tools/compiler/gcc-arm-none-eabi-9-2019-q4-major/bin/../lib/gcc/arm-none-eabi/9.2.1/../../../../arm-none-eabi/lib/thumb/v7e-m+fp/hard\libc_nano.a(lib_a-memmove.o)
                0x00002d24                memmove
 .text._realloc_r
                0x00002d58       0x4c c:/ti/ccs1011/ccs/tools/compiler/gcc-arm-none-eabi-9-2019-q4-major/bin/../lib/gcc/arm-none-eabi/9.2.1/../../../../arm-none-eabi/lib/thumb/v7e-m+fp/hard\libc_nano.a(lib_a-nano-reallocr.o)
                0x00002d58                _realloc_r
 .text._malloc_usable_size_r
                0x00002da4       0x10 c:/ti/ccs1011/ccs/tools/compiler/gcc-arm-none-eabi-9-2019-q4-major/bin/../lib/gcc/arm-none-eabi/9.2.1/../../../../arm-none-eabi/lib/thumb/v7e-m+fp/hard\libc_nano.a(lib_a-nano-msizer.o)
                0x00002da4                _malloc_usable_size_r
 .text._gettimeofday
                0x00002db4       0x10 c:/ti/ccs1011/ccs/tools/compiler/gcc-arm-none-eabi-9-2019-q4-major/bin/../lib/gcc/arm-none-eabi/9.2.1/../../../../arm-none-eabi/lib/thumb/v7e-m+fp/hard\libnosys.a(gettod.o)
                0x00002db4                _gettimeofday
 .text._sbrk    0x00002dc4       0x1c c:/ti/ccs1011/ccs/tools/compiler/gcc-arm-none-eabi-9-2019-q4-major/bin/../lib/gcc/arm-none-eabi/9.2.1/../../../../arm-none-eabi/lib/thumb/v7e-m+fp/hard\libnosys.a(sbrk.o)
                0x00002dc4                _sbrk
 .text._exit    0x00002de0        0x4 c:/ti/ccs1011/ccs/tools/compiler/gcc-arm-none-eabi-9-2019-q4-major/bin/../lib/gcc/arm-none-eabi/9.2.1/../../../../arm-none-eabi/lib/thumb/v7e-m+fp/hard\libnosys.a(_exit.o)
                0x00002de0                _exit
                0x00002de4                . = ALIGN (0x4)
 *(.ctors)
                0x00002de4                . = ALIGN (0x4)
 *(.dtors)
                0x00002de4                . = ALIGN (0x4)
                0x00002de4                __init_array_start = .
 *(.init_array*)
 .init_array    0x00002de4        0x4 c:/ti/ccs1011/ccs/tools/compiler/gcc-arm-none-eabi-9-2019-q4-major/bin/../lib/gcc/arm-none-eabi/9.2.1/thumb/v7e-m+fp/hard/crtbegin.o
                0x00002de8                __init_array_end = .
 *(.init)
 .init          0x00002de8        0x4 c:/ti/ccs1011/ccs/tools/compiler/gcc-arm-none-eabi-9-2019-q4-major/bin/../lib/gcc/arm-none-eabi/9.2.1/thumb/v7e-m+fp/hard/crti.o
                0x00002de8                _init
 .init          0x00002dec        0x8 c:/ti/ccs1011/ccs/tools/compiler/gcc-arm-none-eabi-9-2019-q4-major/bin/../lib/gcc/arm-none-eabi/9.2.1/thumb/v7e-m+fp/hard/crtn.o
 *(.fini*)
 .fini          0x00002df4        0x4 c:/ti/ccs1011/ccs/tools/compiler/gcc-arm-none-eabi-9-2019-q4-major/bin/../lib/gcc/arm-none-eabi/9.2.1/thumb/v7e-m+fp/hard/crti.o
                0x00002df4                _fini
 .fini_array    0x00002df8        0x4 c:/ti/ccs1011/ccs/tools/compiler/gcc-arm-none-eabi-9-2019-q4-major/bin/../lib/gcc/arm-none-eabi/9.2.1/thumb/v7e-m+fp/hard/crtbegin.o
 .fini          0x00002dfc        0x8 c:/ti/ccs1011/ccs/tools/compiler/gcc-arm-none-eabi-9-2019-q4-major/bin/../lib/gcc/arm-none-eabi/9.2.1/thumb/v7e-m+fp/hard/crtn.o

.glue_7         0x00002e04        0x0
 .glue_7        0x00002e04        0x0 linker stubs

.glue_7t        0x00002e04        0x0
 .glue_7t       0x00002e04        0x0 linker stubs

.vfp11_veneer   0x00002e04        0x0
 .vfp11_veneer  0x00002e04        0x0 linker stubs

.v4_bx          0x00002e04        0x0
 .v4_bx         0x00002e04        0x0 linker stubs

.iplt           0x00002e04        0x0
 .iplt          0x00002e04        0x0 c:/ti/ccs1011/ccs/tools/compiler/gcc-arm-none-eabi-9-2019-q4-major/bin/../lib/gcc/arm-none-eabi/9.2.1/thumb/v7e-m+fp/hard/crtbegin.o

.text:_getIndexForMemRegister
                0x00002e04      0x160
 .text:_getIndexForMemRegister
                0x00002e04      0x160 C:/ti/simplelink_msp432p4_sdk_3_40_01_02/source/ti/devices/msp432p4xx/driverlib/ccs/msp432p4xx_driverlib.lib(adc14.o)

.text:ADCIsConversionRunning
                0x00002f64       0x10
 .text:ADCIsConversionRunning
                0x00002f64       0x10 C:/ti/simplelink_msp432p4_sdk_3_40_01_02/source/ti/devices/msp432p4xx/driverlib/ccs/msp432p4xx_driverlib.lib(adc14.o)

.text:ADC14_configureMultiSequenceMode
                0x00002f74       0xb4
 .text:ADC14_configureMultiSequenceMode
                0x00002f74       0xb4 C:/ti/simplelink_msp432p4_sdk_3_40_01_02/source/ti/devices/msp432p4xx/driverlib/ccs/msp432p4xx_driverlib.lib(adc14.o)
                0x00002f74                ADC14_configureMultiSequenceMode

.text:ADC14_configureConversionMemory
                0x00003028       0xb4
 .text:ADC14_configureConversionMemory
                0x00003028       0xb4 C:/ti/simplelink_msp432p4_sdk_3_40_01_02/source/ti/devices/msp432p4xx/driverlib/ccs/msp432p4xx_driverlib.lib(adc14.o)
                0x00003028                ADC14_configureConversionMemory

.text:ADC14_getResult
                0x000030dc       0x28
 .text:ADC14_getResult
                0x000030dc       0x28 C:/ti/simplelink_msp432p4_sdk_3_40_01_02/source/ti/devices/msp432p4xx/driverlib/ccs/msp432p4xx_driverlib.lib(adc14.o)
                0x000030dc                ADC14_getResult

.text:GPIO_setAsOutputPin
                0x00003104       0x40
 .text:GPIO_setAsOutputPin
                0x00003104       0x40 C:/ti/simplelink_msp432p4_sdk_3_40_01_02/source/ti/devices/msp432p4xx/driverlib/ccs/msp432p4xx_driverlib.lib(gpio.o)
                0x00003104                GPIO_setAsOutputPin

.text:GPIO_setAsInputPin
                0x00003144       0x4c
 .text:GPIO_setAsInputPin
                0x00003144       0x4c C:/ti/simplelink_msp432p4_sdk_3_40_01_02/source/ti/devices/msp432p4xx/driverlib/ccs/msp432p4xx_driverlib.lib(gpio.o)
                0x00003144                GPIO_setAsInputPin

.text:GPIO_setAsPeripheralModuleFunctionOutputPin
                0x00003190       0x88
 .text:GPIO_setAsPeripheralModuleFunctionOutputPin
                0x00003190       0x88 C:/ti/simplelink_msp432p4_sdk_3_40_01_02/source/ti/devices/msp432p4xx/driverlib/ccs/msp432p4xx_driverlib.lib(gpio.o)
                0x00003190                GPIO_setAsPeripheralModuleFunctionOutputPin

.text:GPIO_setOutputHighOnPin
                0x00003218       0x28
 .text:GPIO_setOutputHighOnPin
                0x00003218       0x28 C:/ti/simplelink_msp432p4_sdk_3_40_01_02/source/ti/devices/msp432p4xx/driverlib/ccs/msp432p4xx_driverlib.lib(gpio.o)
                0x00003218                GPIO_setOutputHighOnPin

.text:GPIO_setOutputLowOnPin
                0x00003240       0x28
 .text:GPIO_setOutputLowOnPin
                0x00003240       0x28 C:/ti/simplelink_msp432p4_sdk_3_40_01_02/source/ti/devices/msp432p4xx/driverlib/ccs/msp432p4xx_driverlib.lib(gpio.o)
                0x00003240                GPIO_setOutputLowOnPin

.text:GPIO_enableInterrupt
                0x00003268       0x28
 .text:GPIO_enableInterrupt
                0x00003268       0x28 C:/ti/simplelink_msp432p4_sdk_3_40_01_02/source/ti/devices/msp432p4xx/driverlib/ccs/msp432p4xx_driverlib.lib(gpio.o)
                0x00003268                GPIO_enableInterrupt

.text:GPIO_clearInterruptFlag
                0x00003290       0x28
 .text:GPIO_clearInterruptFlag
                0x00003290       0x28 C:/ti/simplelink_msp432p4_sdk_3_40_01_02/source/ti/devices/msp432p4xx/driverlib/ccs/msp432p4xx_driverlib.lib(gpio.o)
                0x00003290                GPIO_clearInterruptFlag

.text:GPIO_interruptEdgeSelect
                0x000032b8       0x3c
 .text:GPIO_interruptEdgeSelect
                0x000032b8       0x3c C:/ti/simplelink_msp432p4_sdk_3_40_01_02/source/ti/devices/msp432p4xx/driverlib/ccs/msp432p4xx_driverlib.lib(gpio.o)
                0x000032b8                GPIO_interruptEdgeSelect

.text:is_A_Module
                0x000032f4       0x40
 .text:is_A_Module
                0x000032f4       0x40 C:/ti/simplelink_msp432p4_sdk_3_40_01_02/source/ti/devices/msp432p4xx/driverlib/ccs/msp432p4xx_driverlib.lib(spi.o)

.text:SPI_initMaster
                0x00003334       0xb0
 .text:SPI_initMaster
                0x00003334       0xb0 C:/ti/simplelink_msp432p4_sdk_3_40_01_02/source/ti/devices/msp432p4xx/driverlib/ccs/msp432p4xx_driverlib.lib(spi.o)
                0x00003334                SPI_initMaster

.text:SPI_enableModule
                0x000033e4       0x1c
 .text:SPI_enableModule
                0x000033e4       0x1c C:/ti/simplelink_msp432p4_sdk_3_40_01_02/source/ti/devices/msp432p4xx/driverlib/ccs/msp432p4xx_driverlib.lib(spi.o)
                0x000033e4                SPI_enableModule

.text:EUSCI_B_SPI_enable
                0x00003400       0x16
 .text:EUSCI_B_SPI_enable
                0x00003400       0x16 C:/ti/simplelink_msp432p4_sdk_3_40_01_02/source/ti/devices/msp432p4xx/driverlib/ccs/msp432p4xx_driverlib.lib(spi.o)
                0x00003400                EUSCI_B_SPI_enable

.text:EUSCI_A_SPI_enable
                0x00003416       0x16
 .text:EUSCI_A_SPI_enable
                0x00003416       0x16 C:/ti/simplelink_msp432p4_sdk_3_40_01_02/source/ti/devices/msp432p4xx/driverlib/ccs/msp432p4xx_driverlib.lib(spi.o)
                0x00003416                EUSCI_A_SPI_enable

.rodata         0x0000342c      0x4d7
 *(.rodata)
 .rodata        0x0000342c       0x81 ./graphics.o
 *fill*         0x000034ad        0x3 
 .rodata        0x000034b0        0x8 ./LcdDriver/Crystalfontz128x128_ST7735.o
 .rodata        0x000034b8       0x1c ./LcdDriver/HAL_MSP_EXP432P401R_Crystalfontz128x128_ST7735.o
 *(.rodata.*)
 .rodata.upConfig
                0x000034d4       0x18 ./main.o
                0x000034d4                upConfig
 .rodata.g_sCrystalfontz128x128_funcs
                0x000034ec       0x20 ./LcdDriver/Crystalfontz128x128_ST7735.o
                0x000034ec                g_sCrystalfontz128x128_funcs
 .rodata.g_pucFontFixed6x8Data
                0x0000350c      0x2f8 C:/ti/simplelink_msp432p4_sdk_3_40_01_02/source/ti/grlib/lib/gcc/m4f\grlib.a(fontfixed6x8.obj)
 .rodata.g_sFontFixed6x8
                0x00003804       0xc8 C:/ti/simplelink_msp432p4_sdk_3_40_01_02/source/ti/grlib/lib/gcc/m4f\grlib.a(fontfixed6x8.obj)
                0x00003804                g_sFontFixed6x8
 .rodata._global_impure_ptr
                0x000038cc        0x4 c:/ti/ccs1011/ccs/tools/compiler/gcc-arm-none-eabi-9-2019-q4-major/bin/../lib/gcc/arm-none-eabi/9.2.1/../../../../arm-none-eabi/lib/thumb/v7e-m+fp/hard\libc_nano.a(lib_a-impure.o)
                0x000038cc                _global_impure_ptr
 .rodata._svfprintf_r.str1.1
                0x000038d0       0x11 c:/ti/ccs1011/ccs/tools/compiler/gcc-arm-none-eabi-9-2019-q4-major/bin/../lib/gcc/arm-none-eabi/9.2.1/../../../../arm-none-eabi/lib/thumb/v7e-m+fp/hard\libc_nano.a(lib_a-nano-svfprintf.o)
 .rodata._printf_i.str1.1
                0x000038e1       0x22 c:/ti/ccs1011/ccs/tools/compiler/gcc-arm-none-eabi-9-2019-q4-major/bin/../lib/gcc/arm-none-eabi/9.2.1/../../../../arm-none-eabi/lib/thumb/v7e-m+fp/hard\libc_nano.a(lib_a-nano-vfprintf_i.o)

.eh_frame       0x00003904        0x0
 .eh_frame      0x00003904        0x0 c:/ti/ccs1011/ccs/tools/compiler/gcc-arm-none-eabi-9-2019-q4-major/bin/../lib/gcc/arm-none-eabi/9.2.1/thumb/v7e-m+fp/hard/crtbegin.o

.const:_ctlRegs
                0x00003904       0x80
 .const:_ctlRegs
                0x00003904       0x80 C:/ti/simplelink_msp432p4_sdk_3_40_01_02/source/ti/devices/msp432p4xx/driverlib/ccs/msp432p4xx_driverlib.lib(adc14.o)

.const:GPIO_PORT_TO_BASE
                0x00003984       0x30
 .const:GPIO_PORT_TO_BASE
                0x00003984       0x30 C:/ti/simplelink_msp432p4_sdk_3_40_01_02/source/ti/devices/msp432p4xx/driverlib/ccs/msp432p4xx_driverlib.lib(gpio.o)

.ARM.exidx      0x000039b4        0x8
                0x000039b4                __exidx_start = .
 *(.ARM.exidx* .gnu.linkonce.armexidx.*)
 .ARM.exidx     0x000039b4        0x8 c:/ti/ccs1011/ccs/tools/compiler/gcc-arm-none-eabi-9-2019-q4-major/bin/../lib/gcc/arm-none-eabi/9.2.1/../../../../arm-none-eabi/lib/thumb/v7e-m+fp/hard/crt0.o
                0x000039bc                __exidx_end = .

.ARM.extab      0x000039bc        0x0
 *(.ARM.extab* .gnu.linkonce.armextab.*)
 .ARM.extab     0x000039bc        0x0 c:/ti/ccs1011/ccs/tools/compiler/gcc-arm-none-eabi-9-2019-q4-major/bin/../lib/gcc/arm-none-eabi/9.2.1/../../../../arm-none-eabi/lib/thumb/v7e-m+fp/hard/crt0.o
                0x000039bc                __etext = .

.rel.dyn        0x000039bc        0x0
 .rel.iplt      0x000039bc        0x0 c:/ti/ccs1011/ccs/tools/compiler/gcc-arm-none-eabi-9-2019-q4-major/bin/../lib/gcc/arm-none-eabi/9.2.1/thumb/v7e-m+fp/hard/crtbegin.o

.data           0x200000e8       0x8c load address 0x000039bc
                0x000039bc                __data_load__ = LOADADDR (.data)
                0x200000e8                __data_start__ = .
 *(.data)
 .data          0x200000e8        0x0 c:/ti/ccs1011/ccs/tools/compiler/gcc-arm-none-eabi-9-2019-q4-major/bin/../lib/gcc/arm-none-eabi/9.2.1/thumb/v7e-m+fp/hard/crti.o
 .data          0x200000e8        0x4 c:/ti/ccs1011/ccs/tools/compiler/gcc-arm-none-eabi-9-2019-q4-major/bin/../lib/gcc/arm-none-eabi/9.2.1/thumb/v7e-m+fp/hard/crtbegin.o
                0x200000e8                __dso_handle
 .data          0x200000ec        0x0 c:/ti/ccs1011/ccs/tools/compiler/gcc-arm-none-eabi-9-2019-q4-major/bin/../lib/gcc/arm-none-eabi/9.2.1/../../../../arm-none-eabi/lib/thumb/v7e-m+fp/hard/crt0.o
 .data          0x200000ec        0x0 ./apple.o
 .data          0x200000ec        0x0 ./graphics.o
 .data          0x200000ec        0x0 ./main.o
 .data          0x200000ec        0x0 ./snake.o
 .data          0x200000ec        0x0 ./system_msp432p401r.o
 .data          0x200000ec        0x0 ./LcdDriver/Crystalfontz128x128_ST7735.o
 .data          0x200000ec        0x0 ./LcdDriver/HAL_MSP_EXP432P401R_Crystalfontz128x128_ST7735.o
 .data          0x200000ec        0x0 ./gcc/startup_msp432p401r_gcc.o
 .data          0x200000ec        0x0 C:/ti/simplelink_msp432p4_sdk_3_40_01_02/source/ti/grlib/lib/gcc/m4f\grlib.a(circle.obj)
 .data          0x200000ec        0x0 C:/ti/simplelink_msp432p4_sdk_3_40_01_02/source/ti/grlib/lib/gcc/m4f\grlib.a(context.obj)
 .data          0x200000ec        0x0 C:/ti/simplelink_msp432p4_sdk_3_40_01_02/source/ti/grlib/lib/gcc/m4f\grlib.a(display.obj)
 .data          0x200000ec        0x0 C:/ti/simplelink_msp432p4_sdk_3_40_01_02/source/ti/grlib/lib/gcc/m4f\grlib.a(fontfixed6x8.obj)
 .data          0x200000ec        0x0 C:/ti/simplelink_msp432p4_sdk_3_40_01_02/source/ti/grlib/lib/gcc/m4f\grlib.a(line.obj)
 .data          0x200000ec        0x0 C:/ti/simplelink_msp432p4_sdk_3_40_01_02/source/ti/grlib/lib/gcc/m4f\grlib.a(rectangle.obj)
 .data          0x200000ec        0x0 C:/ti/simplelink_msp432p4_sdk_3_40_01_02/source/ti/grlib/lib/gcc/m4f\grlib.a(string.obj)
 .data          0x200000ec        0x0 c:/ti/ccs1011/ccs/tools/compiler/gcc-arm-none-eabi-9-2019-q4-major/bin/../lib/gcc/arm-none-eabi/9.2.1/../../../../arm-none-eabi/lib/thumb/v7e-m+fp/hard\libc_nano.a(lib_a-exit.o)
 .data          0x200000ec        0x0 c:/ti/ccs1011/ccs/tools/compiler/gcc-arm-none-eabi-9-2019-q4-major/bin/../lib/gcc/arm-none-eabi/9.2.1/../../../../arm-none-eabi/lib/thumb/v7e-m+fp/hard\libc_nano.a(lib_a-impure.o)
 .data          0x200000ec        0x0 c:/ti/ccs1011/ccs/tools/compiler/gcc-arm-none-eabi-9-2019-q4-major/bin/../lib/gcc/arm-none-eabi/9.2.1/../../../../arm-none-eabi/lib/thumb/v7e-m+fp/hard\libc_nano.a(lib_a-init.o)
 .data          0x200000ec        0x0 c:/ti/ccs1011/ccs/tools/compiler/gcc-arm-none-eabi-9-2019-q4-major/bin/../lib/gcc/arm-none-eabi/9.2.1/../../../../arm-none-eabi/lib/thumb/v7e-m+fp/hard\libc_nano.a(lib_a-malloc.o)
 .data          0x200000ec        0x0 c:/ti/ccs1011/ccs/tools/compiler/gcc-arm-none-eabi-9-2019-q4-major/bin/../lib/gcc/arm-none-eabi/9.2.1/../../../../arm-none-eabi/lib/thumb/v7e-m+fp/hard\libc_nano.a(lib_a-memset.o)
 .data          0x200000ec        0x0 c:/ti/ccs1011/ccs/tools/compiler/gcc-arm-none-eabi-9-2019-q4-major/bin/../lib/gcc/arm-none-eabi/9.2.1/../../../../arm-none-eabi/lib/thumb/v7e-m+fp/hard\libc_nano.a(lib_a-nano-freer.o)
 .data          0x200000ec        0x0 c:/ti/ccs1011/ccs/tools/compiler/gcc-arm-none-eabi-9-2019-q4-major/bin/../lib/gcc/arm-none-eabi/9.2.1/../../../../arm-none-eabi/lib/thumb/v7e-m+fp/hard\libc_nano.a(lib_a-nano-mallocr.o)
 .data          0x200000ec        0x0 c:/ti/ccs1011/ccs/tools/compiler/gcc-arm-none-eabi-9-2019-q4-major/bin/../lib/gcc/arm-none-eabi/9.2.1/../../../../arm-none-eabi/lib/thumb/v7e-m+fp/hard\libc_nano.a(lib_a-rand.o)
 .data          0x200000ec        0x0 c:/ti/ccs1011/ccs/tools/compiler/gcc-arm-none-eabi-9-2019-q4-major/bin/../lib/gcc/arm-none-eabi/9.2.1/../../../../arm-none-eabi/lib/thumb/v7e-m+fp/hard\libc_nano.a(lib_a-sbrkr.o)
 .data          0x200000ec        0x0 c:/ti/ccs1011/ccs/tools/compiler/gcc-arm-none-eabi-9-2019-q4-major/bin/../lib/gcc/arm-none-eabi/9.2.1/../../../../arm-none-eabi/lib/thumb/v7e-m+fp/hard\libc_nano.a(lib_a-sprintf.o)
 .data          0x200000ec        0x0 c:/ti/ccs1011/ccs/tools/compiler/gcc-arm-none-eabi-9-2019-q4-major/bin/../lib/gcc/arm-none-eabi/9.2.1/../../../../arm-none-eabi/lib/thumb/v7e-m+fp/hard\libc_nano.a(lib_a-time.o)
 .data          0x200000ec        0x0 c:/ti/ccs1011/ccs/tools/compiler/gcc-arm-none-eabi-9-2019-q4-major/bin/../lib/gcc/arm-none-eabi/9.2.1/../../../../arm-none-eabi/lib/thumb/v7e-m+fp/hard\libc_nano.a(lib_a-gettimeofdayr.o)
 .data          0x200000ec        0x0 c:/ti/ccs1011/ccs/tools/compiler/gcc-arm-none-eabi-9-2019-q4-major/bin/../lib/gcc/arm-none-eabi/9.2.1/../../../../arm-none-eabi/lib/thumb/v7e-m+fp/hard\libc_nano.a(lib_a-mlock.o)
 .data          0x200000ec        0x0 c:/ti/ccs1011/ccs/tools/compiler/gcc-arm-none-eabi-9-2019-q4-major/bin/../lib/gcc/arm-none-eabi/9.2.1/../../../../arm-none-eabi/lib/thumb/v7e-m+fp/hard\libc_nano.a(lib_a-nano-svfprintf.o)
 .data          0x200000ec        0x0 c:/ti/ccs1011/ccs/tools/compiler/gcc-arm-none-eabi-9-2019-q4-major/bin/../lib/gcc/arm-none-eabi/9.2.1/../../../../arm-none-eabi/lib/thumb/v7e-m+fp/hard\libc_nano.a(lib_a-nano-vfprintf_i.o)
 .data          0x200000ec        0x0 c:/ti/ccs1011/ccs/tools/compiler/gcc-arm-none-eabi-9-2019-q4-major/bin/../lib/gcc/arm-none-eabi/9.2.1/../../../../arm-none-eabi/lib/thumb/v7e-m+fp/hard\libc_nano.a(lib_a-reent.o)
 .data          0x200000ec        0x0 c:/ti/ccs1011/ccs/tools/compiler/gcc-arm-none-eabi-9-2019-q4-major/bin/../lib/gcc/arm-none-eabi/9.2.1/../../../../arm-none-eabi/lib/thumb/v7e-m+fp/hard\libc_nano.a(lib_a-lock.o)
 .data          0x200000ec        0x0 c:/ti/ccs1011/ccs/tools/compiler/gcc-arm-none-eabi-9-2019-q4-major/bin/../lib/gcc/arm-none-eabi/9.2.1/../../../../arm-none-eabi/lib/thumb/v7e-m+fp/hard\libc_nano.a(lib_a-memchr.o)
 .data          0x200000ec        0x0 c:/ti/ccs1011/ccs/tools/compiler/gcc-arm-none-eabi-9-2019-q4-major/bin/../lib/gcc/arm-none-eabi/9.2.1/../../../../arm-none-eabi/lib/thumb/v7e-m+fp/hard\libc_nano.a(lib_a-memcpy-stub.o)
 .data          0x200000ec        0x0 c:/ti/ccs1011/ccs/tools/compiler/gcc-arm-none-eabi-9-2019-q4-major/bin/../lib/gcc/arm-none-eabi/9.2.1/../../../../arm-none-eabi/lib/thumb/v7e-m+fp/hard\libc_nano.a(lib_a-memmove.o)
 .data          0x200000ec        0x0 c:/ti/ccs1011/ccs/tools/compiler/gcc-arm-none-eabi-9-2019-q4-major/bin/../lib/gcc/arm-none-eabi/9.2.1/../../../../arm-none-eabi/lib/thumb/v7e-m+fp/hard\libc_nano.a(lib_a-nano-reallocr.o)
 .data          0x200000ec        0x0 c:/ti/ccs1011/ccs/tools/compiler/gcc-arm-none-eabi-9-2019-q4-major/bin/../lib/gcc/arm-none-eabi/9.2.1/../../../../arm-none-eabi/lib/thumb/v7e-m+fp/hard\libc_nano.a(lib_a-nano-msizer.o)
 .data          0x200000ec        0x0 c:/ti/ccs1011/ccs/tools/compiler/gcc-arm-none-eabi-9-2019-q4-major/bin/../lib/gcc/arm-none-eabi/9.2.1/../../../../arm-none-eabi/lib/thumb/v7e-m+fp/hard\libnosys.a(gettod.o)
 .data          0x200000ec        0x0 c:/ti/ccs1011/ccs/tools/compiler/gcc-arm-none-eabi-9-2019-q4-major/bin/../lib/gcc/arm-none-eabi/9.2.1/../../../../arm-none-eabi/lib/thumb/v7e-m+fp/hard\libnosys.a(sbrk.o)
 .data          0x200000ec        0x0 c:/ti/ccs1011/ccs/tools/compiler/gcc-arm-none-eabi-9-2019-q4-major/bin/../lib/gcc/arm-none-eabi/9.2.1/../../../../arm-none-eabi/lib/thumb/v7e-m+fp/hard\libnosys.a(_exit.o)
 .data          0x200000ec        0x0 c:/ti/ccs1011/ccs/tools/compiler/gcc-arm-none-eabi-9-2019-q4-major/bin/../lib/gcc/arm-none-eabi/9.2.1/thumb/v7e-m+fp/hard/crtend.o
 .data          0x200000ec        0x0 c:/ti/ccs1011/ccs/tools/compiler/gcc-arm-none-eabi-9-2019-q4-major/bin/../lib/gcc/arm-none-eabi/9.2.1/thumb/v7e-m+fp/hard/crtn.o
 *(.data*)
 .data.compareConfig_PWM
                0x200000ec       0x10 ./main.o
                0x200000ec                compareConfig_PWM
 .data.SystemCoreClock
                0x200000fc        0x4 ./system_msp432p401r.o
                0x200000fc                SystemCoreClock
 .data.g_sCrystalfontz128x128
                0x20000100       0x10 ./LcdDriver/Crystalfontz128x128_ST7735.o
                0x20000100                g_sCrystalfontz128x128
 .data._impure_ptr
                0x20000110        0x4 c:/ti/ccs1011/ccs/tools/compiler/gcc-arm-none-eabi-9-2019-q4-major/bin/../lib/gcc/arm-none-eabi/9.2.1/../../../../arm-none-eabi/lib/thumb/v7e-m+fp/hard\libc_nano.a(lib_a-impure.o)
                0x20000110                _impure_ptr
 .data.impure_data
                0x20000114       0x60 c:/ti/ccs1011/ccs/tools/compiler/gcc-arm-none-eabi-9-2019-q4-major/bin/../lib/gcc/arm-none-eabi/9.2.1/../../../../arm-none-eabi/lib/thumb/v7e-m+fp/hard\libc_nano.a(lib_a-impure.o)
                0x20000174                . = ALIGN (0x4)
                0x20000174                __data_end__ = .

.igot.plt       0x20000174        0x0 load address 0x00003a48
 .igot.plt      0x20000174        0x0 c:/ti/ccs1011/ccs/tools/compiler/gcc-arm-none-eabi-9-2019-q4-major/bin/../lib/gcc/arm-none-eabi/9.2.1/thumb/v7e-m+fp/hard/crtbegin.o

.bss            0x20000174       0x8c
                0x20000174                __bss_start__ = .
 *(.shbss)
 *(.bss)
 .bss           0x20000174        0x0 c:/ti/ccs1011/ccs/tools/compiler/gcc-arm-none-eabi-9-2019-q4-major/bin/../lib/gcc/arm-none-eabi/9.2.1/thumb/v7e-m+fp/hard/crti.o
 .bss           0x20000174       0x1c c:/ti/ccs1011/ccs/tools/compiler/gcc-arm-none-eabi-9-2019-q4-major/bin/../lib/gcc/arm-none-eabi/9.2.1/thumb/v7e-m+fp/hard/crtbegin.o
 .bss           0x20000190        0x0 c:/ti/ccs1011/ccs/tools/compiler/gcc-arm-none-eabi-9-2019-q4-major/bin/../lib/gcc/arm-none-eabi/9.2.1/../../../../arm-none-eabi/lib/thumb/v7e-m+fp/hard/crt0.o
 .bss           0x20000190        0x0 ./apple.o
 .bss           0x20000190        0x0 ./graphics.o
 .bss           0x20000190        0x0 ./main.o
 .bss           0x20000190        0x0 ./snake.o
 .bss           0x20000190        0x0 ./system_msp432p401r.o
 .bss           0x20000190        0x0 ./LcdDriver/Crystalfontz128x128_ST7735.o
 .bss           0x20000190        0x0 ./LcdDriver/HAL_MSP_EXP432P401R_Crystalfontz128x128_ST7735.o
 .bss           0x20000190        0x0 ./gcc/startup_msp432p401r_gcc.o
 .bss           0x20000190        0x0 C:/ti/simplelink_msp432p4_sdk_3_40_01_02/source/ti/grlib/lib/gcc/m4f\grlib.a(circle.obj)
 .bss           0x20000190        0x0 C:/ti/simplelink_msp432p4_sdk_3_40_01_02/source/ti/grlib/lib/gcc/m4f\grlib.a(context.obj)
 .bss           0x20000190        0x0 C:/ti/simplelink_msp432p4_sdk_3_40_01_02/source/ti/grlib/lib/gcc/m4f\grlib.a(display.obj)
 .bss           0x20000190        0x0 C:/ti/simplelink_msp432p4_sdk_3_40_01_02/source/ti/grlib/lib/gcc/m4f\grlib.a(fontfixed6x8.obj)
 .bss           0x20000190        0x0 C:/ti/simplelink_msp432p4_sdk_3_40_01_02/source/ti/grlib/lib/gcc/m4f\grlib.a(line.obj)
 .bss           0x20000190        0x0 C:/ti/simplelink_msp432p4_sdk_3_40_01_02/source/ti/grlib/lib/gcc/m4f\grlib.a(rectangle.obj)
 .bss           0x20000190        0x0 C:/ti/simplelink_msp432p4_sdk_3_40_01_02/source/ti/grlib/lib/gcc/m4f\grlib.a(string.obj)
 .bss           0x20000190        0x0 c:/ti/ccs1011/ccs/tools/compiler/gcc-arm-none-eabi-9-2019-q4-major/bin/../lib/gcc/arm-none-eabi/9.2.1/../../../../arm-none-eabi/lib/thumb/v7e-m+fp/hard\libc_nano.a(lib_a-exit.o)
 .bss           0x20000190        0x0 c:/ti/ccs1011/ccs/tools/compiler/gcc-arm-none-eabi-9-2019-q4-major/bin/../lib/gcc/arm-none-eabi/9.2.1/../../../../arm-none-eabi/lib/thumb/v7e-m+fp/hard\libc_nano.a(lib_a-impure.o)
 .bss           0x20000190        0x0 c:/ti/ccs1011/ccs/tools/compiler/gcc-arm-none-eabi-9-2019-q4-major/bin/../lib/gcc/arm-none-eabi/9.2.1/../../../../arm-none-eabi/lib/thumb/v7e-m+fp/hard\libc_nano.a(lib_a-init.o)
 .bss           0x20000190        0x0 c:/ti/ccs1011/ccs/tools/compiler/gcc-arm-none-eabi-9-2019-q4-major/bin/../lib/gcc/arm-none-eabi/9.2.1/../../../../arm-none-eabi/lib/thumb/v7e-m+fp/hard\libc_nano.a(lib_a-malloc.o)
 .bss           0x20000190        0x0 c:/ti/ccs1011/ccs/tools/compiler/gcc-arm-none-eabi-9-2019-q4-major/bin/../lib/gcc/arm-none-eabi/9.2.1/../../../../arm-none-eabi/lib/thumb/v7e-m+fp/hard\libc_nano.a(lib_a-memset.o)
 .bss           0x20000190        0x0 c:/ti/ccs1011/ccs/tools/compiler/gcc-arm-none-eabi-9-2019-q4-major/bin/../lib/gcc/arm-none-eabi/9.2.1/../../../../arm-none-eabi/lib/thumb/v7e-m+fp/hard\libc_nano.a(lib_a-nano-freer.o)
 .bss           0x20000190        0x0 c:/ti/ccs1011/ccs/tools/compiler/gcc-arm-none-eabi-9-2019-q4-major/bin/../lib/gcc/arm-none-eabi/9.2.1/../../../../arm-none-eabi/lib/thumb/v7e-m+fp/hard\libc_nano.a(lib_a-nano-mallocr.o)
 .bss           0x20000190        0x0 c:/ti/ccs1011/ccs/tools/compiler/gcc-arm-none-eabi-9-2019-q4-major/bin/../lib/gcc/arm-none-eabi/9.2.1/../../../../arm-none-eabi/lib/thumb/v7e-m+fp/hard\libc_nano.a(lib_a-rand.o)
 .bss           0x20000190        0x0 c:/ti/ccs1011/ccs/tools/compiler/gcc-arm-none-eabi-9-2019-q4-major/bin/../lib/gcc/arm-none-eabi/9.2.1/../../../../arm-none-eabi/lib/thumb/v7e-m+fp/hard\libc_nano.a(lib_a-sbrkr.o)
 .bss           0x20000190        0x0 c:/ti/ccs1011/ccs/tools/compiler/gcc-arm-none-eabi-9-2019-q4-major/bin/../lib/gcc/arm-none-eabi/9.2.1/../../../../arm-none-eabi/lib/thumb/v7e-m+fp/hard\libc_nano.a(lib_a-sprintf.o)
 .bss           0x20000190        0x0 c:/ti/ccs1011/ccs/tools/compiler/gcc-arm-none-eabi-9-2019-q4-major/bin/../lib/gcc/arm-none-eabi/9.2.1/../../../../arm-none-eabi/lib/thumb/v7e-m+fp/hard\libc_nano.a(lib_a-time.o)
 .bss           0x20000190        0x0 c:/ti/ccs1011/ccs/tools/compiler/gcc-arm-none-eabi-9-2019-q4-major/bin/../lib/gcc/arm-none-eabi/9.2.1/../../../../arm-none-eabi/lib/thumb/v7e-m+fp/hard\libc_nano.a(lib_a-gettimeofdayr.o)
 .bss           0x20000190        0x0 c:/ti/ccs1011/ccs/tools/compiler/gcc-arm-none-eabi-9-2019-q4-major/bin/../lib/gcc/arm-none-eabi/9.2.1/../../../../arm-none-eabi/lib/thumb/v7e-m+fp/hard\libc_nano.a(lib_a-mlock.o)
 .bss           0x20000190        0x0 c:/ti/ccs1011/ccs/tools/compiler/gcc-arm-none-eabi-9-2019-q4-major/bin/../lib/gcc/arm-none-eabi/9.2.1/../../../../arm-none-eabi/lib/thumb/v7e-m+fp/hard\libc_nano.a(lib_a-nano-svfprintf.o)
 .bss           0x20000190        0x0 c:/ti/ccs1011/ccs/tools/compiler/gcc-arm-none-eabi-9-2019-q4-major/bin/../lib/gcc/arm-none-eabi/9.2.1/../../../../arm-none-eabi/lib/thumb/v7e-m+fp/hard\libc_nano.a(lib_a-nano-vfprintf_i.o)
 .bss           0x20000190        0x0 c:/ti/ccs1011/ccs/tools/compiler/gcc-arm-none-eabi-9-2019-q4-major/bin/../lib/gcc/arm-none-eabi/9.2.1/../../../../arm-none-eabi/lib/thumb/v7e-m+fp/hard\libc_nano.a(lib_a-reent.o)
 .bss           0x20000190        0x0 c:/ti/ccs1011/ccs/tools/compiler/gcc-arm-none-eabi-9-2019-q4-major/bin/../lib/gcc/arm-none-eabi/9.2.1/../../../../arm-none-eabi/lib/thumb/v7e-m+fp/hard\libc_nano.a(lib_a-lock.o)
 .bss           0x20000190        0x0 c:/ti/ccs1011/ccs/tools/compiler/gcc-arm-none-eabi-9-2019-q4-major/bin/../lib/gcc/arm-none-eabi/9.2.1/../../../../arm-none-eabi/lib/thumb/v7e-m+fp/hard\libc_nano.a(lib_a-memchr.o)
 .bss           0x20000190        0x0 c:/ti/ccs1011/ccs/tools/compiler/gcc-arm-none-eabi-9-2019-q4-major/bin/../lib/gcc/arm-none-eabi/9.2.1/../../../../arm-none-eabi/lib/thumb/v7e-m+fp/hard\libc_nano.a(lib_a-memcpy-stub.o)
 .bss           0x20000190        0x0 c:/ti/ccs1011/ccs/tools/compiler/gcc-arm-none-eabi-9-2019-q4-major/bin/../lib/gcc/arm-none-eabi/9.2.1/../../../../arm-none-eabi/lib/thumb/v7e-m+fp/hard\libc_nano.a(lib_a-memmove.o)
 .bss           0x20000190        0x0 c:/ti/ccs1011/ccs/tools/compiler/gcc-arm-none-eabi-9-2019-q4-major/bin/../lib/gcc/arm-none-eabi/9.2.1/../../../../arm-none-eabi/lib/thumb/v7e-m+fp/hard\libc_nano.a(lib_a-nano-reallocr.o)
 .bss           0x20000190        0x0 c:/ti/ccs1011/ccs/tools/compiler/gcc-arm-none-eabi-9-2019-q4-major/bin/../lib/gcc/arm-none-eabi/9.2.1/../../../../arm-none-eabi/lib/thumb/v7e-m+fp/hard\libc_nano.a(lib_a-nano-msizer.o)
 .bss           0x20000190        0x0 c:/ti/ccs1011/ccs/tools/compiler/gcc-arm-none-eabi-9-2019-q4-major/bin/../lib/gcc/arm-none-eabi/9.2.1/../../../../arm-none-eabi/lib/thumb/v7e-m+fp/hard\libnosys.a(gettod.o)
 .bss           0x20000190        0x0 c:/ti/ccs1011/ccs/tools/compiler/gcc-arm-none-eabi-9-2019-q4-major/bin/../lib/gcc/arm-none-eabi/9.2.1/../../../../arm-none-eabi/lib/thumb/v7e-m+fp/hard\libnosys.a(sbrk.o)
 .bss           0x20000190        0x0 c:/ti/ccs1011/ccs/tools/compiler/gcc-arm-none-eabi-9-2019-q4-major/bin/../lib/gcc/arm-none-eabi/9.2.1/../../../../arm-none-eabi/lib/thumb/v7e-m+fp/hard\libnosys.a(_exit.o)
 .bss           0x20000190        0x0 c:/ti/ccs1011/ccs/tools/compiler/gcc-arm-none-eabi-9-2019-q4-major/bin/../lib/gcc/arm-none-eabi/9.2.1/thumb/v7e-m+fp/hard/crtend.o
 .bss           0x20000190        0x0 c:/ti/ccs1011/ccs/tools/compiler/gcc-arm-none-eabi-9-2019-q4-major/bin/../lib/gcc/arm-none-eabi/9.2.1/thumb/v7e-m+fp/hard/crtn.o
 *(.bss.*)
 .bss.highscore
                0x20000190        0x1 ./main.o
                0x20000190                highscore
 *fill*         0x20000191        0x3 
 .bss.resultsBuffer
                0x20000194        0x4 ./main.o
 .bss.__malloc_free_list
                0x20000198        0x4 c:/ti/ccs1011/ccs/tools/compiler/gcc-arm-none-eabi-9-2019-q4-major/bin/../lib/gcc/arm-none-eabi/9.2.1/../../../../arm-none-eabi/lib/thumb/v7e-m+fp/hard\libc_nano.a(lib_a-nano-mallocr.o)
                0x20000198                __malloc_free_list
 .bss.__malloc_sbrk_start
                0x2000019c        0x4 c:/ti/ccs1011/ccs/tools/compiler/gcc-arm-none-eabi-9-2019-q4-major/bin/../lib/gcc/arm-none-eabi/9.2.1/../../../../arm-none-eabi/lib/thumb/v7e-m+fp/hard\libc_nano.a(lib_a-nano-mallocr.o)
                0x2000019c                __malloc_sbrk_start
 .bss.heap_end.5507
                0x200001a0        0x4 c:/ti/ccs1011/ccs/tools/compiler/gcc-arm-none-eabi-9-2019-q4-major/bin/../lib/gcc/arm-none-eabi/9.2.1/../../../../arm-none-eabi/lib/thumb/v7e-m+fp/hard\libnosys.a(sbrk.o)
 *(COMMON)
 COMMON         0x200001a4        0x2 ./apple.o
                0x200001a4                apple
 *fill*         0x200001a6        0x2 
 COMMON         0x200001a8       0x3c ./main.o
                0x200001a8                snake
                0x200001b4                menu
                0x200001b5                game
                0x200001b8                g_sContext
                0x200001d4                count
                0x200001d8                default_next
 COMMON         0x200001e4        0xa ./LcdDriver/Crystalfontz128x128_ST7735.o
                0x200001e4                Lcd_FontSolid
                0x200001e5                Lcd_FlagRead
                0x200001e6                Lcd_ScreenWidth
                0x200001e8                Lcd_TouchTrim
                0x200001ea                Lcd_ScreenHeigth
                0x200001ec                Lcd_Orientation
                0x200001ed                Lcd_PenSolid
 *fill*         0x200001ee        0x2 
 COMMON         0x200001f0        0x4 c:/ti/ccs1011/ccs/tools/compiler/gcc-arm-none-eabi-9-2019-q4-major/bin/../lib/gcc/arm-none-eabi/9.2.1/../../../../arm-none-eabi/lib/thumb/v7e-m+fp/hard\libc_nano.a(lib_a-reent.o)
                0x200001f0                errno
 COMMON         0x200001f4        0x9 c:/ti/ccs1011/ccs/tools/compiler/gcc-arm-none-eabi-9-2019-q4-major/bin/../lib/gcc/arm-none-eabi/9.2.1/../../../../arm-none-eabi/lib/thumb/v7e-m+fp/hard\libc_nano.a(lib_a-lock.o)
                0x200001f4                __lock___atexit_recursive_mutex
                0x200001f5                __lock___arc4random_mutex
                0x200001f6                __lock___env_recursive_mutex
                0x200001f7                __lock___sinit_recursive_mutex
                0x200001f8                __lock___malloc_recursive_mutex
                0x200001f9                __lock___at_quick_exit_mutex
                0x200001fa                __lock___dd_hash_mutex
                0x200001fb                __lock___tz_mutex
                0x200001fc                __lock___sfp_recursive_mutex
                0x20000200                . = ALIGN (0x4)
 *fill*         0x200001fd        0x3 
                0x20000200                __bss_end__ = .

.heap           0x20000200        0x0
                0x20000200                __heap_start__ = .
                0x20000200                end = __heap_start__
                0x20000200                _end = end
                0x20000200                __end = end
 *(.heap)
                0x20000200                __heap_end__ = .
                0x20000200                __HeapLimit = __heap_end__

.stack          0x20000200        0x0
                0x20000200                _stack = .
 *(.stack)
                0x20010000                __StackTop = (ORIGIN (REGION_STACK) + LENGTH (REGION_STACK))
                0x20010000                PROVIDE (__stack = __StackTop)
LOAD C:/ti/simplelink_msp432p4_sdk_3_40_01_02/source/ti/devices/msp432p4xx/driverlib/ccs/msp432p4xx_driverlib.lib
LOAD C:/ti/simplelink_msp432p4_sdk_3_40_01_02/source/ti/grlib/lib/gcc/m4f\grlib.a
LOAD C:/ti/simplelink_msp432p4_sdk_3_40_01_02/source/third_party/CMSIS/DSP_Lib/lib/gcc/m4f\arm_cortexM4lf_math.a
LOAD C:/ti/simplelink_msp432p4_sdk_3_40_01_02/source\ti/display/lib/display.am4fg
LOAD C:/ti/simplelink_msp432p4_sdk_3_40_01_02/source\ti/grlib/lib/gcc/m4f/grlib.a
LOAD C:/ti/simplelink_msp432p4_sdk_3_40_01_02/source\third_party/spiffs/lib/gcc/m4f/spiffs.a
LOAD C:/ti/simplelink_msp432p4_sdk_3_40_01_02/source\ti/drivers/lib/drivers_msp432p401x.am4fg
LOAD C:/ti/simplelink_msp432p4_sdk_3_40_01_02/source\third_party/fatfs/lib/gcc/m4f/fatfs.a
LOAD C:/ti/simplelink_msp432p4_sdk_3_40_01_02/source\ti/devices/msp432p4xx/driverlib/gcc/msp432p4xx_driverlib.a
LOAD c:/ti/ccs1011/ccs/tools/compiler/gcc-arm-none-eabi-9-2019-q4-major/bin/../lib/gcc/arm-none-eabi/9.2.1/thumb/v7e-m+fp/hard\libgcc.a
LOAD c:/ti/ccs1011/ccs/tools/compiler/gcc-arm-none-eabi-9-2019-q4-major/bin/../lib/gcc/arm-none-eabi/9.2.1/../../../../arm-none-eabi/lib/thumb/v7e-m+fp/hard\libc_nano.a
LOAD c:/ti/ccs1011/ccs/tools/compiler/gcc-arm-none-eabi-9-2019-q4-major/bin/../lib/gcc/arm-none-eabi/9.2.1/../../../../arm-none-eabi/lib/thumb/v7e-m+fp/hard\libm.a
LOAD c:/ti/ccs1011/ccs/tools/compiler/gcc-arm-none-eabi-9-2019-q4-major/bin/../lib/gcc/arm-none-eabi/9.2.1/../../../../arm-none-eabi/lib/thumb/v7e-m+fp/hard\libnosys.a
START GROUP
LOAD c:/ti/ccs1011/ccs/tools/compiler/gcc-arm-none-eabi-9-2019-q4-major/bin/../lib/gcc/arm-none-eabi/9.2.1/thumb/v7e-m+fp/hard\libgcc.a
LOAD c:/ti/ccs1011/ccs/tools/compiler/gcc-arm-none-eabi-9-2019-q4-major/bin/../lib/gcc/arm-none-eabi/9.2.1/../../../../arm-none-eabi/lib/thumb/v7e-m+fp/hard\libg_nano.a
LOAD c:/ti/ccs1011/ccs/tools/compiler/gcc-arm-none-eabi-9-2019-q4-major/bin/../lib/gcc/arm-none-eabi/9.2.1/../../../../arm-none-eabi/lib/thumb/v7e-m+fp/hard\libc_nano.a
END GROUP
START GROUP
LOAD c:/ti/ccs1011/ccs/tools/compiler/gcc-arm-none-eabi-9-2019-q4-major/bin/../lib/gcc/arm-none-eabi/9.2.1/thumb/v7e-m+fp/hard\libgcc.a
LOAD c:/ti/ccs1011/ccs/tools/compiler/gcc-arm-none-eabi-9-2019-q4-major/bin/../lib/gcc/arm-none-eabi/9.2.1/../../../../arm-none-eabi/lib/thumb/v7e-m+fp/hard\libc_nano.a
END GROUP
LOAD c:/ti/ccs1011/ccs/tools/compiler/gcc-arm-none-eabi-9-2019-q4-major/bin/../lib/gcc/arm-none-eabi/9.2.1/thumb/v7e-m+fp/hard/crtend.o
LOAD c:/ti/ccs1011/ccs/tools/compiler/gcc-arm-none-eabi-9-2019-q4-major/bin/../lib/gcc/arm-none-eabi/9.2.1/thumb/v7e-m+fp/hard/crtn.o
OUTPUT(snake_proj.out elf32-littlearm)

.ARM.attributes
                0x00000000       0x30
 .ARM.attributes
                0x00000000       0x1e c:/ti/ccs1011/ccs/tools/compiler/gcc-arm-none-eabi-9-2019-q4-major/bin/../lib/gcc/arm-none-eabi/9.2.1/thumb/v7e-m+fp/hard/crti.o
 .ARM.attributes
                0x0000001e       0x34 c:/ti/ccs1011/ccs/tools/compiler/gcc-arm-none-eabi-9-2019-q4-major/bin/../lib/gcc/arm-none-eabi/9.2.1/thumb/v7e-m+fp/hard/crtbegin.o
 .ARM.attributes
                0x00000052       0x1c c:/ti/ccs1011/ccs/tools/compiler/gcc-arm-none-eabi-9-2019-q4-major/bin/../lib/gcc/arm-none-eabi/9.2.1/../../../../arm-none-eabi/lib/thumb/v7e-m+fp/hard/crt0.o
 .ARM.attributes
                0x0000006e       0x34 ./apple.o
 .ARM.attributes
                0x000000a2       0x34 ./graphics.o
 .ARM.attributes
                0x000000d6       0x34 ./main.o
 .ARM.attributes
                0x0000010a       0x34 ./snake.o
 .ARM.attributes
                0x0000013e       0x34 ./system_msp432p401r.o
 .ARM.attributes
                0x00000172       0x34 ./LcdDriver/Crystalfontz128x128_ST7735.o
 .ARM.attributes
                0x000001a6       0x34 ./LcdDriver/HAL_MSP_EXP432P401R_Crystalfontz128x128_ST7735.o
 .ARM.attributes
                0x000001da       0x34 ./gcc/startup_msp432p401r_gcc.o
 .ARM.attributes
                0x0000020e       0x5e C:/ti/simplelink_msp432p4_sdk_3_40_01_02/source/ti/devices/msp432p4xx/driverlib/ccs/msp432p4xx_driverlib.lib(adc14.o)
 .ARM.attributes
                0x0000026c       0x5e C:/ti/simplelink_msp432p4_sdk_3_40_01_02/source/ti/devices/msp432p4xx/driverlib/ccs/msp432p4xx_driverlib.lib(gpio.o)
 .ARM.attributes
                0x000002ca       0x5e C:/ti/simplelink_msp432p4_sdk_3_40_01_02/source/ti/devices/msp432p4xx/driverlib/ccs/msp432p4xx_driverlib.lib(interrupt.o)
 .ARM.attributes
                0x00000328       0x5e C:/ti/simplelink_msp432p4_sdk_3_40_01_02/source/ti/devices/msp432p4xx/driverlib/ccs/msp432p4xx_driverlib.lib(spi.o)
 .ARM.attributes
                0x00000386       0x5e C:/ti/simplelink_msp432p4_sdk_3_40_01_02/source/ti/devices/msp432p4xx/driverlib/ccs/msp432p4xx_driverlib.lib(cpu.o)
 .ARM.attributes
                0x000003e4       0x39 C:/ti/simplelink_msp432p4_sdk_3_40_01_02/source/ti/grlib/lib/gcc/m4f\grlib.a(circle.obj)
 .ARM.attributes
                0x0000041d       0x39 C:/ti/simplelink_msp432p4_sdk_3_40_01_02/source/ti/grlib/lib/gcc/m4f\grlib.a(context.obj)
 .ARM.attributes
                0x00000456       0x39 C:/ti/simplelink_msp432p4_sdk_3_40_01_02/source/ti/grlib/lib/gcc/m4f\grlib.a(display.obj)
 .ARM.attributes
                0x0000048f       0x39 C:/ti/simplelink_msp432p4_sdk_3_40_01_02/source/ti/grlib/lib/gcc/m4f\grlib.a(fontfixed6x8.obj)
 .ARM.attributes
                0x000004c8       0x39 C:/ti/simplelink_msp432p4_sdk_3_40_01_02/source/ti/grlib/lib/gcc/m4f\grlib.a(line.obj)
 .ARM.attributes
                0x00000501       0x39 C:/ti/simplelink_msp432p4_sdk_3_40_01_02/source/ti/grlib/lib/gcc/m4f\grlib.a(rectangle.obj)
 .ARM.attributes
                0x0000053a       0x39 C:/ti/simplelink_msp432p4_sdk_3_40_01_02/source/ti/grlib/lib/gcc/m4f\grlib.a(string.obj)
 .ARM.attributes
                0x00000573       0x34 c:/ti/ccs1011/ccs/tools/compiler/gcc-arm-none-eabi-9-2019-q4-major/bin/../lib/gcc/arm-none-eabi/9.2.1/../../../../arm-none-eabi/lib/thumb/v7e-m+fp/hard\libc_nano.a(lib_a-exit.o)
 .ARM.attributes
                0x000005a7       0x32 c:/ti/ccs1011/ccs/tools/compiler/gcc-arm-none-eabi-9-2019-q4-major/bin/../lib/gcc/arm-none-eabi/9.2.1/../../../../arm-none-eabi/lib/thumb/v7e-m+fp/hard\libc_nano.a(lib_a-impure.o)
 .ARM.attributes
                0x000005d9       0x34 c:/ti/ccs1011/ccs/tools/compiler/gcc-arm-none-eabi-9-2019-q4-major/bin/../lib/gcc/arm-none-eabi/9.2.1/../../../../arm-none-eabi/lib/thumb/v7e-m+fp/hard\libc_nano.a(lib_a-init.o)
 .ARM.attributes
                0x0000060d       0x34 c:/ti/ccs1011/ccs/tools/compiler/gcc-arm-none-eabi-9-2019-q4-major/bin/../lib/gcc/arm-none-eabi/9.2.1/../../../../arm-none-eabi/lib/thumb/v7e-m+fp/hard\libc_nano.a(lib_a-malloc.o)
 .ARM.attributes
                0x00000641       0x34 c:/ti/ccs1011/ccs/tools/compiler/gcc-arm-none-eabi-9-2019-q4-major/bin/../lib/gcc/arm-none-eabi/9.2.1/../../../../arm-none-eabi/lib/thumb/v7e-m+fp/hard\libc_nano.a(lib_a-memset.o)
 .ARM.attributes
                0x00000675       0x34 c:/ti/ccs1011/ccs/tools/compiler/gcc-arm-none-eabi-9-2019-q4-major/bin/../lib/gcc/arm-none-eabi/9.2.1/../../../../arm-none-eabi/lib/thumb/v7e-m+fp/hard\libc_nano.a(lib_a-nano-freer.o)
 .ARM.attributes
                0x000006a9       0x34 c:/ti/ccs1011/ccs/tools/compiler/gcc-arm-none-eabi-9-2019-q4-major/bin/../lib/gcc/arm-none-eabi/9.2.1/../../../../arm-none-eabi/lib/thumb/v7e-m+fp/hard\libc_nano.a(lib_a-nano-mallocr.o)
 .ARM.attributes
                0x000006dd       0x34 c:/ti/ccs1011/ccs/tools/compiler/gcc-arm-none-eabi-9-2019-q4-major/bin/../lib/gcc/arm-none-eabi/9.2.1/../../../../arm-none-eabi/lib/thumb/v7e-m+fp/hard\libc_nano.a(lib_a-rand.o)
 .ARM.attributes
                0x00000711       0x34 c:/ti/ccs1011/ccs/tools/compiler/gcc-arm-none-eabi-9-2019-q4-major/bin/../lib/gcc/arm-none-eabi/9.2.1/../../../../arm-none-eabi/lib/thumb/v7e-m+fp/hard\libc_nano.a(lib_a-sbrkr.o)
 .ARM.attributes
                0x00000745       0x34 c:/ti/ccs1011/ccs/tools/compiler/gcc-arm-none-eabi-9-2019-q4-major/bin/../lib/gcc/arm-none-eabi/9.2.1/../../../../arm-none-eabi/lib/thumb/v7e-m+fp/hard\libc_nano.a(lib_a-sprintf.o)
 .ARM.attributes
                0x00000779       0x34 c:/ti/ccs1011/ccs/tools/compiler/gcc-arm-none-eabi-9-2019-q4-major/bin/../lib/gcc/arm-none-eabi/9.2.1/../../../../arm-none-eabi/lib/thumb/v7e-m+fp/hard\libc_nano.a(lib_a-time.o)
 .ARM.attributes
                0x000007ad       0x34 c:/ti/ccs1011/ccs/tools/compiler/gcc-arm-none-eabi-9-2019-q4-major/bin/../lib/gcc/arm-none-eabi/9.2.1/../../../../arm-none-eabi/lib/thumb/v7e-m+fp/hard\libc_nano.a(lib_a-gettimeofdayr.o)
 .ARM.attributes
                0x000007e1       0x34 c:/ti/ccs1011/ccs/tools/compiler/gcc-arm-none-eabi-9-2019-q4-major/bin/../lib/gcc/arm-none-eabi/9.2.1/../../../../arm-none-eabi/lib/thumb/v7e-m+fp/hard\libc_nano.a(lib_a-mlock.o)
 .ARM.attributes
                0x00000815       0x34 c:/ti/ccs1011/ccs/tools/compiler/gcc-arm-none-eabi-9-2019-q4-major/bin/../lib/gcc/arm-none-eabi/9.2.1/../../../../arm-none-eabi/lib/thumb/v7e-m+fp/hard\libc_nano.a(lib_a-nano-svfprintf.o)
 .ARM.attributes
                0x00000849       0x34 c:/ti/ccs1011/ccs/tools/compiler/gcc-arm-none-eabi-9-2019-q4-major/bin/../lib/gcc/arm-none-eabi/9.2.1/../../../../arm-none-eabi/lib/thumb/v7e-m+fp/hard\libc_nano.a(lib_a-nano-vfprintf_i.o)
 .ARM.attributes
                0x0000087d       0x34 c:/ti/ccs1011/ccs/tools/compiler/gcc-arm-none-eabi-9-2019-q4-major/bin/../lib/gcc/arm-none-eabi/9.2.1/../../../../arm-none-eabi/lib/thumb/v7e-m+fp/hard\libc_nano.a(lib_a-reent.o)
 .ARM.attributes
                0x000008b1       0x34 c:/ti/ccs1011/ccs/tools/compiler/gcc-arm-none-eabi-9-2019-q4-major/bin/../lib/gcc/arm-none-eabi/9.2.1/../../../../arm-none-eabi/lib/thumb/v7e-m+fp/hard\libc_nano.a(lib_a-lock.o)
 .ARM.attributes
                0x000008e5       0x1c c:/ti/ccs1011/ccs/tools/compiler/gcc-arm-none-eabi-9-2019-q4-major/bin/../lib/gcc/arm-none-eabi/9.2.1/../../../../arm-none-eabi/lib/thumb/v7e-m+fp/hard\libc_nano.a(lib_a-memchr.o)
 .ARM.attributes
                0x00000901       0x34 c:/ti/ccs1011/ccs/tools/compiler/gcc-arm-none-eabi-9-2019-q4-major/bin/../lib/gcc/arm-none-eabi/9.2.1/../../../../arm-none-eabi/lib/thumb/v7e-m+fp/hard\libc_nano.a(lib_a-memcpy-stub.o)
 .ARM.attributes
                0x00000935       0x34 c:/ti/ccs1011/ccs/tools/compiler/gcc-arm-none-eabi-9-2019-q4-major/bin/../lib/gcc/arm-none-eabi/9.2.1/../../../../arm-none-eabi/lib/thumb/v7e-m+fp/hard\libc_nano.a(lib_a-memmove.o)
 .ARM.attributes
                0x00000969       0x34 c:/ti/ccs1011/ccs/tools/compiler/gcc-arm-none-eabi-9-2019-q4-major/bin/../lib/gcc/arm-none-eabi/9.2.1/../../../../arm-none-eabi/lib/thumb/v7e-m+fp/hard\libc_nano.a(lib_a-nano-reallocr.o)
 .ARM.attributes
                0x0000099d       0x34 c:/ti/ccs1011/ccs/tools/compiler/gcc-arm-none-eabi-9-2019-q4-major/bin/../lib/gcc/arm-none-eabi/9.2.1/../../../../arm-none-eabi/lib/thumb/v7e-m+fp/hard\libc_nano.a(lib_a-nano-msizer.o)
 .ARM.attributes
                0x000009d1       0x34 c:/ti/ccs1011/ccs/tools/compiler/gcc-arm-none-eabi-9-2019-q4-major/bin/../lib/gcc/arm-none-eabi/9.2.1/../../../../arm-none-eabi/lib/thumb/v7e-m+fp/hard\libnosys.a(gettod.o)
 .ARM.attributes
                0x00000a05       0x34 c:/ti/ccs1011/ccs/tools/compiler/gcc-arm-none-eabi-9-2019-q4-major/bin/../lib/gcc/arm-none-eabi/9.2.1/../../../../arm-none-eabi/lib/thumb/v7e-m+fp/hard\libnosys.a(sbrk.o)
 .ARM.attributes
                0x00000a39       0x34 c:/ti/ccs1011/ccs/tools/compiler/gcc-arm-none-eabi-9-2019-q4-major/bin/../lib/gcc/arm-none-eabi/9.2.1/../../../../arm-none-eabi/lib/thumb/v7e-m+fp/hard\libnosys.a(_exit.o)
 .ARM.attributes
                0x00000a6d       0x32 c:/ti/ccs1011/ccs/tools/compiler/gcc-arm-none-eabi-9-2019-q4-major/bin/../lib/gcc/arm-none-eabi/9.2.1/thumb/v7e-m+fp/hard/crtend.o
 .ARM.attributes
                0x00000a9f       0x1e c:/ti/ccs1011/ccs/tools/compiler/gcc-arm-none-eabi-9-2019-q4-major/bin/../lib/gcc/arm-none-eabi/9.2.1/thumb/v7e-m+fp/hard/crtn.o

.comment        0x00000000       0xf7
 .comment       0x00000000       0x79 ./apple.o
                                 0x7a (size before relaxing)
 .comment       0x00000079       0x7a ./graphics.o
 .comment       0x00000079       0x7a ./main.o
 .comment       0x00000079       0x7a ./snake.o
 .comment       0x00000079       0x7a ./system_msp432p401r.o
 .comment       0x00000079       0x7a ./LcdDriver/Crystalfontz128x128_ST7735.o
 .comment       0x00000079       0x7a ./LcdDriver/HAL_MSP_EXP432P401R_Crystalfontz128x128_ST7735.o
 .comment       0x00000079       0x7a ./gcc/startup_msp432p401r_gcc.o
 .comment       0x00000079       0x7e C:/ti/simplelink_msp432p4_sdk_3_40_01_02/source/ti/grlib/lib/gcc/m4f\grlib.a(circle.obj)
                                 0x7f (size before relaxing)
 .comment       0x000000f7       0x7f C:/ti/simplelink_msp432p4_sdk_3_40_01_02/source/ti/grlib/lib/gcc/m4f\grlib.a(context.obj)
 .comment       0x000000f7       0x7f C:/ti/simplelink_msp432p4_sdk_3_40_01_02/source/ti/grlib/lib/gcc/m4f\grlib.a(display.obj)
 .comment       0x000000f7       0x7f C:/ti/simplelink_msp432p4_sdk_3_40_01_02/source/ti/grlib/lib/gcc/m4f\grlib.a(fontfixed6x8.obj)
 .comment       0x000000f7       0x7f C:/ti/simplelink_msp432p4_sdk_3_40_01_02/source/ti/grlib/lib/gcc/m4f\grlib.a(line.obj)
 .comment       0x000000f7       0x7f C:/ti/simplelink_msp432p4_sdk_3_40_01_02/source/ti/grlib/lib/gcc/m4f\grlib.a(rectangle.obj)
 .comment       0x000000f7       0x7f C:/ti/simplelink_msp432p4_sdk_3_40_01_02/source/ti/grlib/lib/gcc/m4f\grlib.a(string.obj)

.TI.symbol.alias
                0x00000000       0x2d
 .TI.symbol.alias
                0x00000000        0x9 C:/ti/simplelink_msp432p4_sdk_3_40_01_02/source/ti/devices/msp432p4xx/driverlib/ccs/msp432p4xx_driverlib.lib(adc14.o)
 .TI.symbol.alias
                0x00000009        0x9 C:/ti/simplelink_msp432p4_sdk_3_40_01_02/source/ti/devices/msp432p4xx/driverlib/ccs/msp432p4xx_driverlib.lib(gpio.o)
 .TI.symbol.alias
                0x00000012        0x9 C:/ti/simplelink_msp432p4_sdk_3_40_01_02/source/ti/devices/msp432p4xx/driverlib/ccs/msp432p4xx_driverlib.lib(interrupt.o)
 .TI.symbol.alias
                0x0000001b        0x9 C:/ti/simplelink_msp432p4_sdk_3_40_01_02/source/ti/devices/msp432p4xx/driverlib/ccs/msp432p4xx_driverlib.lib(spi.o)
 .TI.symbol.alias
                0x00000024        0x9 C:/ti/simplelink_msp432p4_sdk_3_40_01_02/source/ti/devices/msp432p4xx/driverlib/ccs/msp432p4xx_driverlib.lib(cpu.o)

.TI.section.flags
                0x00000000       0x82
 .TI.section.flags
                0x00000000       0x1a C:/ti/simplelink_msp432p4_sdk_3_40_01_02/source/ti/devices/msp432p4xx/driverlib/ccs/msp432p4xx_driverlib.lib(adc14.o)
 .TI.section.flags
                0x0000001a       0x1a C:/ti/simplelink_msp432p4_sdk_3_40_01_02/source/ti/devices/msp432p4xx/driverlib/ccs/msp432p4xx_driverlib.lib(gpio.o)
 .TI.section.flags
                0x00000034       0x1a C:/ti/simplelink_msp432p4_sdk_3_40_01_02/source/ti/devices/msp432p4xx/driverlib/ccs/msp432p4xx_driverlib.lib(interrupt.o)
 .TI.section.flags
                0x0000004e       0x1a C:/ti/simplelink_msp432p4_sdk_3_40_01_02/source/ti/devices/msp432p4xx/driverlib/ccs/msp432p4xx_driverlib.lib(spi.o)
 .TI.section.flags
                0x00000068       0x1a C:/ti/simplelink_msp432p4_sdk_3_40_01_02/source/ti/devices/msp432p4xx/driverlib/ccs/msp432p4xx_driverlib.lib(cpu.o)

.debug_info     0x00000000    0x299bd
 .debug_info    0x00000000     0x1715 ./apple.o
 .debug_info    0x00001715     0x1932 ./graphics.o
 .debug_info    0x00003047     0x1ab1 ./main.o
 .debug_info    0x00004af8     0x1905 ./snake.o
 .debug_info    0x000063fd      0xdfb ./system_msp432p401r.o
 .debug_info    0x000071f8     0x11c3 ./LcdDriver/Crystalfontz128x128_ST7735.o
 .debug_info    0x000083bb      0xbad ./LcdDriver/HAL_MSP_EXP432P401R_Crystalfontz128x128_ST7735.o
 .debug_info    0x00008f68      0x14e ./gcc/startup_msp432p401r_gcc.o
 .debug_info    0x000090b6      0x706 C:/ti/simplelink_msp432p4_sdk_3_40_01_02/source/ti/devices/msp432p4xx/driverlib/ccs/msp432p4xx_driverlib.lib(adc14.o)
 .debug_info    0x000097bc      0x124 C:/ti/simplelink_msp432p4_sdk_3_40_01_02/source/ti/devices/msp432p4xx/driverlib/ccs/msp432p4xx_driverlib.lib(adc14.o)
 .debug_info    0x000098e0      0x1d9 C:/ti/simplelink_msp432p4_sdk_3_40_01_02/source/ti/devices/msp432p4xx/driverlib/ccs/msp432p4xx_driverlib.lib(adc14.o)
 .debug_info    0x00009ab9      0x1b8 C:/ti/simplelink_msp432p4_sdk_3_40_01_02/source/ti/devices/msp432p4xx/driverlib/ccs/msp432p4xx_driverlib.lib(adc14.o)
 .debug_info    0x00009c71      0x1ad C:/ti/simplelink_msp432p4_sdk_3_40_01_02/source/ti/devices/msp432p4xx/driverlib/ccs/msp432p4xx_driverlib.lib(adc14.o)
 .debug_info    0x00009e1e      0x1d0 C:/ti/simplelink_msp432p4_sdk_3_40_01_02/source/ti/devices/msp432p4xx/driverlib/ccs/msp432p4xx_driverlib.lib(adc14.o)
 .debug_info    0x00009fee      0x233 C:/ti/simplelink_msp432p4_sdk_3_40_01_02/source/ti/devices/msp432p4xx/driverlib/ccs/msp432p4xx_driverlib.lib(adc14.o)
 .debug_info    0x0000a221      0x1da C:/ti/simplelink_msp432p4_sdk_3_40_01_02/source/ti/devices/msp432p4xx/driverlib/ccs/msp432p4xx_driverlib.lib(adc14.o)
 .debug_info    0x0000a3fb      0x2fa C:/ti/simplelink_msp432p4_sdk_3_40_01_02/source/ti/devices/msp432p4xx/driverlib/ccs/msp432p4xx_driverlib.lib(adc14.o)
 .debug_info    0x0000a6f5      0x1ea C:/ti/simplelink_msp432p4_sdk_3_40_01_02/source/ti/devices/msp432p4xx/driverlib/ccs/msp432p4xx_driverlib.lib(adc14.o)
 .debug_info    0x0000a8df      0x1b3 C:/ti/simplelink_msp432p4_sdk_3_40_01_02/source/ti/devices/msp432p4xx/driverlib/ccs/msp432p4xx_driverlib.lib(adc14.o)
 .debug_info    0x0000aa92      0x24d C:/ti/simplelink_msp432p4_sdk_3_40_01_02/source/ti/devices/msp432p4xx/driverlib/ccs/msp432p4xx_driverlib.lib(adc14.o)
 .debug_info    0x0000acdf      0x27d C:/ti/simplelink_msp432p4_sdk_3_40_01_02/source/ti/devices/msp432p4xx/driverlib/ccs/msp432p4xx_driverlib.lib(adc14.o)
 .debug_info    0x0000af5c      0x308 C:/ti/simplelink_msp432p4_sdk_3_40_01_02/source/ti/devices/msp432p4xx/driverlib/ccs/msp432p4xx_driverlib.lib(adc14.o)
 .debug_info    0x0000b264      0x29b C:/ti/simplelink_msp432p4_sdk_3_40_01_02/source/ti/devices/msp432p4xx/driverlib/ccs/msp432p4xx_driverlib.lib(adc14.o)
 .debug_info    0x0000b4ff      0x1d9 C:/ti/simplelink_msp432p4_sdk_3_40_01_02/source/ti/devices/msp432p4xx/driverlib/ccs/msp432p4xx_driverlib.lib(adc14.o)
 .debug_info    0x0000b6d8      0x1ca C:/ti/simplelink_msp432p4_sdk_3_40_01_02/source/ti/devices/msp432p4xx/driverlib/ccs/msp432p4xx_driverlib.lib(adc14.o)
 .debug_info    0x0000b8a2      0x1ba C:/ti/simplelink_msp432p4_sdk_3_40_01_02/source/ti/devices/msp432p4xx/driverlib/ccs/msp432p4xx_driverlib.lib(adc14.o)
 .debug_info    0x0000ba5c      0x1a8 C:/ti/simplelink_msp432p4_sdk_3_40_01_02/source/ti/devices/msp432p4xx/driverlib/ccs/msp432p4xx_driverlib.lib(adc14.o)
 .debug_info    0x0000bc04      0x38b C:/ti/simplelink_msp432p4_sdk_3_40_01_02/source/ti/devices/msp432p4xx/driverlib/ccs/msp432p4xx_driverlib.lib(adc14.o)
 .debug_info    0x0000bf8f      0x305 C:/ti/simplelink_msp432p4_sdk_3_40_01_02/source/ti/devices/msp432p4xx/driverlib/ccs/msp432p4xx_driverlib.lib(adc14.o)
 .debug_info    0x0000c294      0x274 C:/ti/simplelink_msp432p4_sdk_3_40_01_02/source/ti/devices/msp432p4xx/driverlib/ccs/msp432p4xx_driverlib.lib(adc14.o)
 .debug_info    0x0000c508      0x256 C:/ti/simplelink_msp432p4_sdk_3_40_01_02/source/ti/devices/msp432p4xx/driverlib/ccs/msp432p4xx_driverlib.lib(adc14.o)
 .debug_info    0x0000c75e      0x21a C:/ti/simplelink_msp432p4_sdk_3_40_01_02/source/ti/devices/msp432p4xx/driverlib/ccs/msp432p4xx_driverlib.lib(adc14.o)
 .debug_info    0x0000c978      0x22f C:/ti/simplelink_msp432p4_sdk_3_40_01_02/source/ti/devices/msp432p4xx/driverlib/ccs/msp432p4xx_driverlib.lib(adc14.o)
 .debug_info    0x0000cba7      0x20f C:/ti/simplelink_msp432p4_sdk_3_40_01_02/source/ti/devices/msp432p4xx/driverlib/ccs/msp432p4xx_driverlib.lib(adc14.o)
 .debug_info    0x0000cdb6      0x32f C:/ti/simplelink_msp432p4_sdk_3_40_01_02/source/ti/devices/msp432p4xx/driverlib/ccs/msp432p4xx_driverlib.lib(adc14.o)
 .debug_info    0x0000d0e5      0x1e1 C:/ti/simplelink_msp432p4_sdk_3_40_01_02/source/ti/devices/msp432p4xx/driverlib/ccs/msp432p4xx_driverlib.lib(adc14.o)
 .debug_info    0x0000d2c6      0x1e3 C:/ti/simplelink_msp432p4_sdk_3_40_01_02/source/ti/devices/msp432p4xx/driverlib/ccs/msp432p4xx_driverlib.lib(adc14.o)
 .debug_info    0x0000d4a9      0x214 C:/ti/simplelink_msp432p4_sdk_3_40_01_02/source/ti/devices/msp432p4xx/driverlib/ccs/msp432p4xx_driverlib.lib(adc14.o)
 .debug_info    0x0000d6bd      0x1eb C:/ti/simplelink_msp432p4_sdk_3_40_01_02/source/ti/devices/msp432p4xx/driverlib/ccs/msp432p4xx_driverlib.lib(adc14.o)
 .debug_info    0x0000d8a8      0x1ed C:/ti/simplelink_msp432p4_sdk_3_40_01_02/source/ti/devices/msp432p4xx/driverlib/ccs/msp432p4xx_driverlib.lib(adc14.o)
 .debug_info    0x0000da95      0x1d6 C:/ti/simplelink_msp432p4_sdk_3_40_01_02/source/ti/devices/msp432p4xx/driverlib/ccs/msp432p4xx_driverlib.lib(adc14.o)
 .debug_info    0x0000dc6b      0x1ff C:/ti/simplelink_msp432p4_sdk_3_40_01_02/source/ti/devices/msp432p4xx/driverlib/ccs/msp432p4xx_driverlib.lib(adc14.o)
 .debug_info    0x0000de6a      0x1f1 C:/ti/simplelink_msp432p4_sdk_3_40_01_02/source/ti/devices/msp432p4xx/driverlib/ccs/msp432p4xx_driverlib.lib(adc14.o)
 .debug_info    0x0000e05b      0x237 C:/ti/simplelink_msp432p4_sdk_3_40_01_02/source/ti/devices/msp432p4xx/driverlib/ccs/msp432p4xx_driverlib.lib(adc14.o)
 .debug_info    0x0000e292      0x203 C:/ti/simplelink_msp432p4_sdk_3_40_01_02/source/ti/devices/msp432p4xx/driverlib/ccs/msp432p4xx_driverlib.lib(adc14.o)
 .debug_info    0x0000e495     0x431a C:/ti/simplelink_msp432p4_sdk_3_40_01_02/source/ti/devices/msp432p4xx/driverlib/ccs/msp432p4xx_driverlib.lib(adc14.o)
                0x0000e495                __TI_DW.debug_info.msp432p4xx.h.7995bed03c608222548cbea7a91b98e5
 .debug_info    0x000127af      0x26b C:/ti/simplelink_msp432p4_sdk_3_40_01_02/source/ti/devices/msp432p4xx/driverlib/ccs/msp432p4xx_driverlib.lib(adc14.o)
                0x000127af                __TI_DW.debug_info._types.h.43d1cacce190b95e6437fd847148530d
 .debug_info    0x00012a1a     0x1028 C:/ti/simplelink_msp432p4_sdk_3_40_01_02/source/ti/devices/msp432p4xx/driverlib/ccs/msp432p4xx_driverlib.lib(adc14.o)
                0x00012a1a                __TI_DW.debug_info.core_cm4.h.01c8019c2e101b6384b0d9572cfaf814
 .debug_info    0x00013a42       0x5e C:/ti/simplelink_msp432p4_sdk_3_40_01_02/source/ti/devices/msp432p4xx/driverlib/ccs/msp432p4xx_driverlib.lib(adc14.o)
                0x00013a42                __TI_DW.debug_info.mpu_armv7.h.c2ae777c5022cbae8e247e467964d6ac
 .debug_info    0x00013aa0       0xc9 C:/ti/simplelink_msp432p4_sdk_3_40_01_02/source/ti/devices/msp432p4xx/driverlib/ccs/msp432p4xx_driverlib.lib(adc14.o)
                0x00013aa0                __TI_DW.debug_info.cmsis_compiler.h.d9762072abca02af697eda003fbebbd1
 .debug_info    0x00013b69       0x8b C:/ti/simplelink_msp432p4_sdk_3_40_01_02/source/ti/devices/msp432p4xx/driverlib/ccs/msp432p4xx_driverlib.lib(adc14.o)
                0x00013b69                __TI_DW.debug_info.$base_types.a3001db55c69772f4e2efd565078122a
 .debug_info    0x00013bf4      0x297 C:/ti/simplelink_msp432p4_sdk_3_40_01_02/source/ti/devices/msp432p4xx/driverlib/ccs/msp432p4xx_driverlib.lib(adc14.o)
                0x00013bf4                __TI_DW.debug_info._types.h.e7a3952d1825457eb36f221a12d89d4c
 .debug_info    0x00013e8b       0xef C:/ti/simplelink_msp432p4_sdk_3_40_01_02/source/ti/devices/msp432p4xx/driverlib/ccs/msp432p4xx_driverlib.lib(adc14.o)
                0x00013e8b                __TI_DW.debug_info.stdint.h.bea3b7b0a29703fc756909815d78587f
 .debug_info    0x00013f7a       0xbb C:/ti/simplelink_msp432p4_sdk_3_40_01_02/source/ti/devices/msp432p4xx/driverlib/ccs/msp432p4xx_driverlib.lib(adc14.o)
                0x00013f7a                __TI_DW.debug_info._stdint.h.85daf7c5502c6bd1b05ba18825ca6ecf
 .debug_info    0x00014035      0x701 C:/ti/simplelink_msp432p4_sdk_3_40_01_02/source/ti/devices/msp432p4xx/driverlib/ccs/msp432p4xx_driverlib.lib(gpio.o)
 .debug_info    0x00014736      0x133 C:/ti/simplelink_msp432p4_sdk_3_40_01_02/source/ti/devices/msp432p4xx/driverlib/ccs/msp432p4xx_driverlib.lib(gpio.o)
 .debug_info    0x00014869      0x135 C:/ti/simplelink_msp432p4_sdk_3_40_01_02/source/ti/devices/msp432p4xx/driverlib/ccs/msp432p4xx_driverlib.lib(gpio.o)
 .debug_info    0x0001499e      0x252 C:/ti/simplelink_msp432p4_sdk_3_40_01_02/source/ti/devices/msp432p4xx/driverlib/ccs/msp432p4xx_driverlib.lib(gpio.o)
 .debug_info    0x00014bf0      0x250 C:/ti/simplelink_msp432p4_sdk_3_40_01_02/source/ti/devices/msp432p4xx/driverlib/ccs/msp432p4xx_driverlib.lib(gpio.o)
 .debug_info    0x00014e40      0x2a5 C:/ti/simplelink_msp432p4_sdk_3_40_01_02/source/ti/devices/msp432p4xx/driverlib/ccs/msp432p4xx_driverlib.lib(gpio.o)
 .debug_info    0x000150e5      0x2a3 C:/ti/simplelink_msp432p4_sdk_3_40_01_02/source/ti/devices/msp432p4xx/driverlib/ccs/msp432p4xx_driverlib.lib(gpio.o)
 .debug_info    0x00015388      0x25a C:/ti/simplelink_msp432p4_sdk_3_40_01_02/source/ti/devices/msp432p4xx/driverlib/ccs/msp432p4xx_driverlib.lib(gpio.o)
 .debug_info    0x000155e2      0x258 C:/ti/simplelink_msp432p4_sdk_3_40_01_02/source/ti/devices/msp432p4xx/driverlib/ccs/msp432p4xx_driverlib.lib(gpio.o)
 .debug_info    0x0001583a      0x258 C:/ti/simplelink_msp432p4_sdk_3_40_01_02/source/ti/devices/msp432p4xx/driverlib/ccs/msp432p4xx_driverlib.lib(gpio.o)
 .debug_info    0x00015a92      0x278 C:/ti/simplelink_msp432p4_sdk_3_40_01_02/source/ti/devices/msp432p4xx/driverlib/ccs/msp432p4xx_driverlib.lib(gpio.o)
 .debug_info    0x00015d0a      0x274 C:/ti/simplelink_msp432p4_sdk_3_40_01_02/source/ti/devices/msp432p4xx/driverlib/ccs/msp432p4xx_driverlib.lib(gpio.o)
 .debug_info    0x00015f7e      0x27e C:/ti/simplelink_msp432p4_sdk_3_40_01_02/source/ti/devices/msp432p4xx/driverlib/ccs/msp432p4xx_driverlib.lib(gpio.o)
 .debug_info    0x000161fc      0x254 C:/ti/simplelink_msp432p4_sdk_3_40_01_02/source/ti/devices/msp432p4xx/driverlib/ccs/msp432p4xx_driverlib.lib(gpio.o)
 .debug_info    0x00016450      0x256 C:/ti/simplelink_msp432p4_sdk_3_40_01_02/source/ti/devices/msp432p4xx/driverlib/ccs/msp432p4xx_driverlib.lib(gpio.o)
 .debug_info    0x000166a6      0x25e C:/ti/simplelink_msp432p4_sdk_3_40_01_02/source/ti/devices/msp432p4xx/driverlib/ccs/msp432p4xx_driverlib.lib(gpio.o)
 .debug_info    0x00016904      0x25a C:/ti/simplelink_msp432p4_sdk_3_40_01_02/source/ti/devices/msp432p4xx/driverlib/ccs/msp432p4xx_driverlib.lib(gpio.o)
 .debug_info    0x00016b5e      0x298 C:/ti/simplelink_msp432p4_sdk_3_40_01_02/source/ti/devices/msp432p4xx/driverlib/ccs/msp432p4xx_driverlib.lib(gpio.o)
 .debug_info    0x00016df6      0x264 C:/ti/simplelink_msp432p4_sdk_3_40_01_02/source/ti/devices/msp432p4xx/driverlib/ccs/msp432p4xx_driverlib.lib(gpio.o)
 .debug_info    0x0001705a      0x25b C:/ti/simplelink_msp432p4_sdk_3_40_01_02/source/ti/devices/msp432p4xx/driverlib/ccs/msp432p4xx_driverlib.lib(gpio.o)
 .debug_info    0x000172b5      0x259 C:/ti/simplelink_msp432p4_sdk_3_40_01_02/source/ti/devices/msp432p4xx/driverlib/ccs/msp432p4xx_driverlib.lib(gpio.o)
 .debug_info    0x0001750e      0x28f C:/ti/simplelink_msp432p4_sdk_3_40_01_02/source/ti/devices/msp432p4xx/driverlib/ccs/msp432p4xx_driverlib.lib(gpio.o)
 .debug_info    0x0001779d      0x25b C:/ti/simplelink_msp432p4_sdk_3_40_01_02/source/ti/devices/msp432p4xx/driverlib/ccs/msp432p4xx_driverlib.lib(gpio.o)
 .debug_info    0x000179f8       0x84 C:/ti/simplelink_msp432p4_sdk_3_40_01_02/source/ti/devices/msp432p4xx/driverlib/ccs/msp432p4xx_driverlib.lib(gpio.o)
                0x000179f8                __TI_DW.debug_info.$base_types.c8c38483d660372cd06395436475430b
 .debug_info    0x00017a7c      0x68f C:/ti/simplelink_msp432p4_sdk_3_40_01_02/source/ti/devices/msp432p4xx/driverlib/ccs/msp432p4xx_driverlib.lib(interrupt.o)
 .debug_info    0x0001810b      0x132 C:/ti/simplelink_msp432p4_sdk_3_40_01_02/source/ti/devices/msp432p4xx/driverlib/ccs/msp432p4xx_driverlib.lib(interrupt.o)
 .debug_info    0x0001823d      0x12a C:/ti/simplelink_msp432p4_sdk_3_40_01_02/source/ti/devices/msp432p4xx/driverlib/ccs/msp432p4xx_driverlib.lib(interrupt.o)
 .debug_info    0x00018367      0x12e C:/ti/simplelink_msp432p4_sdk_3_40_01_02/source/ti/devices/msp432p4xx/driverlib/ccs/msp432p4xx_driverlib.lib(interrupt.o)
 .debug_info    0x00018495      0x130 C:/ti/simplelink_msp432p4_sdk_3_40_01_02/source/ti/devices/msp432p4xx/driverlib/ccs/msp432p4xx_driverlib.lib(interrupt.o)
 .debug_info    0x000185c5      0x132 C:/ti/simplelink_msp432p4_sdk_3_40_01_02/source/ti/devices/msp432p4xx/driverlib/ccs/msp432p4xx_driverlib.lib(interrupt.o)
 .debug_info    0x000186f7      0x136 C:/ti/simplelink_msp432p4_sdk_3_40_01_02/source/ti/devices/msp432p4xx/driverlib/ccs/msp432p4xx_driverlib.lib(interrupt.o)
 .debug_info    0x0001882d      0x137 C:/ti/simplelink_msp432p4_sdk_3_40_01_02/source/ti/devices/msp432p4xx/driverlib/ccs/msp432p4xx_driverlib.lib(interrupt.o)
 .debug_info    0x00018964      0x1ab C:/ti/simplelink_msp432p4_sdk_3_40_01_02/source/ti/devices/msp432p4xx/driverlib/ccs/msp432p4xx_driverlib.lib(interrupt.o)
 .debug_info    0x00018b0f      0x1d5 C:/ti/simplelink_msp432p4_sdk_3_40_01_02/source/ti/devices/msp432p4xx/driverlib/ccs/msp432p4xx_driverlib.lib(interrupt.o)
 .debug_info    0x00018ce4      0x1d7 C:/ti/simplelink_msp432p4_sdk_3_40_01_02/source/ti/devices/msp432p4xx/driverlib/ccs/msp432p4xx_driverlib.lib(interrupt.o)
 .debug_info    0x00018ebb      0x281 C:/ti/simplelink_msp432p4_sdk_3_40_01_02/source/ti/devices/msp432p4xx/driverlib/ccs/msp432p4xx_driverlib.lib(interrupt.o)
 .debug_info    0x0001913c      0x21e C:/ti/simplelink_msp432p4_sdk_3_40_01_02/source/ti/devices/msp432p4xx/driverlib/ccs/msp432p4xx_driverlib.lib(interrupt.o)
 .debug_info    0x0001935a      0x238 C:/ti/simplelink_msp432p4_sdk_3_40_01_02/source/ti/devices/msp432p4xx/driverlib/ccs/msp432p4xx_driverlib.lib(interrupt.o)
 .debug_info    0x00019592      0x202 C:/ti/simplelink_msp432p4_sdk_3_40_01_02/source/ti/devices/msp432p4xx/driverlib/ccs/msp432p4xx_driverlib.lib(interrupt.o)
 .debug_info    0x00019794      0x25a C:/ti/simplelink_msp432p4_sdk_3_40_01_02/source/ti/devices/msp432p4xx/driverlib/ccs/msp432p4xx_driverlib.lib(interrupt.o)
 .debug_info    0x000199ee      0x215 C:/ti/simplelink_msp432p4_sdk_3_40_01_02/source/ti/devices/msp432p4xx/driverlib/ccs/msp432p4xx_driverlib.lib(interrupt.o)
 .debug_info    0x00019c03      0x219 C:/ti/simplelink_msp432p4_sdk_3_40_01_02/source/ti/devices/msp432p4xx/driverlib/ccs/msp432p4xx_driverlib.lib(interrupt.o)