Archive member included to satisfy reference by file (symbol)

C:/ti/simplelink_msp432p4_sdk_3_40_01_02/source/ti/devices/msp432p4xx/driverlib/ccs/msp432p4xx_driverlib.lib(gpio.o)
                              ./LcdDriver/Crystalfontz128x128_ST7735.o (GPIO_setOutputHighOnPin)
C:/ti/simplelink_msp432p4_sdk_3_40_01_02/source/ti/devices/msp432p4xx/driverlib/ccs/msp432p4xx_driverlib.lib(interrupt.o)
                              C:/ti/simplelink_msp432p4_sdk_3_40_01_02/source/ti/devices/msp432p4xx/driverlib/ccs/msp432p4xx_driverlib.lib(gpio.o) (Interrupt_disableInterrupt)
C:/ti/simplelink_msp432p4_sdk_3_40_01_02/source/ti/devices/msp432p4xx/driverlib/ccs/msp432p4xx_driverlib.lib(spi.o)
                              ./LcdDriver/HAL_MSP_EXP432P401R_Crystalfontz128x128_ST7735.o (SPI_enableModule)
C:/ti/simplelink_msp432p4_sdk_3_40_01_02/source/ti/devices/msp432p4xx/driverlib/ccs/msp432p4xx_driverlib.lib(wdt_a.o)
                              ./main.o (WDT_A_holdTimer)
C:/ti/simplelink_msp432p4_sdk_3_40_01_02/source/ti/devices/msp432p4xx/driverlib/ccs/msp432p4xx_driverlib.lib(cpu.o)
                              C:/ti/simplelink_msp432p4_sdk_3_40_01_02/source/ti/devices/msp432p4xx/driverlib/ccs/msp432p4xx_driverlib.lib(interrupt.o) (CPU_basepriSet)
C:/ti/simplelink_msp432p4_sdk_3_40_01_02/source/ti/devices/msp432p4xx/driverlib/ccs/msp432p4xx_driverlib.lib(sysctl_a.o)
                              C:/ti/simplelink_msp432p4_sdk_3_40_01_02/source/ti/devices/msp432p4xx/driverlib/ccs/msp432p4xx_driverlib.lib(wdt_a.o) (SysCtl_A_setWDTPasswordViolationResetType)
C:/ti/simplelink_msp432p4_sdk_3_40_01_02/source/ti/grlib/lib/gcc/m4f\grlib.a(context.obj)
                              ./main.o (Graphics_initContext)
C:/ti/simplelink_msp432p4_sdk_3_40_01_02/source/ti/grlib/lib/gcc/m4f\grlib.a(display.obj)
                              C:/ti/simplelink_msp432p4_sdk_3_40_01_02/source/ti/grlib/lib/gcc/m4f\grlib.a(context.obj) (Graphics_drawPixelOnDisplay)
C:/ti/simplelink_msp432p4_sdk_3_40_01_02/source/ti/grlib/lib/gcc/m4f\grlib.a(fontfixed6x8.obj)
                              ./main.o (g_sFontFixed6x8)
C:/ti/simplelink_msp432p4_sdk_3_40_01_02/source/ti/grlib/lib/gcc/m4f\grlib.a(rectangle.obj)
                              ./graphics.o (Graphics_fillRectangle)
C:/ti/simplelink_msp432p4_sdk_3_40_01_02/source/ti/grlib/lib/gcc/m4f\grlib.a(line.obj)
                              C:/ti/simplelink_msp432p4_sdk_3_40_01_02/source/ti/grlib/lib/gcc/m4f\grlib.a(rectangle.obj) (Graphics_drawLineH)
c:/ti/ccs1011/ccs/tools/compiler/gcc-arm-none-eabi-9-2019-q4-major/bin/../lib/gcc/arm-none-eabi/9.2.1/../../../../arm-none-eabi/lib/thumb/v7e-m+fp/hard\libc_nano.a(lib_a-exit.o)
                              c:/ti/ccs1011/ccs/tools/compiler/gcc-arm-none-eabi-9-2019-q4-major/bin/../lib/gcc/arm-none-eabi/9.2.1/../../../../arm-none-eabi/lib/thumb/v7e-m+fp/hard/crt0.o (exit)
c:/ti/ccs1011/ccs/tools/compiler/gcc-arm-none-eabi-9-2019-q4-major/bin/../lib/gcc/arm-none-eabi/9.2.1/../../../../arm-none-eabi/lib/thumb/v7e-m+fp/hard\libc_nano.a(lib_a-impure.o)
                              c:/ti/ccs1011/ccs/tools/compiler/gcc-arm-none-eabi-9-2019-q4-major/bin/../lib/gcc/arm-none-eabi/9.2.1/../../../../arm-none-eabi/lib/thumb/v7e-m+fp/hard\libc_nano.a(lib_a-exit.o) (_global_impure_ptr)
c:/ti/ccs1011/ccs/tools/compiler/gcc-arm-none-eabi-9-2019-q4-major/bin/../lib/gcc/arm-none-eabi/9.2.1/../../../../arm-none-eabi/lib/thumb/v7e-m+fp/hard\libc_nano.a(lib_a-init.o)
                              c:/ti/ccs1011/ccs/tools/compiler/gcc-arm-none-eabi-9-2019-q4-major/bin/../lib/gcc/arm-none-eabi/9.2.1/../../../../arm-none-eabi/lib/thumb/v7e-m+fp/hard/crt0.o (__libc_init_array)
c:/ti/ccs1011/ccs/tools/compiler/gcc-arm-none-eabi-9-2019-q4-major/bin/../lib/gcc/arm-none-eabi/9.2.1/../../../../arm-none-eabi/lib/thumb/v7e-m+fp/hard\libc_nano.a(lib_a-memset.o)
                              c:/ti/ccs1011/ccs/tools/compiler/gcc-arm-none-eabi-9-2019-q4-major/bin/../lib/gcc/arm-none-eabi/9.2.1/../../../../arm-none-eabi/lib/thumb/v7e-m+fp/hard/crt0.o (memset)
c:/ti/ccs1011/ccs/tools/compiler/gcc-arm-none-eabi-9-2019-q4-major/bin/../lib/gcc/arm-none-eabi/9.2.1/../../../../arm-none-eabi/lib/thumb/v7e-m+fp/hard\libnosys.a(_exit.o)
                              c:/ti/ccs1011/ccs/tools/compiler/gcc-arm-none-eabi-9-2019-q4-major/bin/../lib/gcc/arm-none-eabi/9.2.1/../../../../arm-none-eabi/lib/thumb/v7e-m+fp/hard\libc_nano.a(lib_a-exit.o) (_exit)

Allocating common symbols
Common symbol       size              file

Lcd_FontSolid       0x1               ./LcdDriver/Crystalfontz128x128_ST7735.o
Lcd_FlagRead        0x1               ./LcdDriver/Crystalfontz128x128_ST7735.o
Lcd_ScreenWidth     0x2               ./LcdDriver/Crystalfontz128x128_ST7735.o
Lcd_TouchTrim       0x2               ./LcdDriver/Crystalfontz128x128_ST7735.o
g_sContext          0x1c              ./main.o
Lcd_ScreenHeigth    0x2               ./LcdDriver/Crystalfontz128x128_ST7735.o
[...]
Memory Configuration

Name             Origin             Length             Attributes
MAIN_FLASH       0x00000000         0x00040000         xr
INFO_FLASH       0x00200000         0x00004000         xr
SRAM_CODE        0x01000000         0x00010000         xrw
SRAM_DATA        0x20000000         0x00010000         rw
*default*        0x00000000         0xffffffff

Linker script and memory map

LOAD c:/ti/ccs1011/ccs/tools/compiler/gcc-arm-none-eabi-9-2019-q4-major/bin/../lib/gcc/arm-none-eabi/9.2.1/thumb/v7e-m+fp/hard/crti.o
LOAD c:/ti/ccs1011/ccs/tools/compiler/gcc-arm-none-eabi-9-2019-q4-major/bin/../lib/gcc/arm-none-eabi/9.2.1/thumb/v7e-m+fp/hard/crtbegin.o
LOAD c:/ti/ccs1011/ccs/tools/compiler/gcc-arm-none-eabi-9-2019-q4-major/bin/../lib/gcc/arm-none-eabi/9.2.1/../../../../arm-none-eabi/lib/thumb/v7e-m+fp/hard/crt0.o
LOAD ./graphics.o
LOAD ./main.o
LOAD ./snake.o
LOAD ./system_msp432p401r.o
LOAD ./LcdDriver/Crystalfontz128x128_ST7735.o
LOAD ./LcdDriver/HAL_MSP_EXP432P401R_Crystalfontz128x128_ST7735.o
LOAD ./gcc/startup_msp432p401r_gcc.o
                0x00000000                PROVIDE (_intvecs_base_address = DEFINED (_intvecs_base_address)?_intvecs_base_address:0x0)

.intvecs        0x00000000       0xe4
 *(.intvecs)
 .intvecs       0x00000000       0xe4 ./gcc/startup_msp432p401r_gcc.o
                0x00000000                interruptVectors
                0x00200000                PROVIDE (_mailbox_base_address = 0x200000)

.flashMailbox
 *(.flashMailbox)
                0x00201000                PROVIDE (_tlv_base_address = 0x201000)

.tlvTable
 *(.tlvTable)
                0x00202000                PROVIDE (_bsl_base_address = 0x202000)

.bslArea
 *(.bslArea)
                0x20000000                PROVIDE (_vtable_base_address = DEFINED (_vtable_base_address)?_vtable_base_address:0x20000000)

.vtable         0x20000000       0xe8
 *(.vtable)
 *fill*         0x20000000        0x0 
 .vtable        0x20000000       0xe8 C:/ti/simplelink_msp432p4_sdk_3_40_01_02/source/ti/devices/msp432p4xx/driverlib/ccs/msp432p4xx_driverlib.lib(interrupt.o)
                0x20000000                g_pfnRAMVectors

.text           0x000000e4      0xe60
 CREATE_OBJECT_SYMBOLS
 *(.text)
 .text          0x000000e4        0x0 c:/ti/ccs1011/ccs/tools/compiler/gcc-arm-none-eabi-9-2019-q4-major/bin/../lib/gcc/arm-none-eabi/9.2.1/thumb/v7e-m+fp/hard/crti.o
 .text          0x000000e4       0x40 c:/ti/ccs1011/ccs/tools/compiler/gcc-arm-none-eabi-9-2019-q4-major/bin/../lib/gcc/arm-none-eabi/9.2.1/thumb/v7e-m+fp/hard/crtbegin.o
 .text          0x00000124       0x74 c:/ti/ccs1011/ccs/tools/compiler/gcc-arm-none-eabi-9-2019-q4-major/bin/../lib/gcc/arm-none-eabi/9.2.1/../../../../arm-none-eabi/lib/thumb/v7e-m+fp/hard/crt0.o
                0x00000124                _start
                0x00000124                _mainCRTStartup
 .text          0x00000198        0x0 ./graphics.o
 .text          0x00000198        0x0 ./main.o
 .text          0x00000198        0x0 ./snake.o
 .text          0x00000198        0x0 ./system_msp432p401r.o
 .text          0x00000198        0x0 ./LcdDriver/Crystalfontz128x128_ST7735.o
 .text          0x00000198        0x0 ./LcdDriver/HAL_MSP_EXP432P401R_Crystalfontz128x128_ST7735.o
 .text          0x00000198        0x0 ./gcc/startup_msp432p401r_gcc.o
 .text          0x00000198        0x0 C:/ti/simplelink_msp432p4_sdk_3_40_01_02/source/ti/devices/msp432p4xx/driverlib/ccs/msp432p4xx_driverlib.lib(gpio.o)
 .text          0x00000198        0x0 C:/ti/simplelink_msp432p4_sdk_3_40_01_02/source/ti/devices/msp432p4xx/driverlib/ccs/msp432p4xx_driverlib.lib(interrupt.o)
 .text          0x00000198        0x0 C:/ti/simplelink_msp432p4_sdk_3_40_01_02/source/ti/devices/msp432p4xx/driverlib/ccs/msp432p4xx_driverlib.lib(spi.o)
 .text          0x00000198        0x0 C:/ti/simplelink_msp432p4_sdk_3_40_01_02/source/ti/devices/msp432p4xx/driverlib/ccs/msp432p4xx_driverlib.lib(wdt_a.o)
 .text          0x00000198        0x0 C:/ti/simplelink_msp432p4_sdk_3_40_01_02/source/ti/devices/msp432p4xx/driverlib/ccs/msp432p4xx_driverlib.lib(cpu.o)
 .text          0x00000198        0x0 C:/ti/simplelink_msp432p4_sdk_3_40_01_02/source/ti/devices/msp432p4xx/driverlib/ccs/msp432p4xx_driverlib.lib(sysctl_a.o)
 .text          0x00000198        0x0 C:/ti/simplelink_msp432p4_sdk_3_40_01_02/source/ti/grlib/lib/gcc/m4f\grlib.a(context.obj)
 .text          0x00000198        0x0 C:/ti/simplelink_msp432p4_sdk_3_40_01_02/source/ti/grlib/lib/gcc/m4f\grlib.a(display.obj)
 .text          0x00000198        0x0 C:/ti/simplelink_msp432p4_sdk_3_40_01_02/source/ti/grlib/lib/gcc/m4f\grlib.a(fontfixed6x8.obj)
 .text          0x00000198        0x0 C:/ti/simplelink_msp432p4_sdk_3_40_01_02/source/ti/grlib/lib/gcc/m4f\grlib.a(rectangle.obj)
 .text          0x00000198        0x0 C:/ti/simplelink_msp432p4_sdk_3_40_01_02/source/ti/grlib/lib/gcc/m4f\grlib.a(line.obj)
 .text          0x00000198        0x0 c:/ti/ccs1011/ccs/tools/compiler/gcc-arm-none-eabi-9-2019-q4-major/bin/../lib/gcc/arm-none-eabi/9.2.1/../../../../arm-none-eabi/lib/thumb/v7e-m+fp/hard\libc_nano.a(lib_a-exit.o)
 .text          0x00000198        0x0 c:/ti/ccs1011/ccs/tools/compiler/gcc-arm-none-eabi-9-2019-q4-major/bin/../lib/gcc/arm-none-eabi/9.2.1/../../../../arm-none-eabi/lib/thumb/v7e-m+fp/hard\libc_nano.a(lib_a-impure.o)
 .text          0x00000198        0x0 c:/ti/ccs1011/ccs/tools/compiler/gcc-arm-none-eabi-9-2019-q4-major/bin/../lib/gcc/arm-none-eabi/9.2.1/../../../../arm-none-eabi/lib/thumb/v7e-m+fp/hard\libc_nano.a(lib_a-init.o)
 .text          0x00000198        0x0 c:/ti/ccs1011/ccs/tools/compiler/gcc-arm-none-eabi-9-2019-q4-major/bin/../lib/gcc/arm-none-eabi/9.2.1/../../../../arm-none-eabi/lib/thumb/v7e-m+fp/hard\libc_nano.a(lib_a-memset.o)
 .text          0x00000198        0x0 c:/ti/ccs1011/ccs/tools/compiler/gcc-arm-none-eabi-9-2019-q4-major/bin/../lib/gcc/arm-none-eabi/9.2.1/../../../../arm-none-eabi/lib/thumb/v7e-m+fp/hard\libnosys.a(_exit.o)
 .text          0x00000198        0x0 c:/ti/ccs1011/ccs/tools/compiler/gcc-arm-none-eabi-9-2019-q4-major/bin/../lib/gcc/arm-none-eabi/9.2.1/thumb/v7e-m+fp/hard/crtend.o
 .text          0x00000198        0x0 c:/ti/ccs1011/ccs/tools/compiler/gcc-arm-none-eabi-9-2019-q4-major/bin/../lib/gcc/arm-none-eabi/9.2.1/thumb/v7e-m+fp/hard/crtn.o
 *(.text.*)
 .text._graphics_drawNode
                0x00000198       0x64 ./graphics.o
                0x00000198                _graphics_drawNode
 .text._graphicsInit
                0x000001fc       0x4c ./main.o
                0x000001fc                _graphicsInit
 .text._hwInit  0x00000248       0x10 ./main.o
                0x00000248                _hwInit
 .text.main     0x00000258       0x1c ./main.o
                0x00000258                main
 .text.s_init   0x00000274       0x6e ./snake.o
                0x00000274                s_init
 .text.s_add    0x000002e2       0x50 ./snake.o
                0x000002e2                s_add
 *fill*         0x00000332        0x2 
 .text.SystemInit
                0x00000334       0x80 ./system_msp432p401r.o
                0x00000334                SystemInit
 .text.Crystalfontz128x128_Init
                0x000003b4      0x118 ./LcdDriver/Crystalfontz128x128_ST7735.o
                0x000003b4                Crystalfontz128x128_Init
 .text.Crystalfontz128x128_SetDrawFrame
                0x000004cc      0x120 ./LcdDriver/Crystalfontz128x128_ST7735.o
                0x000004cc                Crystalfontz128x128_SetDrawFrame
 .text.Crystalfontz128x128_SetOrientation
                0x000005ec       0x60 ./LcdDriver/Crystalfontz128x128_ST7735.o
                0x000005ec                Crystalfontz128x128_SetOrientation
 .text.Crystalfontz128x128_PixelDraw
                0x0000064c       0x4c ./LcdDriver/Crystalfontz128x128_ST7735.o
 .text.Crystalfontz128x128_PixelDrawMultiple
                0x00000698      0x22c ./LcdDriver/Crystalfontz128x128_ST7735.o
 .text.Crystalfontz128x128_LineDrawH
                0x000008c4       0x6c ./LcdDriver/Crystalfontz128x128_ST7735.o
 .text.Crystalfontz128x128_LineDrawV
                0x00000930       0x6c ./LcdDriver/Crystalfontz128x128_ST7735.o
 .text.Crystalfontz128x128_RectFill
                0x0000099c       0x9c ./LcdDriver/Crystalfontz128x128_ST7735.o
 .text.Crystalfontz128x128_ColorTranslate
                0x00000a38       0x32 ./LcdDriver/Crystalfontz128x128_ST7735.o
 .text.Crystalfontz128x128_Flush
                0x00000a6a       0x14 ./LcdDriver/Crystalfontz128x128_ST7735.o
 *fill*         0x00000a7e        0x2 
 .text.Crystalfontz128x128_ClearScreen
                0x00000a80       0x34 ./LcdDriver/Crystalfontz128x128_ST7735.o
 .text.HAL_LCD_PortInit
                0x00000ab4       0x34 ./LcdDriver/HAL_MSP_EXP432P401R_Crystalfontz128x128_ST7735.o
                0x00000ab4                HAL_LCD_PortInit
 .text.HAL_LCD_SpiInit
                0x00000ae8       0x48 ./LcdDriver/HAL_MSP_EXP432P401R_Crystalfontz128x128_ST7735.o
                0x00000ae8                HAL_LCD_SpiInit
 .text.HAL_LCD_writeCommand
                0x00000b30       0x54 ./LcdDriver/HAL_MSP_EXP432P401R_Crystalfontz128x128_ST7735.o
                0x00000b30                HAL_LCD_writeCommand
 .text.HAL_LCD_writeData
                0x00000b84       0x48 ./LcdDriver/HAL_MSP_EXP432P401R_Crystalfontz128x128_ST7735.o
                0x00000b84                HAL_LCD_writeData
 .text.SysCtlDelay
                0x00000bcc        0xa ./LcdDriver/HAL_MSP_EXP432P401R_Crystalfontz128x128_ST7735.o
                0x00000bcc                SysCtlDelay
 *fill*         0x00000bd6        0x2 
 .text.Reset_Handler
                0x00000bd8       0x44 ./gcc/startup_msp432p401r_gcc.o
                0x00000bd8                Reset_Handler
 .text.Default_Handler
                0x00000c1c        0x6 ./gcc/startup_msp432p401r_gcc.o
                0x00000c1c                CS_IRQHandler
                0x00000c1c                DebugMon_Handler
                0x00000c1c                AES256_IRQHandler
                0x00000c1c                HardFault_Handler
                0x00000c1c                SysTick_Handler
                0x00000c1c                PendSV_Handler
                0x00000c1c                NMI_Handler
                0x00000c1c                RTC_C_IRQHandler
                0x00000c1c                PORT1_IRQHandler
                0x00000c1c                FPU_IRQHandler
                0x00000c1c                PORT2_IRQHandler
                0x00000c1c                TA3_0_IRQHandler
                0x00000c1c                UsageFault_Handler
                0x00000c1c                DMA_INT3_IRQHandler
                0x00000c1c                TA2_0_IRQHandler
                0x00000c1c                DMA_INT1_IRQHandler
                0x00000c1c                WDT_A_IRQHandler
                0x00000c1c                TA2_N_IRQHandler
                0x00000c1c                TA1_0_IRQHandler
                0x00000c1c                PSS_IRQHandler
                0x00000c1c                DMA_INT2_IRQHandler
                0x00000c1c                EUSCIA3_IRQHandler
                0x00000c1c                DMA_INT0_IRQHandler
                0x00000c1c                PORT4_IRQHandler
                0x00000c1c                PORT5_IRQHandler
                0x00000c1c                EUSCIB0_IRQHandler
                0x00000c1c                Default_Handler
                0x00000c1c                T32_INTC_IRQHandler
                0x00000c1c                TA3_N_IRQHandler
                0x00000c1c                TA0_0_IRQHandler
                0x00000c1c                EUSCIA2_IRQHandler
                0x00000c1c                PORT6_IRQHandler
                0x00000c1c                PORT3_IRQHandler
                0x00000c1c                MemManage_Handler
                0x00000c1c                SVC_Handler
                0x00000c1c                TA1_N_IRQHandler
                0x00000c1c                EUSCIA1_IRQHandler
                0x00000c1c                COMP_E1_IRQHandler
                0x00000c1c                EUSCIB2_IRQHandler
                0x00000c1c                FLCTL_IRQHandler
                0x00000c1c                EUSCIB3_IRQHandler
                0x00000c1c                T32_INT1_IRQHandler
                0x00000c1c                DMA_ERR_IRQHandler
                0x00000c1c                ADC14_IRQHandler
                0x00000c1c                EUSCIA0_IRQHandler
                0x00000c1c                BusFault_Handler
                0x00000c1c                PCM_IRQHandler
                0x00000c1c                TA0_N_IRQHandler
                0x00000c1c                COMP_E0_IRQHandler
                0x00000c1c                EUSCIB1_IRQHandler
                0x00000c1c                T32_INT2_IRQHandler
 .text.Graphics_initContext
                0x00000c22       0x64 C:/ti/simplelink_msp432p4_sdk_3_40_01_02/source/ti/grlib/lib/gcc/m4f\grlib.a(context.obj)
                0x00000c22                Graphics_initContext
 .text.Graphics_setBackgroundColor
                0x00000c86       0x2a C:/ti/simplelink_msp432p4_sdk_3_40_01_02/source/ti/grlib/lib/gcc/m4f\grlib.a(context.obj)
                0x00000c86                Graphics_setBackgroundColor
 .text.Graphics_setFont
                0x00000cb0       0x24 C:/ti/simplelink_msp432p4_sdk_3_40_01_02/source/ti/grlib/lib/gcc/m4f\grlib.a(context.obj)
                0x00000cb0                Graphics_setFont
 .text.Graphics_setForegroundColor
                0x00000cd4       0x26 C:/ti/simplelink_msp432p4_sdk_3_40_01_02/source/ti/grlib/lib/gcc/m4f\grlib.a(context.obj)
                0x00000cd4                Graphics_setForegroundColor
 .text.Graphics_clearDisplay
                0x00000cfa       0x22 C:/ti/simplelink_msp432p4_sdk_3_40_01_02/source/ti/grlib/lib/gcc/m4f\grlib.a(context.obj)
                0x00000cfa                Graphics_clearDisplay
 .text.Graphics_fillRectangleOnDisplay
                0x00000d1c       0x24 C:/ti/simplelink_msp432p4_sdk_3_40_01_02/source/ti/grlib/lib/gcc/m4f\grlib.a(display.obj)
                0x00000d1c                Graphics_fillRectangleOnDisplay
 .text.Graphics_translateColorOnDisplay
                0x00000d40       0x20 C:/ti/simplelink_msp432p4_sdk_3_40_01_02/source/ti/grlib/lib/gcc/m4f\grlib.a(display.obj)
                0x00000d40                Graphics_translateColorOnDisplay
 .text.Graphics_clearDisplayOnDisplay
                0x00000d60       0x22 C:/ti/simplelink_msp432p4_sdk_3_40_01_02/source/ti/grlib/lib/gcc/m4f\grlib.a(display.obj)
                0x00000d60                Graphics_clearDisplayOnDisplay
 .text.Graphics_fillRectangle
                0x00000d82      0x11c C:/ti/simplelink_msp432p4_sdk_3_40_01_02/source/ti/grlib/lib/gcc/m4f\grlib.a(rectangle.obj)
                0x00000d82                Graphics_fillRectangle
 *fill*         0x00000e9e        0x2 
 .text.exit     0x00000ea0       0x28 c:/ti/ccs1011/ccs/tools/compiler/gcc-arm-none-eabi-9-2019-q4-major/bin/../lib/gcc/arm-none-eabi/9.2.1/../../../../arm-none-eabi/lib/thumb/v7e-m+fp/hard\libc_nano.a(lib_a-exit.o)
                0x00000ea0                exit
 .text.__libc_init_array
                0x00000ec8       0x48 c:/ti/ccs1011/ccs/tools/compiler/gcc-arm-none-eabi-9-2019-q4-major/bin/../lib/gcc/arm-none-eabi/9.2.1/../../../../arm-none-eabi/lib/thumb/v7e-m+fp/hard\libc_nano.a(lib_a-init.o)
                0x00000ec8                __libc_init_array
 .text.memset   0x00000f10       0x10 c:/ti/ccs1011/ccs/tools/compiler/gcc-arm-none-eabi-9-2019-q4-major/bin/../lib/gcc/arm-none-eabi/9.2.1/../../../../arm-none-eabi/lib/thumb/v7e-m+fp/hard\libc_nano.a(lib_a-memset.o)
                0x00000f10                memset
 .text._exit    0x00000f20        0x4 c:/ti/ccs1011/ccs/tools/compiler/gcc-arm-none-eabi-9-2019-q4-major/bin/../lib/gcc/arm-none-eabi/9.2.1/../../../../arm-none-eabi/lib/thumb/v7e-m+fp/hard\libnosys.a(_exit.o)
                0x00000f20                _exit
                0x00000f24                . = ALIGN (0x4)
 *(.ctors)
                0x00000f24                . = ALIGN (0x4)
 *(.dtors)
                0x00000f24                . = ALIGN (0x4)
                0x00000f24                __init_array_start = .
 *(.init_array*)
 .init_array    0x00000f24        0x4 c:/ti/ccs1011/ccs/tools/compiler/gcc-arm-none-eabi-9-2019-q4-major/bin/../lib/gcc/arm-none-eabi/9.2.1/thumb/v7e-m+fp/hard/crtbegin.o
                0x00000f28                __init_array_end = .
 *(.init)
 .init          0x00000f28        0x4 c:/ti/ccs1011/ccs/tools/compiler/gcc-arm-none-eabi-9-2019-q4-major/bin/../lib/gcc/arm-none-eabi/9.2.1/thumb/v7e-m+fp/hard/crti.o
                0x00000f28                _init
 .init          0x00000f2c        0x8 c:/ti/ccs1011/ccs/tools/compiler/gcc-arm-none-eabi-9-2019-q4-major/bin/../lib/gcc/arm-none-eabi/9.2.1/thumb/v7e-m+fp/hard/crtn.o
 *(.fini*)
 .fini          0x00000f34        0x4 c:/ti/ccs1011/ccs/tools/compiler/gcc-arm-none-eabi-9-2019-q4-major/bin/../lib/gcc/arm-none-eabi/9.2.1/thumb/v7e-m+fp/hard/crti.o
                0x00000f34                _fini
 .fini_array    0x00000f38        0x4 c:/ti/ccs1011/ccs/tools/compiler/gcc-arm-none-eabi-9-2019-q4-major/bin/../lib/gcc/arm-none-eabi/9.2.1/thumb/v7e-m+fp/hard/crtbegin.o
 .fini          0x00000f3c        0x8 c:/ti/ccs1011/ccs/tools/compiler/gcc-arm-none-eabi-9-2019-q4-major/bin/../lib/gcc/arm-none-eabi/9.2.1/thumb/v7e-m+fp/hard/crtn.o

.glue_7         0x00000f44        0x0
 .glue_7        0x00000f44        0x0 linker stubs

.glue_7t        0x00000f44        0x0
 .glue_7t       0x00000f44        0x0 linker stubs

.vfp11_veneer   0x00000f44        0x0
 .vfp11_veneer  0x00000f44        0x0 linker stubs

.v4_bx          0x00000f44        0x0
 .v4_bx         0x00000f44        0x0 linker stubs

.iplt           0x00000f44        0x0
 .iplt          0x00000f44        0x0 c:/ti/ccs1011/ccs/tools/compiler/gcc-arm-none-eabi-9-2019-q4-major/bin/../lib/gcc/arm-none-eabi/9.2.1/thumb/v7e-m+fp/hard/crtbegin.o

.text:GPIO_setAsOutputPin
                0x00000f44       0x40
 .text:GPIO_setAsOutputPin
                0x00000f44       0x40 C:/ti/simplelink_msp432p4_sdk_3_40_01_02/source/ti/devices/msp432p4xx/driverlib/ccs/msp432p4xx_driverlib.lib(gpio.o)
                0x00000f44                GPIO_setAsOutputPin

.text:GPIO_setAsPeripheralModuleFunctionOutputPin
                0x00000f84       0x88
 .text:GPIO_setAsPeripheralModuleFunctionOutputPin
                0x00000f84       0x88 C:/ti/simplelink_msp432p4_sdk_3_40_01_02/source/ti/devices/msp432p4xx/driverlib/ccs/msp432p4xx_driverlib.lib(gpio.o)
                0x00000f84                GPIO_setAsPeripheralModuleFunctionOutputPin

.text:GPIO_setOutputHighOnPin
                0x0000100c       0x28
 .text:GPIO_setOutputHighOnPin
                0x0000100c       0x28 C:/ti/simplelink_msp432p4_sdk_3_40_01_02/source/ti/devices/msp432p4xx/driverlib/ccs/msp432p4xx_driverlib.lib(gpio.o)
                0x0000100c                GPIO_setOutputHighOnPin

.text:GPIO_setOutputLowOnPin
                0x00001034       0x28
 .text:GPIO_setOutputLowOnPin
                0x00001034       0x28 C:/ti/simplelink_msp432p4_sdk_3_40_01_02/source/ti/devices/msp432p4xx/driverlib/ccs/msp432p4xx_driverlib.lib(gpio.o)
                0x00001034                GPIO_setOutputLowOnPin

.text:is_A_Module
                0x0000105c       0x40
 .text:is_A_Module
                0x0000105c       0x40 C:/ti/simplelink_msp432p4_sdk_3_40_01_02/source/ti/devices/msp432p4xx/driverlib/ccs/msp432p4xx_driverlib.lib(spi.o)

.text:SPI_initMaster
                0x0000109c       0xb0
 .text:SPI_initMaster
                0x0000109c       0xb0 C:/ti/simplelink_msp432p4_sdk_3_40_01_02/source/ti/devices/msp432p4xx/driverlib/ccs/msp432p4xx_driverlib.lib(spi.o)
                0x0000109c                SPI_initMaster

.text:SPI_enableModule
                0x0000114c       0x1c
 .text:SPI_enableModule
                0x0000114c       0x1c C:/ti/simplelink_msp432p4_sdk_3_40_01_02/source/ti/devices/msp432p4xx/driverlib/ccs/msp432p4xx_driverlib.lib(spi.o)
                0x0000114c                SPI_enableModule

.text:EUSCI_B_SPI_enable
                0x00001168       0x16
 .text:EUSCI_B_SPI_enable
                0x00001168       0x16 C:/ti/simplelink_msp432p4_sdk_3_40_01_02/source/ti/devices/msp432p4xx/driverlib/ccs/msp432p4xx_driverlib.lib(spi.o)
                0x00001168                EUSCI_B_SPI_enable

.text:EUSCI_A_SPI_enable
                0x0000117e       0x16
 .text:EUSCI_A_SPI_enable
                0x0000117e       0x16 C:/ti/simplelink_msp432p4_sdk_3_40_01_02/source/ti/devices/msp432p4xx/driverlib/ccs/msp432p4xx_driverlib.lib(spi.o)
                0x0000117e                EUSCI_A_SPI_enable

.text:WDT_A_holdTimer
                0x00001194       0x24
 .text:WDT_A_holdTimer
                0x00001194       0x24 C:/ti/simplelink_msp432p4_sdk_3_40_01_02/source/ti/devices/msp432p4xx/driverlib/ccs/msp432p4xx_driverlib.lib(wdt_a.o)
                0x00001194                WDT_A_holdTimer

.rodata         0x000011b8      0x408
 *(.rodata)
 .rodata        0x000011b8        0x8 ./LcdDriver/Crystalfontz128x128_ST7735.o
 .rodata        0x000011c0       0x1c ./LcdDriver/HAL_MSP_EXP432P401R_Crystalfontz128x128_ST7735.o
 *(.rodata.*)
 .rodata.g_sCrystalfontz128x128_funcs
                0x000011dc       0x20 ./LcdDriver/Crystalfontz128x128_ST7735.o
                0x000011dc                g_sCrystalfontz128x128_funcs
 .rodata.g_pucFontFixed6x8Data
                0x000011fc      0x2f8 C:/ti/simplelink_msp432p4_sdk_3_40_01_02/source/ti/grlib/lib/gcc/m4f\grlib.a(fontfixed6x8.obj)
 .rodata.g_sFontFixed6x8
                0x000014f4       0xc8 C:/ti/simplelink_msp432p4_sdk_3_40_01_02/source/ti/grlib/lib/gcc/m4f\grlib.a(fontfixed6x8.obj)
                0x000014f4                g_sFontFixed6x8
 .rodata._global_impure_ptr
                0x000015bc        0x4 c:/ti/ccs1011/ccs/tools/compiler/gcc-arm-none-eabi-9-2019-q4-major/bin/../lib/gcc/arm-none-eabi/9.2.1/../../../../arm-none-eabi/lib/thumb/v7e-m+fp/hard\libc_nano.a(lib_a-impure.o)
                0x000015bc                _global_impure_ptr

.eh_frame       0x000015c0        0x0
 .eh_frame      0x000015c0        0x0 c:/ti/ccs1011/ccs/tools/compiler/gcc-arm-none-eabi-9-2019-q4-major/bin/../lib/gcc/arm-none-eabi/9.2.1/thumb/v7e-m+fp/hard/crtbegin.o

.const:GPIO_PORT_TO_BASE
                0x000015c0       0x30
 .const:GPIO_PORT_TO_BASE
                0x000015c0       0x30 C:/ti/simplelink_msp432p4_sdk_3_40_01_02/source/ti/devices/msp432p4xx/driverlib/ccs/msp432p4xx_driverlib.lib(gpio.o)

.ARM.exidx      0x000015f0        0x8
                0x000015f0                __exidx_start = .
 *(.ARM.exidx* .gnu.linkonce.armexidx.*)
 .ARM.exidx     0x000015f0        0x8 c:/ti/ccs1011/ccs/tools/compiler/gcc-arm-none-eabi-9-2019-q4-major/bin/../lib/gcc/arm-none-eabi/9.2.1/../../../../arm-none-eabi/lib/thumb/v7e-m+fp/hard/crt0.o
                0x000015f8                __exidx_end = .

.ARM.extab      0x000015f8        0x0
 *(.ARM.extab* .gnu.linkonce.armextab.*)
 .ARM.extab     0x000015f8        0x0 c:/ti/ccs1011/ccs/tools/compiler/gcc-arm-none-eabi-9-2019-q4-major/bin/../lib/gcc/arm-none-eabi/9.2.1/../../../../arm-none-eabi/lib/thumb/v7e-m+fp/hard/crt0.o
                0x000015f8                __etext = .

.rel.dyn        0x000015f8        0x0
 .rel.iplt      0x000015f8        0x0 c:/ti/ccs1011/ccs/tools/compiler/gcc-arm-none-eabi-9-2019-q4-major/bin/../lib/gcc/arm-none-eabi/9.2.1/thumb/v7e-m+fp/hard/crtbegin.o

.data           0x200000e8       0x7c load address 0x000015f8
                0x000015f8                __data_load__ = LOADADDR (.data)
                0x200000e8                __data_start__ = .
 *(.data)
 .data          0x200000e8        0x0 c:/ti/ccs1011/ccs/tools/compiler/gcc-arm-none-eabi-9-2019-q4-major/bin/../lib/gcc/arm-none-eabi/9.2.1/thumb/v7e-m+fp/hard/crti.o
 .data          0x200000e8        0x4 c:/ti/ccs1011/ccs/tools/compiler/gcc-arm-none-eabi-9-2019-q4-major/bin/../lib/gcc/arm-none-eabi/9.2.1/thumb/v7e-m+fp/hard/crtbegin.o
                0x200000e8                __dso_handle
 .data          0x200000ec        0x0 c:/ti/ccs1011/ccs/tools/compiler/gcc-arm-none-eabi-9-2019-q4-major/bin/../lib/gcc/arm-none-eabi/9.2.1/../../../../arm-none-eabi/lib/thumb/v7e-m+fp/hard/crt0.o
 .data          0x200000ec        0x0 ./graphics.o
 .data          0x200000ec        0x0 ./main.o
 .data          0x200000ec        0x0 ./snake.o
 .data          0x200000ec        0x0 ./system_msp432p401r.o
 .data          0x200000ec        0x0 ./LcdDriver/Crystalfontz128x128_ST7735.o
 .data          0x200000ec        0x0 ./LcdDriver/HAL_MSP_EXP432P401R_Crystalfontz128x128_ST7735.o
 .data          0x200000ec        0x0 ./gcc/startup_msp432p401r_gcc.o
 .data          0x200000ec        0x0 C:/ti/simplelink_msp432p4_sdk_3_40_01_02/source/ti/grlib/lib/gcc/m4f\grlib.a(context.obj)
 .data          0x200000ec        0x0 C:/ti/simplelink_msp432p4_sdk_3_40_01_02/source/ti/grlib/lib/gcc/m4f\grlib.a(display.obj)
 .data          0x200000ec        0x0 C:/ti/simplelink_msp432p4_sdk_3_40_01_02/source/ti/grlib/lib/gcc/m4f\grlib.a(fontfixed6x8.obj)
 .data          0x200000ec        0x0 C:/ti/simplelink_msp432p4_sdk_3_40_01_02/source/ti/grlib/lib/gcc/m4f\grlib.a(rectangle.obj)
 .data          0x200000ec        0x0 C:/ti/simplelink_msp432p4_sdk_3_40_01_02/source/ti/grlib/lib/gcc/m4f\grlib.a(line.obj)
 .data          0x200000ec        0x0 c:/ti/ccs1011/ccs/tools/compiler/gcc-arm-none-eabi-9-2019-q4-major/bin/../lib/gcc/arm-none-eabi/9.2.1/../../../../arm-none-eabi/lib/thumb/v7e-m+fp/hard\libc_nano.a(lib_a-exit.o)
 .data          0x200000ec        0x0 c:/ti/ccs1011/ccs/tools/compiler/gcc-arm-none-eabi-9-2019-q4-major/bin/../lib/gcc/arm-none-eabi/9.2.1/../../../../arm-none-eabi/lib/thumb/v7e-m+fp/hard\libc_nano.a(lib_a-impure.o)
 .data          0x200000ec        0x0 c:/ti/ccs1011/ccs/tools/compiler/gcc-arm-none-eabi-9-2019-q4-major/bin/../lib/gcc/arm-none-eabi/9.2.1/../../../../arm-none-eabi/lib/thumb/v7e-m+fp/hard\libc_nano.a(lib_a-init.o)
 .data          0x200000ec        0x0 c:/ti/ccs1011/ccs/tools/compiler/gcc-arm-none-eabi-9-2019-q4-major/bin/../lib/gcc/arm-none-eabi/9.2.1/../../../../arm-none-eabi/lib/thumb/v7e-m+fp/hard\libc_nano.a(lib_a-memset.o)
 .data          0x200000ec        0x0 c:/ti/ccs1011/ccs/tools/compiler/gcc-arm-none-eabi-9-2019-q4-major/bin/../lib/gcc/arm-none-eabi/9.2.1/../../../../arm-none-eabi/lib/thumb/v7e-m+fp/hard\libnosys.a(_exit.o)
 .data          0x200000ec        0x0 c:/ti/ccs1011/ccs/tools/compiler/gcc-arm-none-eabi-9-2019-q4-major/bin/../lib/gcc/arm-none-eabi/9.2.1/thumb/v7e-m+fp/hard/crtend.o
 .data          0x200000ec        0x0 c:/ti/ccs1011/ccs/tools/compiler/gcc-arm-none-eabi-9-2019-q4-major/bin/../lib/gcc/arm-none-eabi/9.2.1/thumb/v7e-m+fp/hard/crtn.o
 *(.data*)
 .data.SystemCoreClock
                0x200000ec        0x4 ./system_msp432p401r.o
                0x200000ec                SystemCoreClock
 .data.g_sCrystalfontz128x128
                0x200000f0       0x10 ./LcdDriver/Crystalfontz128x128_ST7735.o
                0x200000f0                g_sCrystalfontz128x128
 .data._impure_ptr
                0x20000100        0x4 c:/ti/ccs1011/ccs/tools/compiler/gcc-arm-none-eabi-9-2019-q4-major/bin/../lib/gcc/arm-none-eabi/9.2.1/../../../../arm-none-eabi/lib/thumb/v7e-m+fp/hard\libc_nano.a(lib_a-impure.o)
                0x20000100                _impure_ptr
 .data.impure_data
                0x20000104       0x60 c:/ti/ccs1011/ccs/tools/compiler/gcc-arm-none-eabi-9-2019-q4-major/bin/../lib/gcc/arm-none-eabi/9.2.1/../../../../arm-none-eabi/lib/thumb/v7e-m+fp/hard\libc_nano.a(lib_a-impure.o)
                0x20000164                . = ALIGN (0x4)
                0x20000164                __data_end__ = .

.igot.plt       0x20000164        0x0 load address 0x00001674
 .igot.plt      0x20000164        0x0 c:/ti/ccs1011/ccs/tools/compiler/gcc-arm-none-eabi-9-2019-q4-major/bin/../lib/gcc/arm-none-eabi/9.2.1/thumb/v7e-m+fp/hard/crtbegin.o

.bss            0x20000164       0x44
                0x20000164                __bss_start__ = .
 *(.shbss)
 *(.bss)
 .bss           0x20000164        0x0 c:/ti/ccs1011/ccs/tools/compiler/gcc-arm-none-eabi-9-2019-q4-major/bin/../lib/gcc/arm-none-eabi/9.2.1/thumb/v7e-m+fp/hard/crti.o
 .bss           0x20000164       0x1c c:/ti/ccs1011/ccs/tools/compiler/gcc-arm-none-eabi-9-2019-q4-major/bin/../lib/gcc/arm-none-eabi/9.2.1/thumb/v7e-m+fp/hard/crtbegin.o
 .bss           0x20000180        0x0 c:/ti/ccs1011/ccs/tools/compiler/gcc-arm-none-eabi-9-2019-q4-major/bin/../lib/gcc/arm-none-eabi/9.2.1/../../../../arm-none-eabi/lib/thumb/v7e-m+fp/hard/crt0.o
 .bss           0x20000180        0x0 ./graphics.o
 .bss           0x20000180        0x0 ./main.o
 .bss           0x20000180        0x0 ./snake.o
 .bss           0x20000180        0x0 ./system_msp432p401r.o
 .bss           0x20000180        0x0 ./LcdDriver/Crystalfontz128x128_ST7735.o
 .bss           0x20000180        0x0 ./LcdDriver/HAL_MSP_EXP432P401R_Crystalfontz128x128_ST7735.o
 .bss           0x20000180        0x0 ./gcc/startup_msp432p401r_gcc.o
 .bss           0x20000180        0x0 C:/ti/simplelink_msp432p4_sdk_3_40_01_02/source/ti/grlib/lib/gcc/m4f\grlib.a(context.obj)
 .bss           0x20000180        0x0 C:/ti/simplelink_msp432p4_sdk_3_40_01_02/source/ti/grlib/lib/gcc/m4f\grlib.a(display.obj)
 .bss           0x20000180        0x0 C:/ti/simplelink_msp432p4_sdk_3_40_01_02/source/ti/grlib/lib/gcc/m4f\grlib.a(fontfixed6x8.obj)
 .bss           0x20000180        0x0 C:/ti/simplelink_msp432p4_sdk_3_40_01_02/source/ti/grlib/lib/gcc/m4f\grlib.a(rectangle.obj)
 .bss           0x20000180        0x0 C:/ti/simplelink_msp432p4_sdk_3_40_01_02/source/ti/grlib/lib/gcc/m4f\grlib.a(line.obj)
 .bss           0x20000180        0x0 c:/ti/ccs1011/ccs/tools/compiler/gcc-arm-none-eabi-9-2019-q4-major/bin/../lib/gcc/arm-none-eabi/9.2.1/../../../../arm-none-eabi/lib/thumb/v7e-m+fp/hard\libc_nano.a(lib_a-exit.o)
 .bss           0x20000180        0x0 c:/ti/ccs1011/ccs/tools/compiler/gcc-arm-none-eabi-9-2019-q4-major/bin/../lib/gcc/arm-none-eabi/9.2.1/../../../../arm-none-eabi/lib/thumb/v7e-m+fp/hard\libc_nano.a(lib_a-impure.o)
 .bss           0x20000180        0x0 c:/ti/ccs1011/ccs/tools/compiler/gcc-arm-none-eabi-9-2019-q4-major/bin/../lib/gcc/arm-none-eabi/9.2.1/../../../../arm-none-eabi/lib/thumb/v7e-m+fp/hard\libc_nano.a(lib_a-init.o)
 .bss           0x20000180        0x0 c:/ti/ccs1011/ccs/tools/compiler/gcc-arm-none-eabi-9-2019-q4-major/bin/../lib/gcc/arm-none-eabi/9.2.1/../../../../arm-none-eabi/lib/thumb/v7e-m+fp/hard\libc_nano.a(lib_a-memset.o)
 .bss           0x20000180        0x0 c:/ti/ccs1011/ccs/tools/compiler/gcc-arm-none-eabi-9-2019-q4-major/bin/../lib/gcc/arm-none-eabi/9.2.1/../../../../arm-none-eabi/lib/thumb/v7e-m+fp/hard\libnosys.a(_exit.o)
 .bss           0x20000180        0x0 c:/ti/ccs1011/ccs/tools/compiler/gcc-arm-none-eabi-9-2019-q4-major/bin/../lib/gcc/arm-none-eabi/9.2.1/thumb/v7e-m+fp/hard/crtend.o
 .bss           0x20000180        0x0 c:/ti/ccs1011/ccs/tools/compiler/gcc-arm-none-eabi-9-2019-q4-major/bin/../lib/gcc/arm-none-eabi/9.2.1/thumb/v7e-m+fp/hard/crtn.o
 *(.bss.*)
 *(COMMON)
 COMMON         0x20000180       0x1c ./main.o
                0x20000180                g_sContext
 COMMON         0x2000019c        0xa ./LcdDriver/Crystalfontz128x128_ST7735.o
                0x2000019c                Lcd_FontSolid
                0x2000019d                Lcd_FlagRead
                0x2000019e                Lcd_ScreenWidth
                0x200001a0                Lcd_TouchTrim
                0x200001a2                Lcd_ScreenHeigth
                0x200001a4                Lcd_Orientation
                0x200001a5                Lcd_PenSolid
                0x200001a8                . = ALIGN (0x4)
 *fill*         0x200001a6        0x2 
                0x200001a8                __bss_end__ = .

.heap           0x200001a8        0x0
                0x200001a8                __heap_start__ = .
                0x200001a8                end = __heap_start__
                0x200001a8                _end = end
                0x200001a8                __end = end
 *(.heap)
                0x200001a8                __heap_end__ = .
                0x200001a8                __HeapLimit = __heap_end__

.stack          0x200001a8        0x0
                0x200001a8                _stack = .
 *(.stack)
                0x20010000                __StackTop = (ORIGIN (REGION_STACK) + LENGTH (REGION_STACK))
                0x20010000                PROVIDE (__stack = __StackTop)
LOAD C:/ti/simplelink_msp432p4_sdk_3_40_01_02/source/ti/devices/msp432p4xx/driverlib/ccs/msp432p4xx_driverlib.lib
LOAD C:/ti/simplelink_msp432p4_sdk_3_40_01_02/source/ti/grlib/lib/gcc/m4f\grlib.a
LOAD C:/ti/simplelink_msp432p4_sdk_3_40_01_02/source/third_party/CMSIS/DSP_Lib/lib/gcc/m4f\arm_cortexM4lf_math.a
LOAD C:/ti/simplelink_msp432p4_sdk_3_40_01_02/source\ti/display/lib/display.am4fg
LOAD C:/ti/simplelink_msp432p4_sdk_3_40_01_02/source\ti/grlib/lib/gcc/m4f/grlib.a
LOAD C:/ti/simplelink_msp432p4_sdk_3_40_01_02/source\third_party/spiffs/lib/gcc/m4f/spiffs.a
LOAD C:/ti/simplelink_msp432p4_sdk_3_40_01_02/source\ti/drivers/lib/drivers_msp432p401x.am4fg
LOAD C:/ti/simplelink_msp432p4_sdk_3_40_01_02/source\third_party/fatfs/lib/gcc/m4f/fatfs.a
LOAD C:/ti/simplelink_msp432p4_sdk_3_40_01_02/source\ti/devices/msp432p4xx/driverlib/gcc/msp432p4xx_driverlib.a
LOAD c:/ti/ccs1011/ccs/tools/compiler/gcc-arm-none-eabi-9-2019-q4-major/bin/../lib/gcc/arm-none-eabi/9.2.1/thumb/v7e-m+fp/hard\libgcc.a
LOAD c:/ti/ccs1011/ccs/tools/compiler/gcc-arm-none-eabi-9-2019-q4-major/bin/../lib/gcc/arm-none-eabi/9.2.1/../../../../arm-none-eabi/lib/thumb/v7e-m+fp/hard\libc_nano.a
LOAD c:/ti/ccs1011/ccs/tools/compiler/gcc-arm-none-eabi-9-2019-q4-major/bin/../lib/gcc/arm-none-eabi/9.2.1/../../../../arm-none-eabi/lib/thumb/v7e-m+fp/hard\libm.a
LOAD c:/ti/ccs1011/ccs/tools/compiler/gcc-arm-none-eabi-9-2019-q4-major/bin/../lib/gcc/arm-none-eabi/9.2.1/../../../../arm-none-eabi/lib/thumb/v7e-m+fp/hard\libnosys.a
START GROUP
LOAD c:/ti/ccs1011/ccs/tools/compiler/gcc-arm-none-eabi-9-2019-q4-major/bin/../lib/gcc/arm-none-eabi/9.2.1/thumb/v7e-m+fp/hard\libgcc.a
LOAD c:/ti/ccs1011/ccs/tools/compiler/gcc-arm-none-eabi-9-2019-q4-major/bin/../lib/gcc/arm-none-eabi/9.2.1/../../../../arm-none-eabi/lib/thumb/v7e-m+fp/hard\libg_nano.a
LOAD c:/ti/ccs1011/ccs/tools/compiler/gcc-arm-none-eabi-9-2019-q4-major/bin/../lib/gcc/arm-none-eabi/9.2.1/../../../../arm-none-eabi/lib/thumb/v7e-m+fp/hard\libc_nano.a
END GROUP
START GROUP
LOAD c:/ti/ccs1011/ccs/tools/compiler/gcc-arm-none-eabi-9-2019-q4-major/bin/../lib/gcc/arm-none-eabi/9.2.1/thumb/v7e-m+fp/hard\libgcc.a
LOAD c:/ti/ccs1011/ccs/tools/compiler/gcc-arm-none-eabi-9-2019-q4-major/bin/../lib/gcc/arm-none-eabi/9.2.1/../../../../arm-none-eabi/lib/thumb/v7e-m+fp/hard\libc_nano.a
END GROUP
LOAD c:/ti/ccs1011/ccs/tools/compiler/gcc-arm-none-eabi-9-2019-q4-major/bin/../lib/gcc/arm-none-eabi/9.2.1/thumb/v7e-m+fp/hard/crtend.o
LOAD c:/ti/ccs1011/ccs/tools/compiler/gcc-arm-none-eabi-9-2019-q4-major/bin/../lib/gcc/arm-none-eabi/9.2.1/thumb/v7e-m+fp/hard/crtn.o
OUTPUT(snake_proj.out elf32-littlearm)

.ARM.attributes
                0x00000000       0x30
 .ARM.attributes
                0x00000000       0x1e c:/ti/ccs1011/ccs/tools/compiler/gcc-arm-none-eabi-9-2019-q4-major/bin/../lib/gcc/arm-none-eabi/9.2.1/thumb/v7e-m+fp/hard/crti.o
 .ARM.attributes
                0x0000001e       0x34 c:/ti/ccs1011/ccs/tools/compiler/gcc-arm-none-eabi-9-2019-q4-major/bin/../lib/gcc/arm-none-eabi/9.2.1/thumb/v7e-m+fp/hard/crtbegin.o
 .ARM.attributes
                0x00000052       0x1c c:/ti/ccs1011/ccs/tools/compiler/gcc-arm-none-eabi-9-2019-q4-major/bin/../lib/gcc/arm-none-eabi/9.2.1/../../../../arm-none-eabi/lib/thumb/v7e-m+fp/hard/crt0.o
 .ARM.attributes
                0x0000006e       0x34 ./graphics.o
 .ARM.attributes
                0x000000a2       0x34 ./main.o
 .ARM.attributes
                0x000000d6       0x34 ./snake.o
 .ARM.attributes
                0x0000010a       0x34 ./system_msp432p401r.o
 .ARM.attributes
                0x0000013e       0x34 ./LcdDriver/Crystalfontz128x128_ST7735.o
 .ARM.attributes
                0x00000172       0x34 ./LcdDriver/HAL_MSP_EXP432P401R_Crystalfontz128x128_ST7735.o
 .ARM.attributes
                0x000001a6       0x34 ./gcc/startup_msp432p401r_gcc.o
 .ARM.attributes
                0x000001da       0x5e C:/ti/simplelink_msp432p4_sdk_3_40_01_02/source/ti/devices/msp432p4xx/driverlib/ccs/msp432p4xx_driverlib.lib(gpio.o)
 .ARM.attributes
                0x00000238       0x5e C:/ti/simplelink_msp432p4_sdk_3_40_01_02/source/ti/devices/msp432p4xx/driverlib/ccs/msp432p4xx_driverlib.lib(interrupt.o)
 .ARM.attributes
                0x00000296       0x5e C:/ti/simplelink_msp432p4_sdk_3_40_01_02/source/ti/devices/msp432p4xx/driverlib/ccs/msp432p4xx_driverlib.lib(spi.o)
 .ARM.attributes
                0x000002f4       0x5e C:/ti/simplelink_msp432p4_sdk_3_40_01_02/source/ti/devices/msp432p4xx/driverlib/ccs/msp432p4xx_driverlib.lib(wdt_a.o)
 .ARM.attributes
                0x00000352       0x5e C:/ti/simplelink_msp432p4_sdk_3_40_01_02/source/ti/devices/msp432p4xx/driverlib/ccs/msp432p4xx_driverlib.lib(cpu.o)
 .ARM.attributes
                0x000003b0       0x5e C:/ti/simplelink_msp432p4_sdk_3_40_01_02/source/ti/devices/msp432p4xx/driverlib/ccs/msp432p4xx_driverlib.lib(sysctl_a.o)
 .ARM.attributes
                0x0000040e       0x39 C:/ti/simplelink_msp432p4_sdk_3_40_01_02/source/ti/grlib/lib/gcc/m4f\grlib.a(context.obj)
 .ARM.attributes
                0x00000447       0x39 C:/ti/simplelink_msp432p4_sdk_3_40_01_02/source/ti/grlib/lib/gcc/m4f\grlib.a(display.obj)
 .ARM.attributes
                0x00000480       0x39 C:/ti/simplelink_msp432p4_sdk_3_40_01_02/source/ti/grlib/lib/gcc/m4f\grlib.a(fontfixed6x8.obj)
 .ARM.attributes
                0x000004b9       0x39 C:/ti/simplelink_msp432p4_sdk_3_40_01_02/source/ti/grlib/lib/gcc/m4f\grlib.a(rectangle.obj)
 .ARM.attributes
                0x000004f2       0x39 C:/ti/simplelink_msp432p4_sdk_3_40_01_02/source/ti/grlib/lib/gcc/m4f\grlib.a(line.obj)
 .ARM.attributes
                0x0000052b       0x34 c:/ti/ccs1011/ccs/tools/compiler/gcc-arm-none-eabi-9-2019-q4-major/bin/../lib/gcc/arm-none-eabi/9.2.1/../../../../arm-none-eabi/lib/thumb/v7e-m+fp/hard\libc_nano.a(lib_a-exit.o)
 .ARM.attributes
                0x0000055f       0x32 c:/ti/ccs1011/ccs/tools/compiler/gcc-arm-none-eabi-9-2019-q4-major/bin/../lib/gcc/arm-none-eabi/9.2.1/../../../../arm-none-eabi/lib/thumb/v7e-m+fp/hard\libc_nano.a(lib_a-impure.o)
 .ARM.attributes
                0x00000591       0x34 c:/ti/ccs1011/ccs/tools/compiler/gcc-arm-none-eabi-9-2019-q4-major/bin/../lib/gcc/arm-none-eabi/9.2.1/../../../../arm-none-eabi/lib/thumb/v7e-m+fp/hard\libc_nano.a(lib_a-init.o)
 .ARM.attributes
                0x000005c5       0x34 c:/ti/ccs1011/ccs/tools/compiler/gcc-arm-none-eabi-9-2019-q4-major/bin/../lib/gcc/arm-none-eabi/9.2.1/../../../../arm-none-eabi/lib/thumb/v7e-m+fp/hard\libc_nano.a(lib_a-memset.o)
 .ARM.attributes
                0x000005f9       0x34 c:/ti/ccs1011/ccs/tools/compiler/gcc-arm-none-eabi-9-2019-q4-major/bin/../lib/gcc/arm-none-eabi/9.2.1/../../../../arm-none-eabi/lib/thumb/v7e-m+fp/hard\libnosys.a(_exit.o)
 .ARM.attributes
                0x0000062d       0x32 c:/ti/ccs1011/ccs/tools/compiler/gcc-arm-none-eabi-9-2019-q4-major/bin/../lib/gcc/arm-none-eabi/9.2.1/thumb/v7e-m+fp/hard/crtend.o
 .ARM.attributes
                0x0000065f       0x1e c:/ti/ccs1011/ccs/tools/compiler/gcc-arm-none-eabi-9-2019-q4-major/bin/../lib/gcc/arm-none-eabi/9.2.1/thumb/v7e-m+fp/hard/crtn.o

.comment        0x00000000       0xf7
 .comment       0x00000000       0x79 ./graphics.o
                                 0x7a (size before relaxing)
 .comment       0x00000079       0x7a ./main.o
 .comment       0x00000079       0x7a ./snake.o
 .comment       0x00000079       0x7a ./system_msp432p401r.o
 .comment       0x00000079       0x7a ./LcdDriver/Crystalfontz128x128_ST7735.o
 .comment       0x00000079       0x7a ./LcdDriver/HAL_MSP_EXP432P401R_Crystalfontz128x128_ST7735.o
 .comment       0x00000079       0x7a ./gcc/startup_msp432p401r_gcc.o
 .comment       0x00000079       0x7e C:/ti/simplelink_msp432p4_sdk_3_40_01_02/source/ti/grlib/lib/gcc/m4f\grlib.a(context.obj)
                                 0x7f (size before relaxing)
 .comment       0x000000f7       0x7f C:/ti/simplelink_msp432p4_sdk_3_40_01_02/source/ti/grlib/lib/gcc/m4f\grlib.a(display.obj)
 .comment       0x000000f7       0x7f C:/ti/simplelink_msp432p4_sdk_3_40_01_02/source/ti/grlib/lib/gcc/m4f\grlib.a(fontfixed6x8.obj)
 .comment       0x000000f7       0x7f C:/ti/simplelink_msp432p4_sdk_3_40_01_02/source/ti/grlib/lib/gcc/m4f\grlib.a(rectangle.obj)
 .comment       0x000000f7       0x7f C:/ti/simplelink_msp432p4_sdk_3_40_01_02/source/ti/grlib/lib/gcc/m4f\grlib.a(line.obj)

.TI.symbol.alias
                0x00000000       0x36
 .TI.symbol.alias
                0x00000000        0x9 C:/ti/simplelink_msp432p4_sdk_3_40_01_02/source/ti/devices/msp432p4xx/driverlib/ccs/msp432p4xx_driverlib.lib(gpio.o)
 .TI.symbol.alias
                0x00000009        0x9 C:/ti/simplelink_msp432p4_sdk_3_40_01_02/source/ti/devices/msp432p4xx/driverlib/ccs/msp432p4xx_driverlib.lib(interrupt.o)
 .TI.symbol.alias
                0x00000012        0x9 C:/ti/simplelink_msp432p4_sdk_3_40_01_02/source/ti/devices/msp432p4xx/driverlib/ccs/msp432p4xx_driverlib.lib(spi.o)
 .TI.symbol.alias
                0x0000001b        0x9 C:/ti/simplelink_msp432p4_sdk_3_40_01_02/source/ti/devices/msp432p4xx/driverlib/ccs/msp432p4xx_driverlib.lib(wdt_a.o)
 .TI.symbol.alias
                0x00000024        0x9 C:/ti/simplelink_msp432p4_sdk_3_40_01_02/source/ti/devices/msp432p4xx/driverlib/ccs/msp432p4xx_driverlib.lib(cpu.o)
 .TI.symbol.alias
                0x0000002d        0x9 C:/ti/simplelink_msp432p4_sdk_3_40_01_02/source/ti/devices/msp432p4xx/driverlib/ccs/msp432p4xx_driverlib.lib(sysctl_a.o)

.TI.section.flags
                0x00000000       0x9c
 .TI.section.flags
                0x00000000       0x1a C:/ti/simplelink_msp432p4_sdk_3_40_01_02/source/ti/devices/msp432p4xx/driverlib/ccs/msp432p4xx_driverlib.lib(gpio.o)
 .TI.section.flags
                0x0000001a       0x1a C:/ti/simplelink_msp432p4_sdk_3_40_01_02/source/ti/devices/msp432p4xx/driverlib/ccs/msp432p4xx_driverlib.lib(interrupt.o)
 .TI.section.flags
                0x00000034       0x1a C:/ti/simplelink_msp432p4_sdk_3_40_01_02/source/ti/devices/msp432p4xx/driverlib/ccs/msp432p4xx_driverlib.lib(spi.o)
 .TI.section.flags
                0x0000004e       0x1a C:/ti/simplelink_msp432p4_sdk_3_40_01_02/source/ti/devices/msp432p4xx/driverlib/ccs/msp432p4xx_driverlib.lib(wdt_a.o)
 .TI.section.flags
                0x00000068       0x1a C:/ti/simplelink_msp432p4_sdk_3_40_01_02/source/ti/devices/msp432p4xx/driverlib/ccs/msp432p4xx_driverlib.lib(cpu.o)
 .TI.section.flags
                0x00000082       0x1a C:/ti/simplelink_msp432p4_sdk_3_40_01_02/source/ti/devices/msp432p4xx/driverlib/ccs/msp432p4xx_driverlib.lib(sysctl_a.o)

.debug_info     0x00000000    0x24c8f
 .debug_info    0x00000000      0xe15 ./graphics.o
 .debug_info    0x00000e15     0x1776 ./main.o
 .debug_info    0x0000258b     0x1818 ./snake.o
 .debug_info    0x00003da3      0xdfb ./system_msp432p401r.o
 .debug_info    0x00004b9e     0x11c3 ./LcdDriver/Crystalfontz128x128_ST7735.o
 .debug_info    0x00005d61      0xbad ./LcdDriver/HAL_MSP_EXP432P401R_Crystalfontz128x128_ST7735.o
 .debug_info    0x0000690e      0x14e ./gcc/startup_msp432p401r_gcc.o
 .debug_info    0x00006a5c      0x701 C:/ti/simplelink_msp432p4_sdk_3_40_01_02/source/ti/devices/msp432p4xx/driverlib/ccs/msp432p4xx_driverlib.lib(gpio.o)
 .debug_info    0x0000715d      0x133 C:/ti/simplelink_msp432p4_sdk_3_40_01_02/source/ti/devices/msp432p4xx/driverlib/ccs/msp432p4xx_driverlib.lib(gpio.o)
 .debug_info    0x00007290      0x135 C:/ti/simplelink_msp432p4_sdk_3_40_01_02/source/ti/devices/msp432p4xx/driverlib/ccs/msp432p4xx_driverlib.lib(gpio.o)
 .debug_info    0x000073c5      0x252 C:/ti/simplelink_msp432p4_sdk_3_40_01_02/source/ti/devices/msp432p4xx/driverlib/ccs/msp432p4xx_driverlib.lib(gpio.o)
 .debug_info    0x00007617      0x250 C:/ti/simplelink_msp432p4_sdk_3_40_01_02/source/ti/devices/msp432p4xx/driverlib/ccs/msp432p4xx_driverlib.lib(gpio.o)
 .debug_info    0x00007867      0x2a5 C:/ti/simplelink_msp432p4_sdk_3_40_01_02/source/ti/devices/msp432p4xx/driverlib/ccs/msp432p4xx_driverlib.lib(gpio.o)
 .debug_info    0x00007b0c      0x2a3 C:/ti/simplelink_msp432p4_sdk_3_40_01_02/source/ti/devices/msp432p4xx/driverlib/ccs/msp432p4xx_driverlib.lib(gpio.o)
 .debug_info    0x00007daf      0x25a C:/ti/simplelink_msp432p4_sdk_3_40_01_02/source/ti/devices/msp432p4xx/driverlib/ccs/msp432p4xx_driverlib.lib(gpio.o)
 .debug_info    0x00008009      0x258 C:/ti/simplelink_msp432p4_sdk_3_40_01_02/source/ti/devices/msp432p4xx/driverlib/ccs/msp432p4xx_driverlib.lib(gpio.o)
 .debug_info    0x00008261      0x258 C:/ti/simplelink_msp432p4_sdk_3_40_01_02/source/ti/devices/msp432p4xx/driverlib/ccs/msp432p4xx_driverlib.lib(gpio.o)
 .debug_info    0x000084b9      0x278 C:/ti/simplelink_msp432p4_sdk_3_40_01_02/source/ti/devices/msp432p4xx/driverlib/ccs/msp432p4xx_driverlib.lib(gpio.o)
 .debug_info    0x00008731      0x274 C:/ti/simplelink_msp432p4_sdk_3_40_01_02/source/ti/devices/msp432p4xx/driverlib/ccs/msp432p4xx_driverlib.lib(gpio.o)
 .debug_info    0x000089a5      0x27e C:/ti/simplelink_msp432p4_sdk_3_40_01_02/source/ti/devices/msp432p4xx/driverlib/ccs/msp432p4xx_driverlib.lib(gpio.o)
 .debug_info    0x00008c23      0x254 C:/ti/simplelink_msp432p4_sdk_3_40_01_02/source/ti/devices/msp432p4xx/driverlib/ccs/msp432p4xx_driverlib.lib(gpio.o)
 .debug_info    0x00008e77      0x256 C:/ti/simplelink_msp432p4_sdk_3_40_01_02/source/ti/devices/msp432p4xx/driverlib/ccs/msp432p4xx_driverlib.lib(gpio.o)
 .debug_info    0x000090cd      0x25e C:/ti/simplelink_msp432p4_sdk_3_40_01_02/source/ti/devices/msp432p4xx/driverlib/ccs/msp432p4xx_driverlib.lib(gpio.o)
 .debug_info    0x0000932b      0x25a C:/ti/simplelink_msp432p4_sdk_3_40_01_02/source/ti/devices/msp432p4xx/driverlib/ccs/msp432p4xx_driverlib.lib(gpio.o)
 .debug_info    0x00009585      0x298 C:/ti/simplelink_msp432p4_sdk_3_40_01_02/source/ti/devices/msp432p4xx/driverlib/ccs/msp432p4xx_driverlib.lib(gpio.o)
 .debug_info    0x0000981d      0x264 C:/ti/simplelink_msp432p4_sdk_3_40_01_02/source/ti/devices/msp432p4xx/driverlib/ccs/msp432p4xx_driverlib.lib(gpio.o)
 .debug_info    0x00009a81      0x25b C:/ti/simplelink_msp432p4_sdk_3_40_01_02/source/ti/devices/msp432p4xx/driverlib/ccs/msp432p4xx_driverlib.lib(gpio.o)
 .debug_info    0x00009cdc      0x259 C:/ti/simplelink_msp432p4_sdk_3_40_01_02/source/ti/devices/msp432p4xx/driverlib/ccs/msp432p4xx_driverlib.lib(gpio.o)
 .debug_info    0x00009f35      0x28f C:/ti/simplelink_msp432p4_sdk_3_40_01_02/source/ti/devices/msp432p4xx/driverlib/ccs/msp432p4xx_driverlib.lib(gpio.o)
 .debug_info    0x0000a1c4      0x25b C:/ti/simplelink_msp432p4_sdk_3_40_01_02/source/ti/devices/msp432p4xx/driverlib/ccs/msp432p4xx_driverlib.lib(gpio.o)
 .debug_info    0x0000a41f      0x26b C:/ti/simplelink_msp432p4_sdk_3_40_01_02/source/ti/devices/msp432p4xx/driverlib/ccs/msp432p4xx_driverlib.lib(gpio.o)
                0x0000a41f                __TI_DW.debug_info._types.h.43d1cacce190b95e6437fd847148530d
 .debug_info    0x0000a68a     0x1028 C:/ti/simplelink_msp432p4_sdk_3_40_01_02/source/ti/devices/msp432p4xx/driverlib/ccs/msp432p4xx_driverlib.lib(gpio.o)
                0x0000a68a                __TI_DW.debug_info.core_cm4.h.01c8019c2e101b6384b0d9572cfaf814
 .debug_info    0x0000b6b2       0x5e C:/ti/simplelink_msp432p4_sdk_3_40_01_02/source/ti/devices/msp432p4xx/driverlib/ccs/msp432p4xx_driverlib.lib(gpio.o)
                0x0000b6b2                __TI_DW.debug_info.mpu_armv7.h.c2ae777c5022cbae8e247e467964d6ac
 .debug_info    0x0000b710     0x431a C:/ti/simplelink_msp432p4_sdk_3_40_01_02/source/ti/devices/msp432p4xx/driverlib/ccs/msp432p4xx_driverlib.lib(gpio.o)
                0x0000b710                __TI_DW.debug_info.msp432p4xx.h.7995bed03c608222548cbea7a91b98e5
 .debug_info    0x0000fa2a       0xc9 C:/ti/simplelink_msp432p4_sdk_3_40_01_02/source/ti/devices/msp432p4xx/driverlib/ccs/msp432p4xx_driverlib.lib(gpio.o)
                0x0000fa2a                __TI_DW.debug_info.cmsis_compiler.h.d9762072abca02af697eda003fbebbd1
 .debug_info    0x0000faf3       0x84 C:/ti/simplelink_msp432p4_sdk_3_40_01_02/source/ti/devices/msp432p4xx/driverlib/ccs/msp432p4xx_driverlib.lib(gpio.o)
                0x0000faf3                __TI_DW.debug_info.$base_types.c8c38483d660372cd06395436475430b
 .debug_info    0x0000fb77      0x297 C:/ti/simplelink_msp432p4_sdk_3_40_01_02/source/ti/devices/msp432p4xx/driverlib/ccs/msp432p4xx_driverlib.lib(gpio.o)
                0x0000fb77                __TI_DW.debug_info._types.h.e7a3952d1825457eb36f221a12d89d4c
 .debug_info    0x0000fe0e       0xef C:/ti/simplelink_msp432p4_sdk_3_40_01_02/source/ti/devices/msp432p4xx/driverlib/ccs/msp432p4xx_driverlib.lib(gpio.o)
                0x0000fe0e                __TI_DW.debug_info.stdint.h.bea3b7b0a29703fc756909815d78587f
 .debug_info    0x0000fefd       0xbb C:/ti/simplelink_msp432p4_sdk_3_40_01_02/source/ti/devices/msp432p4xx/driverlib/ccs/msp432p4xx_driverlib.lib(gpio.o)
                0x0000fefd                __TI_DW.debug_info._stdint.h.85daf7c5502c6bd1b05ba18825ca6ecf
 .debug_info    0x0000ffb8      0x68f C:/ti/simplelink_msp432p4_sdk_3_40_01_02/source/ti/devices/msp432p4xx/driverlib/ccs/msp432p4xx_driverlib.lib(interrupt.o)
 .debug_info    0x00010647      0x132 C:/ti/simplelink_msp432p4_sdk_3_40_01_02/source/ti/devices/msp432p4xx/driverlib/ccs/msp432p4xx_driverlib.lib(interrupt.o)
 .debug_info    0x00010779      0x12a C:/ti/simplelink_msp432p4_sdk_3_40_01_02/source/ti/devices/msp432p4xx/driverlib/ccs/msp432p4xx_driverlib.lib(interrupt.o)
 .debug_info    0x000108a3      0x12e C:/ti/simplelink_msp432p4_sdk_3_40_01_02/source/ti/devices/msp432p4xx/driverlib/ccs/msp432p4xx_driverlib.lib(interrupt.o)
 .debug_info    0x000109d1      0x130 C:/ti/simplelink_msp432p4_sdk_3_40_01_02/source/ti/devices/msp432p4xx/driverlib/ccs/msp432p4xx_driverlib.lib(interrupt.o)
 .debug_info    0x00010b01      0x132 C:/ti/simplelink_msp432p4_sdk_3_40_01_02/source/ti/devices/msp432p4xx/driverlib/ccs/msp432p4xx_driverlib.lib(interrupt.o)
 .debug_info    0x00010c33      0x136 C:/ti/simplelink_msp432p4_sdk_3_40_01_02/source/ti/devices/msp432p4xx/driverlib/ccs/msp432p4xx_driverlib.lib(interrupt.o)
 .debug_info    0x00010d69      0x137 C:/ti/simplelink_msp432p4_sdk_3_40_01_02/source/ti/devices/msp432p4xx/driverlib/ccs/msp432p4xx_driverlib.lib(interrupt.o)
 .debug_info    0x00010ea0      0x1ab C:/ti/simplelink_msp432p4_sdk_3_40_01_02/source/ti/devices/msp432p4xx/driverlib/ccs/msp432p4xx_driverlib.lib(interrupt.o)
 .debug_info    0x0001104b      0x1d5 C:/ti/simplelink_msp432p4_sdk_3_40_01_02/source/ti/devices/msp432p4xx/driverlib/ccs/msp432p4xx_driverlib.lib(interrupt.o)
 .debug_info    0x00011220      0x1d7 C:/ti/simplelink_msp432p4_sdk_3_40_01_02/source/ti/devices/msp432p4xx/driverlib/ccs/msp432p4xx_driverlib.lib(interrupt.o)
 .debug_info    0x000113f7      0x281 C:/ti/simplelink_msp432p4_sdk_3_40_01_02/source/ti/devices/msp432p4xx/driverlib/ccs/msp432p4xx_driverlib.lib(interrupt.o)
 .debug_info    0x00011678      0x21e C:/ti/simplelink_msp432p4_sdk_3_40_01_02/source/ti/devices/msp432p4xx/driverlib/ccs/msp432p4xx_driverlib.lib(interrupt.o)
 .debug_info    0x00011896      0x238 C:/ti/simplelink_msp432p4_sdk_3_40_01_02/source/ti/devices/msp432p4xx/driverlib/ccs/msp432p4xx_driverlib.lib(interrupt.o)
 .debug_info    0x00011ace      0x202 C:/ti/simplelink_msp432p4_sdk_3_40_01_02/source/ti/devices/msp432p4xx/driverlib/ccs/msp432p4xx_driverlib.lib(interrupt.o)
 .debug_info    0x00011cd0      0x25a C:/ti/simplelink_msp432p4_sdk_3_40_01_02/source/ti/devices/msp432p4xx/driverlib/ccs/msp432p4xx_driverlib.lib(interrupt.o)
 .debug_info    0x00011f2a      0x215 C:/ti/simplelink_msp432p4_sdk_3_40_01_02/source/ti/devices/msp432p4xx/driverlib/ccs/msp432p4xx_driverlib.lib(interrupt.o)
 .debug_info    0x0001213f      0x219 C:/ti/simplelink_msp432p4_sdk_3_40_01_02/source/ti/devices/msp432p4xx/driverlib/ccs/msp432p4xx_driverlib.lib(interrupt.o)
 .debug_info    0x00012358      0x21b C:/ti/simplelink_msp432p4_sdk_3_40_01_02/source/ti/devices/msp432p4xx/driverlib/ccs/msp432p4xx_driverlib.lib(interrupt.o)
 .debug_info    0x00012573      0x225 C:/ti/simplelink_msp432p4_sdk_3_40_01_02/source/ti/devices/msp432p4xx/driverlib/ccs/msp432p4xx_driverlib.lib(interrupt.o)
 .debug_info    0x00012798      0x215 C:/ti/simplelink_msp432p4_sdk_3_40_01_02/source/ti/devices/msp432p4xx/driverlib/ccs/msp432p4xx_driverlib.lib(interrupt.o)
 .debug_info    0x000129ad      0x219 C:/ti/simplelink_msp432p4_sdk_3_40_01_02/source/ti/devices/msp432p4xx/driverlib/ccs/msp432p4xx_driverlib.lib(interrupt.o)
 .debug_info    0x00012bc6      0x222 C:/ti/simplelink_msp432p4_sdk_3_40_01_02/source/ti/devices/msp432p4xx/driverlib/ccs/msp432p4xx_driverlib.lib(interrupt.o)
 .debug_info    0x00012de8      0x1e3 C:/ti/simplelink_msp432p4_sdk_3_40_01_02/source/ti/devices/msp432p4xx/driverlib/ccs/msp432p4xx_driverlib.lib(interrupt.o)
 .debug_info    0x00012fcb      0x1f9 C:/ti/simplelink_msp432p4_sdk_3_40_01_02/source/ti/devices/msp432p4xx/driverlib/ccs/msp432p4xx_driverlib.lib(interrupt.o)
 .debug_info    0x000131c4      0x1da C:/ti/simplelink_msp432p4_sdk_3_40_01_02/source/ti/devices/msp432p4xx/driverlib/ccs/msp432p4xx_driverlib.lib(interrupt.o)
 .debug_info    0x0001339e      0x1d4 C:/ti/simplelink_msp432p4_sdk_3_40_01_02/source/ti/devices/msp432p4xx/driverlib/ccs/msp432p4xx_driverlib.lib(interrupt.o)
 .debug_info    0x00013572      0x1d6 C:/ti/simplelink_msp432p4_sdk_3_40_01_02/source/ti/devices/msp432p4xx/driverlib/ccs/msp432p4xx_driverlib.lib(interrupt.o)
 .debug_info    0x00013748       0x8b C:/ti/simplelink_msp432p4_sdk_3_40_01_02/source/ti/devices/msp432p4xx/driverlib/ccs/msp432p4xx_driverlib.lib(interrupt.o)
                0x00013748                __TI_DW.debug_info.$base_types.a3001db55c69772f4e2efd565078122a
 .debug_info    0x000137d3      0x6f5 C:/ti/simplelink_msp432p4_sdk_3_40_01_02/source/ti/devices/msp432p4xx/driverlib/ccs/msp432p4xx_driverlib.lib(spi.o)
 .debug_info    0x00013ec8      0x1c7 C:/ti/simplelink_msp432p4_sdk_3_40_01_02/source/ti/devices/msp432p4xx/driverlib/ccs/msp432p4xx_driverlib.lib(spi.o)
 .debug_info    0x0001408f      0x22b C:/ti/simplelink_msp432p4_sdk_3_40_01_02/source/ti/devices/msp432p4xx/driverlib/ccs/msp432p4xx_driverlib.lib(spi.o)
 .debug_info    0x000142ba      0x2df C:/ti/simplelink_msp432p4_sdk_3_40_01_02/source/ti/devices/msp432p4xx/driverlib/ccs/msp432p4xx_driverlib.lib(spi.o)
 .debug_info    0x00014599      0x304 C:/ti/simplelink_msp432p4_sdk_3_40_01_02/source/ti/devices/msp432p4xx/driverlib/ccs/msp432p4xx_driverlib.lib(spi.o)
 .debug_info    0x0001489d      0x22a C:/ti/simplelink_msp432p4_sdk_3_40_01_02/source/ti/devices/msp432p4xx/driverlib/ccs/msp432p4xx_driverlib.lib(spi.o)
 .debug_info    0x00014ac7      0x2f3 C:/ti/simplelink_msp432p4_sdk_3_40_01_02/source/ti/devices/msp432p4xx/driverlib/ccs/msp432p4xx_driverlib.lib(spi.o)
 .debug_info    0x00014dba      0x284 C:/ti/simplelink_msp432p4_sdk_3_40_01_02/source/ti/devices/msp432p4xx/driverlib/ccs/msp432p4xx_driverlib.lib(spi.o)
 .debug_info    0x0001503e      0x241 C:/ti/simplelink_msp432p4_sdk_3_40_01_02/source/ti/devices/msp432p4xx/driverlib/ccs/msp432p4xx_driverlib.lib(spi.o)
 .debug_info    0x0001527f      0x235 C:/ti/simplelink_msp432p4_sdk_3_40_01_02/source/ti/devices/msp432p4xx/driverlib/ccs/msp432p4xx_driverlib.lib(spi.o)
 .debug_info    0x000154b4      0x239 C:/ti/simplelink_msp432p4_sdk_3_40_01_02/source/ti/devices/msp432p4xx/driverlib/ccs/msp432p4xx_driverlib.lib(spi.o)
 .debug_info    0x000156ed      0x289 C:/ti/simplelink_msp432p4_sdk_3_40_01_02/source/ti/devices/msp432p4xx/driverlib/ccs/msp432p4xx_driverlib.lib(spi.o)
 .debug_info    0x00015976      0x28d C:/ti/simplelink_msp432p4_sdk_3_40_01_02/source/ti/devices/msp432p4xx/driverlib/ccs/msp432p4xx_driverlib.lib(spi.o)
 .debug_info    0x00015c03      0x22d C:/ti/simplelink_msp432p4_sdk_3_40_01_02/source/ti/devices/msp432p4xx/driverlib/ccs/msp432p4xx_driverlib.lib(spi.o)
 .debug_info    0x00015e30      0x270 C:/ti/simplelink_msp432p4_sdk_3_40_01_02/source/ti/devices/msp432p4xx/driverlib/ccs/msp432p4xx_driverlib.lib(spi.o)
 .debug_info    0x000160a0      0x274 C:/ti/simplelink_msp432p4_sdk_3_40_01_02/source/ti/devices/msp432p4xx/driverlib/ccs/msp432p4xx_driverlib.lib(spi.o)
 .debug_info    0x00016314      0x280 C:/ti/simplelink_msp432p4_sdk_3_40_01_02/source/ti/devices/msp432p4xx/driverlib/ccs/msp432p4xx_driverlib.lib(spi.o)
 .debug_info    0x00016594      0x25b C:/ti/simplelink_msp432p4_sdk_3_40_01_02/source/ti/devices/msp432p4xx/driverlib/ccs/msp432p4xx_driverlib.lib(spi.o)
 .debug_info    0x000167ef      0x27c C:/ti/simplelink_msp432p4_sdk_3_40_01_02/source/ti/devices/msp432p4xx/driverlib/ccs/msp432p4xx_driverlib.lib(spi.o)
 .debug_info    0x00016a6b      0x446 C:/ti/simplelink_msp432p4_sdk_3_40_01_02/source/ti/devices/msp432p4xx/driverlib/ccs/msp432p4xx_driverlib.lib(spi.o)
 .debug_info    0x00016eb1      0x427 C:/ti/simplelink_msp432p4_sdk_3_40_01_02/source/ti/devices/msp432p4xx/driverlib/ccs/msp432p4xx_driverlib.lib(spi.o)
 .debug_info    0x000172d8      0x27a C:/ti/simplelink_msp432p4_sdk_3_40_01_02/source/ti/devices/msp432p4xx/driverlib/ccs/msp432p4xx_driverlib.lib(spi.o)
 .debug_info    0x00017552      0x2b1 C:/ti/simplelink_msp432p4_sdk_3_40_01_02/source/ti/devices/msp432p4xx/driverlib/ccs/msp432p4xx_driverlib.lib(spi.o)
 .debug_info    0x00017803      0x2c0 C:/ti/simplelink_msp432p4_sdk_3_40_01_02/source/ti/devices/msp432p4xx/driverlib/ccs/msp432p4xx_driverlib.lib(spi.o)
 .debug_info    0x00017ac3      0x28f C:/ti/simplelink_msp432p4_sdk_3_40_01_02/source/ti/devices/msp432p4xx/driverlib/ccs/msp432p4xx_driverlib.lib(spi.o)
 .debug_info    0x00017d52      0x238 C:/ti/simplelink_msp432p4_sdk_3_40_01_02/source/ti/devices/msp432p4xx/driverlib/ccs/msp432p4xx_driverlib.lib(spi.o)
 .debug_info    0x00017f8a      0x1f7 C:/ti/simplelink_msp432p4_sdk_3_40_01_02/source/ti/devices/msp432p4xx/driverlib/ccs/msp432p4xx_driverlib.lib(spi.o)
 .debug_info    0x00018181      0x21e C:/ti/simplelink_msp432p4_sdk_3_40_01_02/source/ti/devices/msp432p4xx/driverlib/ccs/msp432p4xx_driverlib.lib(spi.o)
 .debug_info    0x0001839f      0x220 C:/ti/simplelink_msp432p4_sdk_3_40_01_02/source/ti/devices/msp432p4xx/driverlib/ccs/msp432p4xx_driverlib.lib(spi.o)
 .debug_info    0x000185bf      0x228 C:/ti/simplelink_msp432p4_sdk_3_40_01_02/source/ti/devices/msp432p4xx/driverlib/ccs/msp432p4xx_driverlib.lib(spi.o)
 .debug_info    0x000187e7      0x224 C:/ti/simplelink_msp432p4_sdk_3_40_01_02/source/ti/devices/msp432p4xx/driverlib/ccs/msp432p4xx_driverlib.lib(spi.o)
 .debug_info    0x00018a0b      0x1e9 C:/ti/simplelink_msp432p4_sdk_3_40_01_02/source/ti/devices/msp432p4xx/driverlib/ccs/msp432p4xx_driverlib.lib(spi.o)
 .debug_info    0x00018bf4      0x1eb C:/ti/simplelink_msp432p4_sdk_3_40_01_02/source/ti/devices/msp432p4xx/driverlib/ccs/msp432p4xx_driverlib.lib(spi.o)
 .debug_info    0x00018ddf      0x21b C:/ti/simplelink_msp432p4_sdk_3_40_01_02/source/ti/devices/msp432p4xx/driverlib/ccs/msp432p4xx_driverlib.lib(spi.o)
 .debug_info    0x00018ffa      0x21d C:/ti/simplelink_msp432p4_sdk_3_40_01_02/source/ti/devices/msp432p4xx/driverlib/ccs/msp432p4xx_driverlib.lib(spi.o)
 .debug_info    0x00019217      0x1ed C:/ti/simplelink_msp432p4_sdk_3_40_01_02/source/ti/devices/msp432p4xx/driverlib/ccs/msp432p4xx_driverlib.lib(spi.o)
 .debug_info    0x00019404      0x27a C:/ti/simplelink_msp432p4_sdk_3_40_01_02/source/ti/devices/msp432p4xx/driverlib/ccs/msp432p4xx_driverlib.lib(spi.o)
 .debug_info    0x0001967e      0x2b1 C:/ti/simplelink_msp432p4_sdk_3_40_01_02/source/ti/devices/msp432p4xx/driverlib/ccs/msp432p4xx_driverlib.lib(spi.o)
 .debug_info    0x0001992f      0x2c0 C:/ti/simplelink_msp432p4_sdk_3_40_01_02/source/ti/devices/msp432p4xx/driverlib/ccs/msp432p4xx_driverlib.lib(spi.o)
 .debug_info    0x00019bef      0x28f C:/ti/simplelink_msp432p4_sdk_3_40_01_02/source/ti/devices/msp432p4xx/driverlib/ccs/msp432p4xx_driverlib.lib(spi.o)
 .debug_info    0x00019e7e      0x238 C:/ti/simplelink_msp432p4_sdk_3_40_01_02/source/ti/devices/msp432p4xx/driverlib/ccs/msp432p4xx_driverlib.lib(spi.o)
 .debug_info    0x0001a0b6      0x1f7 C:/ti/simplelink_msp432p4_sdk_3_40_01_02/source/ti/devices/msp432p4xx/driverlib/ccs/msp432p4xx_driverlib.lib(spi.o)
 .debug_info    0x0001a2ad      0x21e C:/ti/simplelink_msp432p4_sdk_3_40_01_02/source/ti/devices/msp432p4xx/driverlib/ccs/msp432p4xx_driverlib.lib(spi.o)
 .debug_info    0x0001a4cb      0x220 C:/ti/simplelink_msp432p4_sdk_3_40_01_02/source/ti/devices/msp432p4xx/driverlib/ccs/msp432p4xx_driverlib.lib(spi.o)
 .debug_info    0x0001a6eb      0x228 C:/ti/simplelink_msp432p4_sdk_3_40_01_02/source/ti/devices/msp432p4xx/driverlib/ccs/msp432p4xx_driverlib.lib(spi.o)
 .debug_info    0x0001a913      0x224 C:/ti/simplelink_msp432p4_sdk_3_40_01_02/source/ti/devices/msp432p4xx/driverlib/ccs/msp432p4xx_driverlib.lib(spi.o)
 .debug_info    0x0001ab37      0x1e9 C:/ti/simplelink_msp432p4_sdk_3_40_01_02/source/ti/devices/msp432p4xx/driverlib/ccs/msp432p4xx_driverlib.lib(spi.o)
 .debug_info    0x0001ad20      0x1eb C:/ti/simplelink_msp432p4_sdk_3_40_01_02/source/ti/devices/msp432p4xx/driverlib/ccs/msp432p4xx_driverlib.lib(spi.o)
 .debug_info    0x0001af0b      0x21b C:/ti/simplelink_msp432p4_sdk_3_40_01_02/source/ti/devices/msp432p4xx/driverlib/ccs/msp432p4xx_driverlib.lib(spi.o)
 .debug_info    0x0001b126      0x21d C:/ti/simplelink_msp432p4_sdk_3_40_01_02/source/ti/devices/msp432p4xx/driverlib/ccs/msp432p4xx_driverlib.lib(spi.o)
 .debug_info    0x0001b343      0x1ed C:/ti/simplelink_msp432p4_sdk_3_40_01_02/source/ti/devices/msp432p4xx/driverlib/ccs/msp432p4xx_driverlib.lib(spi.o)
 .debug_info    0x0001b530      0x131 C:/ti/simplelink_msp432p4_sdk_3_40_01_02/source/ti/devices/msp432p4xx/driverlib/ccs/msp432p4xx_driverlib.lib(spi.o)
                0x0001b530                __TI_DW.debug_info.spi.h.87bcf64f296de1a82f4cfb2361fd4745
 .debug_info    0x0001b661      0x797 C:/ti/simplelink_msp432p4_sdk_3_40_01_02/source/ti/devices/msp432p4xx/driverlib/ccs/msp432p4xx_driverlib.lib(wdt_a.o)
 .debug_info    0x0001bdf8      0x1c9 C:/ti/simplelink_msp432p4_sdk_3_40_01_02/source/ti/devices/msp432p4xx/driverlib/ccs/msp432p4xx_driverlib.lib(wdt_a.o)
 .debug_info    0x0001bfc1      0x1cb C:/ti/simplelink_msp432p4_sdk_3_40_01_02/source/ti/devices/msp432p4xx/driverlib/ccs/msp432p4xx_driverlib.lib(wdt_a.o)
 .debug_info    0x0001c18c      0x1cb C:/ti/simplelink_msp432p4_sdk_3_40_01_02/source/ti/devices/msp432p4xx/driverlib/ccs/msp432p4xx_driverlib.lib(wdt_a.o)
 .debug_info    0x0001c357      0x245 C:/ti/simplelink_msp432p4_sdk_3_40_01_02/source/ti/devices/msp432p4xx/driverlib/ccs/msp432p4xx_driverlib.lib(wdt_a.o)
 .debug_info    0x0001c59c      0x245 C:/ti/simplelink_msp432p4_sdk_3_40_01_02/source/ti/devices/msp432p4xx/driverlib/ccs/msp432p4xx_driverlib.lib(wdt_a.o)
 .debug_info    0x0001c7e1      0x22e C:/ti/simplelink_msp432p4_sdk_3_40_01_02/source/ti/devices/msp432p4xx/driverlib/ccs/msp432p4xx_driverlib.lib(wdt_a.o)
 .debug_info    0x0001ca0f      0x210 C:/ti/simplelink_msp432p4_sdk_3_40_01_02/source/ti/devices/msp432p4xx/driverlib/ccs/msp432p4xx_driverlib.lib(wdt_a.o)
 .debug_info    0x0001cc1f      0x234 C:/ti/simplelink_msp432p4_sdk_3_40_01_02/source/ti/devices/msp432p4xx/driverlib/ccs/msp432p4xx_driverlib.lib(wdt_a.o)
 .debug_info    0x0001ce53      0x200 C:/ti/simplelink_msp432p4_sdk_3_40_01_02/source/ti/devices/msp432p4xx/driverlib/ccs/msp432p4xx_driverlib.lib(wdt_a.o)
 .debug_info    0x0001d053      0x1b5 C:/ti/simplelink_msp432p4_sdk_3_40_01_02/source/ti/devices/msp432p4xx/driverlib/ccs/msp432p4xx_driverlib.lib(wdt_a.o)
                0x0001d053                __TI_DW.debug_info.sysctl_a.h.92f12316b2b746e75046cdfe45ba4f60
 .debug_info    0x0001d208      0x5b2 C:/ti/simplelink_msp432p4_sdk_3_40_01_02/source/ti/devices/msp432p4xx/driverlib/ccs/msp432p4xx_driverlib.lib(cpu.o)
 .debug_info    0x0001d7ba      0x199 C:/ti/simplelink_msp432p4_sdk_3_40_01_02/source/ti/devices/msp432p4xx/driverlib/ccs/msp432p4xx_driverlib.lib(cpu.o)
 .debug_info    0x0001d953      0x19d C:/ti/simplelink_msp432p4_sdk_3_40_01_02/source/ti/devices/msp432p4xx/driverlib/ccs/msp432p4xx_driverlib.lib(cpu.o)
 .debug_info    0x0001daf0      0x19a C:/ti/simplelink_msp432p4_sdk_3_40_01_02/source/ti/devices/msp432p4xx/driverlib/ccs/msp432p4xx_driverlib.lib(cpu.o)
 .debug_info    0x0001dc8a      0x194 C:/ti/simplelink_msp432p4_sdk_3_40_01_02/source/ti/devices/msp432p4xx/driverlib/ccs/msp432p4xx_driverlib.lib(cpu.o)
 .debug_info    0x0001de1e      0x1dd C:/ti/simplelink_msp432p4_sdk_3_40_01_02/source/ti/devices/msp432p4xx/driverlib/ccs/msp432p4xx_driverlib.lib(cpu.o)
 .debug_info    0x0001dffb      0x1a6 C:/ti/simplelink_msp432p4_sdk_3_40_01_02/source/ti/devices/msp432p4xx/driverlib/ccs/msp432p4xx_driverlib.lib(cpu.o)
 .debug_info    0x0001e1a1      0x5c9 C:/ti/simplelink_msp432p4_sdk_3_40_01_02/source/ti/devices/msp432p4xx/driverlib/ccs/msp432p4xx_driverlib.lib(sysctl_a.o)
 .debug_info    0x0001e76a      0x298 C:/ti/simplelink_msp432p4_sdk_3_40_01_02/source/ti/devices/msp432p4xx/driverlib/ccs/msp432p4xx_driverlib.lib(sysctl_a.o)
 .debug_info    0x0001ea02      0x1be C:/ti/simplelink_msp432p4_sdk_3_40_01_02/source/ti/devices/msp432p4xx/driverlib/ccs/msp432p4xx_driverlib.lib(sysctl_a.o)
 .debug_info    0x0001ebc0      0x1c0 C:/ti/simplelink_msp432p4_sdk_3_40_01_02/source/ti/devices/msp432p4xx/driverlib/ccs/msp432p4xx_driverlib.lib(sysctl_a.o)
 .debug_info    0x0001ed80      0x1c8 C:/ti/simplelink_msp432p4_sdk_3_40_01_02/source/ti/devices/msp432p4xx/driverlib/ccs/msp432p4xx_driverlib.lib(sysctl_a.o)
 .debug_info    0x0001ef48      0x1eb C:/ti/simplelink_msp432p4_sdk_3_40_01_02/source/ti/devices/msp432p4xx/driverlib/ccs/msp432p4xx_driverlib.lib(sysctl_a.o)
 .debug_info    0x0001f133      0x1e9 C:/ti/simplelink_msp432p4_sdk_3_40_01_02/source/ti/devices/msp432p4xx/driverlib/ccs/msp432p4xx_driverlib.lib(sysctl_a.o)
 .debug_info    0x0001f31c      0x1cc C:/ti/simplelink_msp432p4_sdk_3_40_01_02/source/ti/devices/msp432p4xx/driverlib/ccs/msp432p4xx_driverlib.lib(sysctl_a.o)
 .debug_info    0x0001f4e8      0x1bc C:/ti/simplelink_msp432p4_sdk_3_40_01_02/source/ti/devices/msp432p4xx/driverlib/ccs/msp432p4xx_driverlib.lib(sysctl_a.o)
 .debug_info    0x0001f6a4      0x205 C:/ti/simplelink_msp432p4_sdk_3_40_01_02/source/ti/devices/msp432p4xx/driverlib/ccs/msp432p4xx_driverlib.lib(sysctl_a.o)
 .debug_info    0x0001f8a9      0x207 C:/ti/simplelink_msp432p4_sdk_3_40_01_02/source/ti/devices/msp432p4xx/driverlib/ccs/msp432p4xx_driverlib.lib(sysctl_a.o)
 .debug_info    0x0001fab0      0x207 C:/ti/simplelink_msp432p4_sdk_3_40_01_02/source/ti/devices/msp432p4xx/driverlib/ccs/msp432p4xx_driverlib.lib(sysctl_a.o)
 .debug_info    0x0001fcb7      0x21b C:/ti/simplelink_msp432p4_sdk_3_40_01_02/source/ti/devices/msp432p4xx/driverlib/ccs/msp432p4xx_driverlib.lib(sysctl_a.o)
 .debug_info    0x0001fed2      0x1c8 C:/ti/simplelink_msp432p4_sdk_3_40_01_02/source/ti/devices/msp432p4xx/driverlib/ccs/msp432p4xx_driverlib.lib(sysctl_a.o)
 .debug_info    0x0002009a      0x1ca C:/ti/simplelink_msp432p4_sdk_3_40_01_02/source/ti/devices/msp432p4xx/driverlib/ccs/msp432p4xx_driverlib.lib(sysctl_a.o)
 .debug_info    0x00020264      0x256 C:/ti/simplelink_msp432p4_sdk_3_40_01_02/source/ti/devices/msp432p4xx/driverlib/ccs/msp432p4xx_driverlib.lib(sysctl_a.o)
 .debug_info    0x000204ba      0x22c C:/ti/simplelink_msp432p4_sdk_3_40_01_02/source/ti/devices/msp432p4xx/driverlib/ccs/msp432p4xx_driverlib.lib(sysctl_a.o)
 .debug_info    0x000206e6      0x22e C:/ti/simplelink_msp432p4_sdk_3_40_01_02/source/ti/devices/msp432p4xx/driverlib/ccs/msp432p4xx_driverlib.lib(sysctl_a.o)
 .debug_info    0x00020914      0x2b0 C:/ti/simplelink_msp432p4_sdk_3_40_01_02/source/ti/devices/msp432p4xx/driverlib/ccs/msp432p4xx_driverlib.lib(sysctl_a.o)
 .debug_info    0x00020bc4      0x2b4 C:/ti/simplelink_msp432p4_sdk_3_40_01_02/source/ti/devices/msp432p4xx/driverlib/ccs/msp432p4xx_driverlib.lib(sysctl_a.o)
 .debug_info    0x00020e78      0xeae C:/ti/simplelink_msp432p4_sdk_3_40_01_02/source/ti/grlib/lib/gcc/m4f\grlib.a(context.obj)
 .debug_info    0x00021d26      0xd03 C:/ti/simplelink_msp432p4_sdk_3_40_01_02/source/ti/grlib/lib/gcc/m4f\grlib.a(display.obj)
 .debug_info    0x00022a29      0x870 C:/ti/simplelink_msp432p4_sdk_3_40_01_02/source/ti/grlib/lib/gcc/m4f\grlib.a(fontfixed6x8.obj)
 .debug_info    0x00023299      0xc6c C:/ti/simplelink_msp432p4_sdk_3_40_01_02/source/ti/grlib/lib/gcc/m4f\grlib.a(rectangle.obj)
 .debug_info    0x00023f05      0xd8a C:/ti/simplelink_msp432p4_sdk_3_40_01_02/source/ti/grlib/lib/gcc/m4f\grlib.a(line.obj)

.debug_abbrev   0x00000000     0x4c4f
 .debug_abbrev  0x00000000      0x105 ./graphics.o
 .debug_abbrev  0x00000105      0x1ce ./main.o
 .debug_abbrev  0x000002d3      0x1f2 ./snake.o
 .debug_abbrev  0x000004c5      0x12f ./system_msp432p401r.o
 .debug_abbrev  0x000005f4      0x1e1 ./LcdDriver/Crystalfontz128x128_ST7735.o
 .debug_abbrev  0x000007d5       0xfc ./LcdDriver/HAL_MSP_EXP432P401R_Crystalfontz128x128_ST7735.o
 .debug_abbrev  0x000008d1       0xc9 ./gcc/startup_msp432p401r_gcc.o
 .debug_abbrev  0x0000099a       0xbb C:/ti/simplelink_msp432p4_sdk_3_40_01_02/source/ti/devices/msp432p4xx/driverlib/ccs/msp432p4xx_driverlib.lib(gpio.o)
 .debug_abbrev  0x00000a55       0x27 C:/ti/simplelink_msp432p4_sdk_3_40_01_02/source/ti/devices/msp432p4xx/driverlib/ccs/msp432p4xx_driverlib.lib(gpio.o)
 .debug_abbrev  0x00000a7c       0x27 C:/ti/simplelink_msp432p4_sdk_3_40_01_02/source/ti/devices/msp432p4xx/driverlib/ccs/msp432p4xx_driverlib.lib(gpio.o)
 .debug_abbrev  0x00000aa3       0x6c C:/ti/simplelink_msp432p4_sdk_3_40_01_02/source/ti/devices/msp432p4xx/driverlib/ccs/msp432p4xx_driverlib.lib(gpio.o)
 .debug_abbrev  0x00000b0f       0x6c C:/ti/simplelink_msp432p4_sdk_3_40_01_02/source/ti/devices/msp432p4xx/driverlib/ccs/msp432p4xx_driverlib.lib(gpio.o)
 .debug_abbrev  0x00000b7b       0x6c C:/ti/simplelink_msp432p4_sdk_3_40_01_02/source/ti/devices/msp432p4xx/driverlib/ccs/msp432p4xx_driverlib.lib(gpio.o)
 .debug_abbrev  0x00000be7       0x6c C:/ti/simplelink_msp432p4_sdk_3_40_01_02/source/ti/devices/msp432p4xx/driverlib/ccs/msp432p4xx_driverlib.lib(gpio.o)
 .debug_abbrev  0x00000c53       0x6c C:/ti/simplelink_msp432p4_sdk_3_40_01_02/source/ti/devices/msp432p4xx/driverlib/ccs/msp432p4xx_driverlib.lib(gpio.o)
 .debug_abbrev  0x00000cbf       0x6c C:/ti/simplelink_msp432p4_sdk_3_40_01_02/source/ti/devices/msp432p4xx/driverlib/ccs/msp432p4xx_driverlib.lib(gpio.o)
 .debug_abbrev  0x00000d2b       0x6c C:/ti/simplelink_msp432p4_sdk_3_40_01_02/source/ti/devices/msp432p4xx/driverlib/ccs/msp432p4xx_driverlib.lib(gpio.o)
 .debug_abbrev  0x00000d97       0x6c C:/ti/simplelink_msp432p4_sdk_3_40_01_02/source/ti/devices/msp432p4xx/driverlib/ccs/msp432p4xx_driverlib.lib(gpio.o)
 .debug_abbrev  0x00000e03       0x6c C:/ti/simplelink_msp432p4_sdk_3_40_01_02/source/ti/devices/msp432p4xx/driverlib/ccs/msp432p4xx_driverlib.lib(gpio.o)
 .debug_abbrev  0x00000e6f       0x6e C:/ti/simplelink_msp432p4_sdk_3_40_01_02/source/ti/devices/msp432p4xx/driverlib/ccs/msp432p4xx_driverlib.lib(gpio.o)
 .debug_abbrev  0x00000edd       0x6c C:/ti/simplelink_msp432p4_sdk_3_40_01_02/source/ti/devices/msp432p4xx/driverlib/ccs/msp432p4xx_driverlib.lib(gpio.o)
 .debug_abbrev  0x00000f49       0x6c C:/ti/simplelink_msp432p4_sdk_3_40_01_02/source/ti/devices/msp432p4xx/driverlib/ccs/msp432p4xx_driverlib.lib(gpio.o)
 .debug_abbrev  0x00000fb5       0x6e C:/ti/simplelink_msp432p4_sdk_3_40_01_02/source/ti/devices/msp432p4xx/driverlib/ccs/msp432p4xx_driverlib.lib(gpio.o)
 .debug_abbrev  0x00001023       0x6c C:/ti/simplelink_msp432p4_sdk_3_40_01_02/source/ti/devices/msp432p4xx/driverlib/ccs/msp432p4xx_driverlib.lib(gpio.o)
 .debug_abbrev  0x0000108f       0x6c C:/ti/simplelink_msp432p4_sdk_3_40_01_02/source/ti/devices/msp432p4xx/driverlib/ccs/msp432p4xx_driverlib.lib(gpio.o)
 .debug_abbrev  0x000010fb       0x7c C:/ti/simplelink_msp432p4_sdk_3_40_01_02/source/ti/devices/msp432p4xx/driverlib/ccs/msp432p4xx_driverlib.lib(gpio.o)
 .debug_abbrev  0x00001177       0x6c C:/ti/simplelink_msp432p4_sdk_3_40_01_02/source/ti/devices/msp432p4xx/driverlib/ccs/msp432p4xx_driverlib.lib(gpio.o)
 .debug_abbrev  0x000011e3       0x6c C:/ti/simplelink_msp432p4_sdk_3_40_01_02/source/ti/devices/msp432p4xx/driverlib/ccs/msp432p4xx_driverlib.lib(gpio.o)
 .debug_abbrev  0x0000124f       0x7a C:/ti/simplelink_msp432p4_sdk_3_40_01_02/source/ti/devices/msp432p4xx/driverlib/ccs/msp432p4xx_driverlib.lib(gpio.o)
 .debug_abbrev  0x000012c9       0x7a C:/ti/simplelink_msp432p4_sdk_3_40_01_02/source/ti/devices/msp432p4xx/driverlib/ccs/msp432p4xx_driverlib.lib(gpio.o)
 .debug_abbrev  0x00001343       0x69 C:/ti/simplelink_msp432p4_sdk_3_40_01_02/source/ti/devices/msp432p4xx/driverlib/ccs/msp432p4xx_driverlib.lib(gpio.o)
 .debug_abbrev  0x000013ac       0x97 C:/ti/simplelink_msp432p4_sdk_3_40_01_02/source/ti/devices/msp432p4xx/driverlib/ccs/msp432p4xx_driverlib.lib(gpio.o)
 .debug_abbrev  0x00001443       0x49 C:/ti/simplelink_msp432p4_sdk_3_40_01_02/source/ti/devices/msp432p4xx/driverlib/ccs/msp432p4xx_driverlib.lib(gpio.o)
 .debug_abbrev  0x0000148c       0xbd C:/ti/simplelink_msp432p4_sdk_3_40_01_02/source/ti/devices/msp432p4xx/driverlib/ccs/msp432p4xx_driverlib.lib(gpio.o)
 .debug_abbrev  0x00001549       0x3a C:/ti/simplelink_msp432p4_sdk_3_40_01_02/source/ti/devices/msp432p4xx/driverlib/ccs/msp432p4xx_driverlib.lib(gpio.o)
 .debug_abbrev  0x00001583       0x1f C:/ti/simplelink_msp432p4_sdk_3_40_01_02/source/ti/devices/msp432p4xx/driverlib/ccs/msp432p4xx_driverlib.lib(gpio.o)
 .debug_abbrev  0x000015a2       0x5c C:/ti/simplelink_msp432p4_sdk_3_40_01_02/source/ti/devices/msp432p4xx/driverlib/ccs/msp432p4xx_driverlib.lib(gpio.o)
 .debug_abbrev  0x000015fe       0x24 C:/ti/simplelink_msp432p4_sdk_3_40_01_02/source/ti/devices/msp432p4xx/driverlib/ccs/msp432p4xx_driverlib.lib(gpio.o)
 .debug_abbrev  0x00001622       0x24 C:/ti/simplelink_msp432p4_sdk_3_40_01_02/source/ti/devices/msp432p4xx/driverlib/ccs/msp432p4xx_driverlib.lib(gpio.o)
 .debug_abbrev  0x00001646       0xb4 C:/ti/simplelink_msp432p4_sdk_3_40_01_02/source/ti/devices/msp432p4xx/driverlib/ccs/msp432p4xx_driverlib.lib(interrupt.o)
 .debug_abbrev  0x000016fa       0x27 C:/ti/simplelink_msp432p4_sdk_3_40_01_02/source/ti/devices/msp432p4xx/driverlib/ccs/msp432p4xx_driverlib.lib(interrupt.o)
 .debug_abbrev  0x00001721       0x27 C:/ti/simplelink_msp432p4_sdk_3_40_01_02/source/ti/devices/msp432p4xx/driverlib/ccs/msp432p4xx_driverlib.lib(interrupt.o)
 .debug_abbrev  0x00001748       0x27 C:/ti/simplelink_msp432p4_sdk_3_40_01_02/source/ti/devices/msp432p4xx/driverlib/ccs/msp432p4xx_driverlib.lib(interrupt.o)
 .debug_abbrev  0x0000176f       0x27 C:/ti/simplelink_msp432p4_sdk_3_40_01_02/source/ti/devices/msp432p4xx/driverlib/ccs/msp432p4xx_driverlib.lib(interrupt.o)
 .debug_abbrev  0x00001796       0x27 C:/ti/simplelink_msp432p4_sdk_3_40_01_02/source/ti/devices/msp432p4xx/driverlib/ccs/msp432p4xx_driverlib.lib(interrupt.o)
 .debug_abbrev  0x000017bd       0x27 C:/ti/simplelink_msp432p4_sdk_3_40_01_02/source/ti/devices/msp432p4xx/driverlib/ccs/msp432p4xx_driverlib.lib(interrupt.o)
 .debug_abbrev  0x000017e4       0x29 C:/ti/simplelink_msp432p4_sdk_3_40_01_02/source/ti/devices/msp432p4xx/driverlib/ccs/msp432p4xx_driverlib.lib(interrupt.o)
 .debug_abbrev  0x0000180d       0x40 C:/ti/simplelink_msp432p4_sdk_3_40_01_02/source/ti/devices/msp432p4xx/driverlib/ccs/msp432p4xx_driverlib.lib(interrupt.o)
 .debug_abbrev  0x0000184d       0x60 C:/ti/simplelink_msp432p4_sdk_3_40_01_02/source/ti/devices/msp432p4xx/driverlib/ccs/msp432p4xx_driverlib.lib(interrupt.o)
 .debug_abbrev  0x000018ad       0x60 C:/ti/simplelink_msp432p4_sdk_3_40_01_02/source/ti/devices/msp432p4xx/driverlib/ccs/msp432p4xx_driverlib.lib(interrupt.o)
 .debug_abbrev  0x0000190d       0x6c C:/ti/simplelink_msp432p4_sdk_3_40_01_02/source/ti/devices/msp432p4xx/driverlib/ccs/msp432p4xx_driverlib.lib(interrupt.o)
 .debug_abbrev  0x00001979       0x6c C:/ti/simplelink_msp432p4_sdk_3_40_01_02/source/ti/devices/msp432p4xx/driverlib/ccs/msp432p4xx_driverlib.lib(interrupt.o)
 .debug_abbrev  0x000019e5       0x6c C:/ti/simplelink_msp432p4_sdk_3_40_01_02/source/ti/devices/msp432p4xx/driverlib/ccs/msp432p4xx_driverlib.lib(interrupt.o)
 .debug_abbrev  0x00001a51       0x60 C:/ti/simplelink_msp432p4_sdk_3_40_01_02/source/ti/devices/msp432p4xx/driverlib/ccs/msp432p4xx_driverlib.lib(interrupt.o)
 .debug_abbrev  0x00001ab1       0x6c C:/ti/simplelink_msp432p4_sdk_3_40_01_02/source/ti/devices/msp432p4xx/driverlib/ccs/msp432p4xx_driverlib.lib(interrupt.o)
 .debug_abbrev  0x00001b1d       0x6e C:/ti/simplelink_msp432p4_sdk_3_40_01_02/source/ti/devices/msp432p4xx/driverlib/ccs/msp432p4xx_driverlib.lib(interrupt.o)
 .debug_abbrev  0x00001b8b       0x6c C:/ti/simplelink_msp432p4_sdk_3_40_01_02/source/ti/devices/msp432p4xx/driverlib/ccs/msp432p4xx_driverlib.lib(interrupt.o)
 .debug_abbrev  0x00001bf7       0x6c C:/ti/simplelink_msp432p4_sdk_3_40_01_02/source/ti/devices/msp432p4xx/driverlib/ccs/msp432p4xx_driverlib.lib(interrupt.o)
 .debug_abbrev  0x00001c63       0x6e C:/ti/simplelink_msp432p4_sdk_3_40_01_02/source/ti/devices/msp432p4xx/driverlib/ccs/msp432p4xx_driverlib.lib(interrupt.o)
 .debug_abbrev  0x00001cd1       0x6c C:/ti/simplelink_msp432p4_sdk_3_40_01_02/source/ti/devices/msp432p4xx/driverlib/ccs/msp432p4xx_driverlib.lib(interrupt.o)
 .debug_abbrev  0x00001d3d       0x6c C:/ti/simplelink_msp432p4_sdk_3_40_01_02/source/ti/devices/msp432p4xx/driverlib/ccs/msp432p4xx_driverlib.lib(interrupt.o)
 .debug_abbrev  0x00001da9       0x7a C:/ti/simplelink_msp432p4_sdk_3_40_01_02/source/ti/devices/msp432p4xx/driverlib/ccs/msp432p4xx_driverlib.lib(interrupt.o)
 .debug_abbrev  0x00001e23       0x60 C:/ti/simplelink_msp432p4_sdk_3_40_01_02/source/ti/devices/msp432p4xx/driverlib/ccs/msp432p4xx_driverlib.lib(interrupt.o)
 .debug_abbrev  0x00001e83       0x6c C:/ti/simplelink_msp432p4_sdk_3_40_01_02/source/ti/devices/msp432p4xx/driverlib/ccs/msp432p4xx_driverlib.lib(interrupt.o)
 .debug_abbrev  0x00001eef       0x52 C:/ti/simplelink_msp432p4_sdk_3_40_01_02/source/ti/devices/msp432p4xx/driverlib/ccs/msp432p4xx_driverlib.lib(interrupt.o)
 .debug_abbrev  0x00001f41       0x50 C:/ti/simplelink_msp432p4_sdk_3_40_01_02/source/ti/devices/msp432p4xx/driverlib/ccs/msp432p4xx_driverlib.lib(interrupt.o)
 .debug_abbrev  0x00001f91       0x50 C:/ti/simplelink_msp432p4_sdk_3_40_01_02/source/ti/devices/msp432p4xx/driverlib/ccs/msp432p4xx_driverlib.lib(interrupt.o)
 .debug_abbrev  0x00001fe1       0x1f C:/ti/simplelink_msp432p4_sdk_3_40_01_02/source/ti/devices/msp432p4xx/driverlib/ccs/msp432p4xx_driverlib.lib(interrupt.o)
 .debug_abbrev  0x00002000       0xbb C:/ti/simplelink_msp432p4_sdk_3_40_01_02/source/ti/devices/msp432p4xx/driverlib/ccs/msp432p4xx_driverlib.lib(spi.o)
 .debug_abbrev  0x000020bb       0x6c C:/ti/simplelink_msp432p4_sdk_3_40_01_02/source/ti/devices/msp432p4xx/driverlib/ccs/msp432p4xx_driverlib.lib(spi.o)
 .debug_abbrev  0x00002127       0x7c C:/ti/simplelink_msp432p4_sdk_3_40_01_02/source/ti/devices/msp432p4xx/driverlib/ccs/msp432p4xx_driverlib.lib(spi.o)
 .debug_abbrev  0x000021a3       0x7a C:/ti/simplelink_msp432p4_sdk_3_40_01_02/source/ti/devices/msp432p4xx/driverlib/ccs/msp432p4xx_driverlib.lib(spi.o)
 .debug_abbrev  0x0000221d       0x7a C:/ti/simplelink_msp432p4_sdk_3_40_01_02/source/ti/devices/msp432p4xx/driverlib/ccs/msp432p4xx_driverlib.lib(spi.o)
 .debug_abbrev  0x00002297       0x7c C:/ti/simplelink_msp432p4_sdk_3_40_01_02/source/ti/devices/msp432p4xx/driverlib/ccs/msp432p4xx_driverlib.lib(spi.o)
 .debug_abbrev  0x00002313       0x7a C:/ti/simplelink_msp432p4_sdk_3_40_01_02/source/ti/devices/msp432p4xx/driverlib/ccs/msp432p4xx_driverlib.lib(spi.o)
 .debug_abbrev  0x0000238d       0x7a C:/ti/simplelink_msp432p4_sdk_3_40_01_02/source/ti/devices/msp432p4xx/driverlib/ccs/msp432p4xx_driverlib.lib(spi.o)
 .debug_abbrev  0x00002407       0x7c C:/ti/simplelink_msp432p4_sdk_3_40_01_02/source/ti/devices/msp432p4xx/driverlib/ccs/msp432p4xx_driverlib.lib(spi.o)
 .debug_abbrev  0x00002483       0x7a C:/ti/simplelink_msp432p4_sdk_3_40_01_02/source/ti/devices/msp432p4xx/driverlib/ccs/msp432p4xx_driverlib.lib(spi.o)
 .debug_abbrev  0x000024fd       0x7a C:/ti/simplelink_msp432p4_sdk_3_40_01_02/source/ti/devices/msp432p4xx/driverlib/ccs/msp432p4xx_driverlib.lib(spi.o)
 .debug_abbrev  0x00002577       0x7c C:/ti/simplelink_msp432p4_sdk_3_40_01_02/source/ti/devices/msp432p4xx/driverlib/ccs/msp432p4xx_driverlib.lib(spi.o)
 .debug_abbrev  0x000025f3       0x7c C:/ti/simplelink_msp432p4_sdk_3_40_01_02/source/ti/devices/msp432p4xx/driverlib/ccs/msp432p4xx_driverlib.lib(spi.o)
 .debug_abbrev  0x0000266f       0x7c C:/ti/simplelink_msp432p4_sdk_3_40_01_02/source/ti/devices/msp432p4xx/driverlib/ccs/msp432p4xx_driverlib.lib(spi.o)
 .debug_abbrev  0x000026eb       0x7a C:/ti/simplelink_msp432p4_sdk_3_40_01_02/source/ti/devices/msp432p4xx/driverlib/ccs/msp432p4xx_driverlib.lib(spi.o)
 .debug_abbrev  0x00002765       0x7a C:/ti/simplelink_msp432p4_sdk_3_40_01_02/source/ti/devices/msp432p4xx/driverlib/ccs/msp432p4xx_driverlib.lib(spi.o)
 .debug_abbrev  0x000027df       0x7c C:/ti/simplelink_msp432p4_sdk_3_40_01_02/source/ti/devices/msp432p4xx/driverlib/ccs/msp432p4xx_driverlib.lib(spi.o)
 .debug_abbrev  0x0000285b       0x7c C:/ti/simplelink_msp432p4_sdk_3_40_01_02/source/ti/devices/msp432p4xx/driverlib/ccs/msp432p4xx_driverlib.lib(spi.o)
 .debug_abbrev  0x000028d7       0x7a C:/ti/simplelink_msp432p4_sdk_3_40_01_02/source/ti/devices/msp432p4xx/driverlib/ccs/msp432p4xx_driverlib.lib(spi.o)
 .debug_abbrev  0x00002951       0x7a C:/ti/simplelink_msp432p4_sdk_3_40_01_02/source/ti/devices/msp432p4xx/driverlib/ccs/msp432p4xx_driverlib.lib(spi.o)
 .debug_abbrev  0x000029cb       0x7a C:/ti/simplelink_msp432p4_sdk_3_40_01_02/source/ti/devices/msp432p4xx/driverlib/ccs/msp432p4xx_driverlib.lib(spi.o)
 .debug_abbrev  0x00002a45       0x6c C:/ti/simplelink_msp432p4_sdk_3_40_01_02/source/ti/devices/msp432p4xx/driverlib/ccs/msp432p4xx_driverlib.lib(spi.o)
 .debug_abbrev  0x00002ab1       0x6c C:/ti/simplelink_msp432p4_sdk_3_40_01_02/source/ti/devices/msp432p4xx/driverlib/ccs/msp432p4xx_driverlib.lib(spi.o)
 .debug_abbrev  0x00002b1d       0x6e C:/ti/simplelink_msp432p4_sdk_3_40_01_02/source/ti/devices/msp432p4xx/driverlib/ccs/msp432p4xx_driverlib.lib(spi.o)
 .debug_abbrev  0x00002b8b       0x6c C:/ti/simplelink_msp432p4_sdk_3_40_01_02/source/ti/devices/msp432p4xx/driverlib/ccs/msp432p4xx_driverlib.lib(spi.o)
 .debug_abbrev  0x00002bf7       0x6c C:/ti/simplelink_msp432p4_sdk_3_40_01_02/source/ti/devices/msp432p4xx/driverlib/ccs/msp432p4xx_driverlib.lib(spi.o)
 .debug_abbrev  0x00002c63       0x6e C:/ti/simplelink_msp432p4_sdk_3_40_01_02/source/ti/devices/msp432p4xx/driverlib/ccs/msp432p4xx_driverlib.lib(spi.o)
 .debug_abbrev  0x00002cd1       0x6c C:/ti/simplelink_msp432p4_sdk_3_40_01_02/source/ti/devices/msp432p4xx/driverlib/ccs/msp432p4xx_driverlib.lib(spi.o)
 .debug_abbrev  0x00002d3d       0x6c C:/ti/simplelink_msp432p4_sdk_3_40_01_02/source/ti/devices/msp432p4xx/driverlib/ccs/msp432p4xx_driverlib.lib(spi.o)
 .debug_abbrev  0x00002da9       0x6e C:/ti/simplelink_msp432p4_sdk_3_40_01_02/source/ti/devices/msp432p4xx/driverlib/ccs/msp432p4xx_driverlib.lib(spi.o)
 .debug_abbrev  0x00002e17       0x6c C:/ti/simplelink_msp432p4_sdk_3_40_01_02/source/ti/devices/msp432p4xx/driverlib/ccs/msp432p4xx_driverlib.lib(spi.o)
 .debug_abbrev  0x00002e83       0x6c C:/ti/simplelink_msp432p4_sdk_3_40_01_02/source/ti/devices/msp432p4xx/driverlib/ccs/msp432p4xx_driverlib.lib(spi.o)
 .debug_abbrev  0x00002eef       0x6c C:/ti/simplelink_msp432p4_sdk_3_40_01_02/source/ti/devices/msp432p4xx/driverlib/ccs/msp432p4xx_driverlib.lib(spi.o)
 .debug_abbrev  0x00002f5b       0x6e C:/ti/simplelink_msp432p4_sdk_3_40_01_02/source/ti/devices/msp432p4xx/driverlib/ccs/msp432p4xx_driverlib.lib(spi.o)
 .debug_abbrev  0x00002fc9       0x6e C:/ti/simplelink_msp432p4_sdk_3_40_01_02/source/ti/devices/msp432p4xx/driverlib/ccs/msp432p4xx_driverlib.lib(spi.o)
 .debug_abbrev  0x00003037       0x6e C:/ti/simplelink_msp432p4_sdk_3_40_01_02/source/ti/devices/msp432p4xx/driverlib/ccs/msp432p4xx_driverlib.lib(spi.o)
 .debug_abbrev  0x000030a5       0x6c C:/ti/simplelink_msp432p4_sdk_3_40_01_02/source/ti/devices/msp432p4xx/driverlib/ccs/msp432p4xx_driverlib.lib(spi.o)
 .debug_abbrev  0x00003111       0x6c C:/ti/simplelink_msp432p4_sdk_3_40_01_02/source/ti/devices/msp432p4xx/driverlib/ccs/msp432p4xx_driverlib.lib(spi.o)
 .debug_abbrev  0x0000317d       0x6e C:/ti/simplelink_msp432p4_sdk_3_40_01_02/source/ti/devices/msp432p4xx/driverlib/ccs/msp432p4xx_driverlib.lib(spi.o)
 .debug_abbrev  0x000031eb       0x6c C:/ti/simplelink_msp432p4_sdk_3_40_01_02/source/ti/devices/msp432p4xx/driverlib/ccs/msp432p4xx_driverlib.lib(spi.o)
 .debug_abbrev  0x00003257       0x6c C:/ti/simplelink_msp432p4_sdk_3_40_01_02/source/ti/devices/msp432p4xx/driverlib/ccs/msp432p4xx_driverlib.lib(spi.o)
 .debug_abbrev  0x000032c3       0x6e C:/ti/simplelink_msp432p4_sdk_3_40_01_02/source/ti/devices/msp432p4xx/driverlib/ccs/msp432p4xx_driverlib.lib(spi.o)
 .debug_abbrev  0x00003331       0x6c C:/ti/simplelink_msp432p4_sdk_3_40_01_02/source/ti/devices/msp432p4xx/driverlib/ccs/msp432p4xx_driverlib.lib(spi.o)
 .debug_abbrev  0x0000339d       0x6c C:/ti/simplelink_msp432p4_sdk_3_40_01_02/source/ti/devices/msp432p4xx/driverlib/ccs/msp432p4xx_driverlib.lib(spi.o)
 .debug_abbrev  0x00003409       0x6e C:/ti/simplelink_msp432p4_sdk_3_40_01_02/source/ti/devices/msp432p4xx/driverlib/ccs/msp432p4xx_driverlib.lib(spi.o)
 .debug_abbrev  0x00003477       0x6c C:/ti/simplelink_msp432p4_sdk_3_40_01_02/source/ti/devices/msp432p4xx/driverlib/ccs/msp432p4xx_driverlib.lib(spi.o)
 .debug_abbrev  0x000034e3       0x6c C:/ti/simplelink_msp432p4_sdk_3_40_01_02/source/ti/devices/msp432p4xx/driverlib/ccs/msp432p4xx_driverlib.lib(spi.o)
 .debug_abbrev  0x0000354f       0x6c C:/ti/simplelink_msp432p4_sdk_3_40_01_02/source/ti/devices/msp432p4xx/driverlib/ccs/msp432p4xx_driverlib.lib(spi.o)
 .debug_abbrev  0x000035bb       0x6e C:/ti/simplelink_msp432p4_sdk_3_40_01_02/source/ti/devices/msp432p4xx/driverlib/ccs/msp432p4xx_driverlib.lib(spi.o)
 .debug_abbrev  0x00003629       0x6e C:/ti/simplelink_msp432p4_sdk_3_40_01_02/source/ti/devices/msp432p4xx/driverlib/ccs/msp432p4xx_driverlib.lib(spi.o)
 .debug_abbrev  0x00003697       0x6e C:/ti/simplelink_msp432p4_sdk_3_40_01_02/source/ti/devices/msp432p4xx/driverlib/ccs/msp432p4xx_driverlib.lib(spi.o)
 .debug_abbrev  0x00003705       0x4b C:/ti/simplelink_msp432p4_sdk_3_40_01_02/source/ti/devices/msp432p4xx/driverlib/ccs/msp432p4xx_driverlib.lib(spi.o)
 .debug_abbrev  0x00003750       0xbb C:/ti/simplelink_msp432p4_sdk_3_40_01_02/source/ti/devices/msp432p4xx/driverlib/ccs/msp432p4xx_driverlib.lib(wdt_a.o)
 .debug_abbrev  0x0000380b       0x5e C:/ti/simplelink_msp432p4_sdk_3_40_01_02/source/ti/devices/msp432p4xx/driverlib/ccs/msp432p4xx_driverlib.lib(wdt_a.o)
 .debug_abbrev  0x00003869       0x5e C:/ti/simplelink_msp432p4_sdk_3_40_01_02/source/ti/devices/msp432p4xx/driverlib/ccs/msp432p4xx_driverlib.lib(wdt_a.o)
 .debug_abbrev  0x000038c7       0x5e C:/ti/simplelink_msp432p4_sdk_3_40_01_02/source/ti/devices/msp432p4xx/driverlib/ccs/msp432p4xx_driverlib.lib(wdt_a.o)
 .debug_abbrev  0x00003925       0x6c C:/ti/simplelink_msp432p4_sdk_3_40_01_02/source/ti/devices/msp432p4xx/driverlib/ccs/msp432p4xx_driverlib.lib(wdt_a.o)
 .debug_abbrev  0x00003991       0x6c C:/ti/simplelink_msp432p4_sdk_3_40_01_02/source/ti/devices/msp432p4xx/driverlib/ccs/msp432p4xx_driverlib.lib(wdt_a.o)
 .debug_abbrev  0x000039fd       0x7a C:/ti/simplelink_msp432p4_sdk_3_40_01_02/source/ti/devices/msp432p4xx/driverlib/ccs/msp432p4xx_driverlib.lib(wdt_a.o)
 .debug_abbrev  0x00003a77       0x7a C:/ti/simplelink_msp432p4_sdk_3_40_01_02/source/ti/devices/msp432p4xx/driverlib/ccs/msp432p4xx_driverlib.lib(wdt_a.o)
 .debug_abbrev  0x00003af1       0x7a C:/ti/simplelink_msp432p4_sdk_3_40_01_02/source/ti/devices/msp432p4xx/driverlib/ccs/msp432p4xx_driverlib.lib(wdt_a.o)
 .debug_abbrev  0x00003b6b       0x5e C:/ti/simplelink_msp432p4_sdk_3_40_01_02/source/ti/devices/msp432p4xx/driverlib/ccs/msp432p4xx_driverlib.lib(wdt_a.o)
 .debug_abbrev  0x00003bc9       0x49 C:/ti/simplelink_msp432p4_sdk_3_40_01_02/source/ti/devices/msp432p4xx/driverlib/ccs/msp432p4xx_driverlib.lib(wdt_a.o)
 .debug_abbrev  0x00003c12       0x71 C:/ti/simplelink_msp432p4_sdk_3_40_01_02/source/ti/devices/msp432p4xx/driverlib/ccs/msp432p4xx_driverlib.lib(cpu.o)
 .debug_abbrev  0x00003c83       0x52 C:/ti/simplelink_msp432p4_sdk_3_40_01_02/source/ti/devices/msp432p4xx/driverlib/ccs/msp432p4xx_driverlib.lib(cpu.o)
 .debug_abbrev  0x00003cd5       0x52 C:/ti/simplelink_msp432p4_sdk_3_40_01_02/source/ti/devices/msp432p4xx/driverlib/ccs/msp432p4xx_driverlib.lib(cpu.o)
 .debug_abbrev  0x00003d27       0x52 C:/ti/simplelink_msp432p4_sdk_3_40_01_02/source/ti/devices/msp432p4xx/driverlib/ccs/msp432p4xx_driverlib.lib(cpu.o)
 .debug_abbrev  0x00003d79       0x50 C:/ti/simplelink_msp432p4_sdk_3_40_01_02/source/ti/devices/msp432p4xx/driverlib/ccs/msp432p4xx_driverlib.lib(cpu.o)
 .debug_abbrev  0x00003dc9       0x6c C:/ti/simplelink_msp432p4_sdk_3_40_01_02/source/ti/devices/msp432p4xx/driverlib/ccs/msp432p4xx_driverlib.lib(cpu.o)
 .debug_abbrev  0x00003e35       0x52 C:/ti/simplelink_msp432p4_sdk_3_40_01_02/source/ti/devices/msp432p4xx/driverlib/ccs/msp432p4xx_driverlib.lib(cpu.o)
 .debug_abbrev  0x00003e87       0x7a C:/ti/simplelink_msp432p4_sdk_3_40_01_02/source/ti/devices/msp432p4xx/driverlib/ccs/msp432p4xx_driverlib.lib(sysctl_a.o)
 .debug_abbrev  0x00003f01       0x6c C:/ti/simplelink_msp432p4_sdk_3_40_01_02/source/ti/devices/msp432p4xx/driverlib/ccs/msp432p4xx_driverlib.lib(sysctl_a.o)
 .debug_abbrev  0x00003f6d       0x52 C:/ti/simplelink_msp432p4_sdk_3_40_01_02/source/ti/devices/msp432p4xx/driverlib/ccs/msp432p4xx_driverlib.lib(sysctl_a.o)
 .debug_abbrev  0x00003fbf       0x52 C:/ti/simplelink_msp432p4_sdk_3_40_01_02/source/ti/devices/msp432p4xx/driverlib/ccs/msp432p4xx_driverlib.lib(sysctl_a.o)
 .debug_abbrev  0x00004011       0x52 C:/ti/simplelink_msp432p4_sdk_3_40_01_02/source/ti/devices/msp432p4xx/driverlib/ccs/msp432p4xx_driverlib.lib(sysctl_a.o)
 .debug_abbrev  0x00004063       0x6c C:/ti/simplelink_msp432p4_sdk_3_40_01_02/source/ti/devices/msp432p4xx/driverlib/ccs/msp432p4xx_driverlib.lib(sysctl_a.o)
 .debug_abbrev  0x000040cf       0x6c C:/ti/simplelink_msp432p4_sdk_3_40_01_02/source/ti/devices/msp432p4xx/driverlib/ccs/msp432p4xx_driverlib.lib(sysctl_a.o)
 .debug_abbrev  0x0000413b       0x52 C:/ti/simplelink_msp432p4_sdk_3_40_01_02/source/ti/devices/msp432p4xx/driverlib/ccs/msp432p4xx_driverlib.lib(sysctl_a.o)
 .debug_abbrev  0x0000418d       0x50 C:/ti/simplelink_msp432p4_sdk_3_40_01_02/source/ti/devices/msp432p4xx/driverlib/ccs/msp432p4xx_driverlib.lib(sysctl_a.o)
 .debug_abbrev  0x000041dd       0x6c C:/ti/simplelink_msp432p4_sdk_3_40_01_02/source/ti/devices/msp432p4xx/driverlib/ccs/msp432p4xx_driverlib.lib(sysctl_a.o)
 .debug_abbrev  0x00004249       0x6c C:/ti/simplelink_msp432p4_sdk_3_40_01_02/source/ti/devices/msp432p4xx/driverlib/ccs/msp432p4xx_driverlib.lib(sysctl_a.o)
 .debug_abbrev  0x000042b5       0x6c C:/ti/simplelink_msp432p4_sdk_3_40_01_02/source/ti/devices/msp432p4xx/driverlib/ccs/msp432p4xx_driverlib.lib(sysctl_a.o)
 .debug_abbrev  0x00004321       0x6c C:/ti/simplelink_msp432p4_sdk_3_40_01_02/source/ti/devices/msp432p4xx/driverlib/ccs/msp432p4xx_driverlib.lib(sysctl_a.o)
 .debug_abbrev  0x0000438d       0x50 C:/ti/simplelink_msp432p4_sdk_3_40_01_02/source/ti/devices/msp432p4xx/driverlib/ccs/msp432p4xx_driverlib.lib(sysctl_a.o)
 .debug_abbrev  0x000043dd       0x50 C:/ti/simplelink_msp432p4_sdk_3_40_01_02/source/ti/devices/msp432p4xx/driverlib/ccs/msp432p4xx_driverlib.lib(sysctl_a.o)
 .debug_abbrev  0x0000442d       0x6e C:/ti/simplelink_msp432p4_sdk_3_40_01_02/source/ti/devices/msp432p4xx/driverlib/ccs/msp432p4xx_driverlib.lib(sysctl_a.o)
 .debug_abbrev  0x0000449b       0x7c C:/ti/simplelink_msp432p4_sdk_3_40_01_02/source/ti/devices/msp432p4xx/driverlib/ccs/msp432p4xx_driverlib.lib(sysctl_a.o)
 .debug_abbrev  0x00004517       0x7c C:/ti/simplelink_msp432p4_sdk_3_40_01_02/source/ti/devices/msp432p4xx/driverlib/ccs/msp432p4xx_driverlib.lib(sysctl_a.o)
 .debug_abbrev  0x00004593       0x7c C:/ti/simplelink_msp432p4_sdk_3_40_01_02/source/ti/devices/msp432p4xx/driverlib/ccs/msp432p4xx_driverlib.lib(sysctl_a.o)
 .debug_abbrev  0x0000460f       0x7c C:/ti/simplelink_msp432p4_sdk_3_40_01_02/source/ti/devices/msp432p4xx/driverlib/ccs/msp432p4xx_driverlib.lib(sysctl_a.o)
 .debug_abbrev  0x0000468b      0x146 C:/ti/simplelink_msp432p4_sdk_3_40_01_02/source/ti/grlib/lib/gcc/m4f\grlib.a(context.obj)
 .debug_abbrev  0x000047d1      0x10d C:/ti/simplelink_msp432p4_sdk_3_40_01_02/source/ti/grlib/lib/gcc/m4f\grlib.a(display.obj)
 .debug_abbrev  0x000048de       0xa9 C:/ti/simplelink_msp432p4_sdk_3_40_01_02/source/ti/grlib/lib/gcc/m4f\grlib.a(fontfixed6x8.obj)
 .debug_abbrev  0x00004987      0x144 C:/ti/simplelink_msp432p4_sdk_3_40_01_02/source/ti/grlib/lib/gcc/m4f\grlib.a(rectangle.obj)
 .debug_abbrev  0x00004acb      0x184 C:/ti/simplelink_msp432p4_sdk_3_40_01_02/source/ti/grlib/lib/gcc/m4f\grlib.a(line.obj)

.debug_aranges  0x00000000     0x1290
 .debug_aranges
                0x00000000       0x20 ./graphics.o
 .debug_aranges
                0x00000020       0x30 ./main.o
 .debug_aranges
                0x00000050       0x30 ./snake.o
 .debug_aranges
                0x00000080       0x28 ./system_msp432p401r.o
 .debug_aranges
                0x000000a8       0x70 ./LcdDriver/Crystalfontz128x128_ST7735.o
 .debug_aranges
                0x00000118       0x40 ./LcdDriver/HAL_MSP_EXP432P401R_Crystalfontz128x128_ST7735.o
 .debug_aranges
                0x00000158       0x28 ./gcc/startup_msp432p401r_gcc.o
 .debug_aranges
                0x00000180       0x20 C:/ti/simplelink_msp432p4_sdk_3_40_01_02/source/ti/devices/msp432p4xx/driverlib/ccs/msp432p4xx_driverlib.lib(gpio.o)
 .debug_aranges